          <idle>-0       [001] d..2.  9079.490948: sched_switch: prev_comm=swapper/1 prev_pid=0 prev_prio=120 prev_state=R ==> next_comm=kworker/1:1 next_pid=2375 next_prio=120
     kworker/1:1-2375    [001] .....  9079.490965: workqueue_execute_end: work struct 00000000986d6f52: function phy_state_machine
     kworker/1:1-2375    [001] d..2.  9079.490977: sched_switch: prev_comm=kworker/1:1 prev_pid=2375 prev_prio=120 prev_state=I ==> next_comm=swapper/1 next_pid=0 next_prio=120
          <idle>-0       [000] d.h1.  9079.494658: irq_handler_entry: irq=11 name=arch_timer
          <idle>-0       [000] d.h1.  9079.494666: irq_handler_exit: irq=11 ret=handled
          <idle>-0       [002] d.h1.  9079.522654: irq_handler_entry: irq=11 name=arch_timer
          <idle>-0       [002] d.h1.  9079.522670: irq_handler_exit: irq=11 ret=handled
          <idle>-0       [002] dNs5.  9079.522682: sched_wakeup: comm=kworker/2:1 pid=2371 prio=120 target_cpu=002
          <idle>-0       [002] d..2.  9079.522706: sched_switch: prev_comm=swapper/2 prev_pid=0 prev_prio=120 prev_state=R ==> next_comm=kworker/2:1 next_pid=2371 next_prio=120
     kworker/2:1-2371    [002] .....  9079.522715: workqueue_execute_start: work struct 00000000727017dd: function mmc_rescan
          <idle>-0       [000] d.h1.  9079.522750: irq_handler_entry: irq=37 name=mmc1
          <idle>-0       [000] d.h1.  9079.522752: irq_handler_exit: irq=37 ret=unhandled
          <idle>-0       [000] d.h1.  9079.522753: irq_handler_entry: irq=37 name=mmc0
     kworker/2:1-2371    [002] d..2.  9079.522756: sched_switch: prev_comm=kworker/2:1 prev_pid=2371 prev_prio=120 prev_state=D ==> next_comm=swapper/2 next_pid=0 next_prio=120
          <idle>-0       [000] d.h1.  9079.522765: irq_handler_exit: irq=37 ret=handled
          <idle>-0       [002] d.h1.  9079.522768: irq_handler_entry: irq=2 name=IPI
          <idle>-0       [002] dNh2.  9079.522773: sched_wakeup: comm=kworker/2:1 pid=2371 prio=120 target_cpu=002
          <idle>-0       [002] dNh1.  9079.522775: irq_handler_exit: irq=2 ret=handled
          <idle>-0       [002] d..2.  9079.522785: sched_switch: prev_comm=swapper/2 prev_pid=0 prev_prio=120 prev_state=R ==> next_comm=kworker/2:1 next_pid=2371 next_prio=120
     kworker/2:1-2371    [002] .....  9079.522807: workqueue_execute_end: work struct 00000000727017dd: function mmc_rescan
     kworker/2:1-2371    [002] d..2.  9079.522816: sched_switch: prev_comm=kworker/2:1 prev_pid=2371 prev_prio=120 prev_state=I ==> next_comm=swapper/2 next_pid=0 next_prio=120
          <idle>-0       [002] d.h1.  9079.618657: irq_handler_entry: irq=11 name=arch_timer
          <idle>-0       [000] d.h1.  9079.618659: irq_handler_entry: irq=11 name=arch_timer
          <idle>-0       [002] d.h1.  9079.618665: irq_handler_exit: irq=11 ret=handled
          <idle>-0       [000] d.h1.  9079.618666: irq_handler_exit: irq=11 ret=handled
          <idle>-0       [002] dNs5.  9079.618678: sched_wakeup: comm=kworker/2:1 pid=2371 prio=120 target_cpu=002
          <idle>-0       [000] dNs5.  9079.618679: sched_wakeup: comm=kworker/0:0 pid=2364 prio=120 target_cpu=000
          <idle>-0       [002] dNH2.  9079.618683: irq_handler_entry: irq=6 name=IPI
          <idle>-0       [002] dNH2.  9079.618687: irq_handler_exit: irq=6 ret=handled
          <idle>-0       [000] d..2.  9079.618701: sched_switch: prev_comm=swapper/0 prev_pid=0 prev_prio=120 prev_state=R ==> next_comm=kworker/0:0 next_pid=2364 next_prio=120
     kworker/0:0-2364    [000] .....  9079.618709: workqueue_execute_start: work struct 0000000037e26ef1: function kfree_rcu_monitor
          <idle>-0       [002] d..2.  9079.618710: sched_switch: prev_comm=swapper/2 prev_pid=0 prev_prio=120 prev_state=R ==> next_comm=kworker/2:1 next_pid=2371 next_prio=120
     kworker/0:0-2364    [000] .....  9079.618716: workqueue_execute_end: work struct 0000000037e26ef1: function kfree_rcu_monitor
     kworker/2:1-2371    [002] .....  9079.618718: workqueue_execute_start: work struct 00000000fbc97ae5: function kfree_rcu_monitor
     kworker/2:1-2371    [002] .....  9079.618723: workqueue_execute_end: work struct 00000000fbc97ae5: function kfree_rcu_monitor
     kworker/0:0-2364    [000] d..2.  9079.618725: sched_switch: prev_comm=kworker/0:0 prev_pid=2364 prev_prio=120 prev_state=I ==> next_comm=swapper/0 next_pid=0 next_prio=120
     kworker/2:1-2371    [002] .....  9079.618727: workqueue_execute_start: work struct 0000000035bda312: function dbs_work_handler
     kworker/2:1-2371    [002] .....  9079.618733: workqueue_execute_end: work struct 0000000035bda312: function dbs_work_handler
     kworker/2:1-2371    [002] d..2.  9079.618742: sched_switch: prev_comm=kworker/2:1 prev_pid=2371 prev_prio=120 prev_state=I ==> next_comm=swapper/2 next_pid=0 next_prio=120
          <idle>-0       [000] d.h1.  9079.622658: irq_handler_entry: irq=11 name=arch_timer
          <idle>-0       [002] d.h1.  9079.622659: irq_handler_entry: irq=11 name=arch_timer
          <idle>-0       [000] d.h1.  9079.622668: irq_handler_exit: irq=11 ret=handled
          <idle>-0       [002] d.h1.  9079.622670: irq_handler_exit: irq=11 ret=handled
          <idle>-0       [001] d.h1.  9079.622686: irq_handler_entry: irq=2 name=IPI
          <idle>-0       [001] dNh2.  9079.622691: sched_wakeup: comm=rcu_preempt pid=15 prio=120 target_cpu=001
          <idle>-0       [001] dNh1.  9079.622693: irq_handler_exit: irq=2 ret=handled
          <idle>-0       [001] d..2.  9079.622705: sched_switch: prev_comm=swapper/1 prev_pid=0 prev_prio=120 prev_state=R ==> next_comm=rcu_preempt next_pid=15 next_prio=120
     rcu_preempt-15      [001] d..2.  9079.622738: sched_switch: prev_comm=rcu_preempt prev_pid=15 prev_prio=120 prev_state=I ==> next_comm=swapper/1 next_pid=0 next_prio=120
          <idle>-0       [002] d.h1.  9079.626658: irq_handler_entry: irq=11 name=arch_timer
          <idle>-0       [000] d.h1.  9079.626658: irq_handler_entry: irq=11 name=arch_timer
          <idle>-0       [000] d.h1.  9079.626665: irq_handler_exit: irq=11 ret=handled
          <idle>-0       [002] d.h1.  9079.626667: irq_handler_exit: irq=11 ret=handled
          <idle>-0       [000] d.h1.  9079.630658: irq_handler_entry: irq=11 name=arch_timer
          <idle>-0       [002] d.h1.  9079.630658: irq_handler_entry: irq=11 name=arch_timer
          <idle>-0       [001] d.h1.  9079.630661: irq_handler_entry: irq=11 name=arch_timer
          <idle>-0       [000] d.h1.  9079.630665: irq_handler_exit: irq=11 ret=handled
          <idle>-0       [002] d.h1.  9079.630665: irq_handler_exit: irq=11 ret=handled
          <idle>-0       [001] d.h1.  9079.630669: irq_handler_exit: irq=11 ret=handled
          <idle>-0       [001] dNs4.  9079.630682: sched_wakeup: comm=rcu_preempt pid=15 prio=120 target_cpu=001
          <idle>-0       [001] d..2.  9079.630711: sched_switch: prev_comm=swapper/1 prev_pid=0 prev_prio=120 prev_state=R ==> next_comm=rcu_preempt next_pid=15 next_prio=120
     rcu_preempt-15      [001] d..2.  9079.630747: sched_switch: prev_comm=rcu_preempt prev_pid=15 prev_prio=120 prev_state=I ==> next_comm=swapper/1 next_pid=0 next_prio=120
          <idle>-0       [000] d.h1.  9079.634658: irq_handler_entry: irq=11 name=arch_timer
          <idle>-0       [002] d.h1.  9079.634658: irq_handler_entry: irq=11 name=arch_timer
          <idle>-0       [000] d.h1.  9079.634664: irq_handler_exit: irq=11 ret=handled
          <idle>-0       [002] d.h1.  9079.634666: irq_handler_exit: irq=11 ret=handled
          <idle>-0       [000] dNs5.  9079.634687: sched_wakeup: comm=kworker/0:0 pid=2364 prio=120 target_cpu=000
          <idle>-0       [002] dNs5.  9079.634689: sched_wakeup: comm=kworker/2:1 pid=2371 prio=120 target_cpu=002
          <idle>-0       [000] d..2.  9079.634702: sched_switch: prev_comm=swapper/0 prev_pid=0 prev_prio=120 prev_state=R ==> next_comm=kworker/0:0 next_pid=2364 next_prio=120
          <idle>-0       [002] d..2.  9079.634703: sched_switch: prev_comm=swapper/2 prev_pid=0 prev_prio=120 prev_state=R ==> next_comm=kworker/2:1 next_pid=2371 next_prio=120
     kworker/0:0-2364    [000] .....  9079.634709: workqueue_execute_start: work struct 00000000ebcd161d: function kfree_rcu_work
     kworker/2:1-2371    [002] .....  9079.634711: workqueue_execute_start: work struct 00000000c371483e: function kfree_rcu_work
     kworker/2:1-2371    [002] .....  9079.634723: workqueue_execute_end: work struct 00000000c371483e: function kfree_rcu_work
     kworker/2:1-2371    [002] d..2.  9079.634732: sched_switch: prev_comm=kworker/2:1 prev_pid=2371 prev_prio=120 prev_state=I ==> next_comm=swapper/2 next_pid=0 next_prio=120
     kworker/0:0-2364    [000] .....  9079.634742: workqueue_execute_end: work struct 00000000ebcd161d: function kfree_rcu_work
     kworker/0:0-2364    [000] d..2.  9079.634752: sched_switch: prev_comm=kworker/0:0 prev_pid=2364 prev_prio=120 prev_state=I ==> next_comm=swapper/0 next_pid=0 next_prio=120
          <idle>-0       [003] d.h1.  9079.682657: irq_handler_entry: irq=11 name=arch_timer
          <idle>-0       [003] d.h1.  9079.682666: irq_handler_exit: irq=11 ret=handled
          <idle>-0       [003] dNs4.  9079.682679: sched_wakeup: comm=kcompactd0 pid=42 prio=120 target_cpu=003
          <idle>-0       [003] d..2.  9079.682716: sched_switch: prev_comm=swapper/3 prev_pid=0 prev_prio=120 prev_state=R ==> next_comm=kcompactd0 next_pid=42 next_prio=120
      kcompactd0-42      [003] d..2.  9079.682740: sched_switch: prev_comm=kcompactd0 prev_pid=42 prev_prio=120 prev_state=S ==> next_comm=swapper/3 next_pid=0 next_prio=120
          <idle>-0       [000] d.h1.  9079.720002: irq_handler_entry: irq=37 name=mmc1
          <idle>-0       [000] dNh6.  9079.720015: sched_wakeup: comm=kworker/0:0 pid=2364 prio=120 target_cpu=000
          <idle>-0       [000] dNh1.  9079.720017: irq_handler_exit: irq=37 ret=handled
          <idle>-0       [000] dNh1.  9079.720018: irq_handler_entry: irq=37 name=mmc0
          <idle>-0       [000] dNh1.  9079.720020: irq_handler_exit: irq=37 ret=unhandled
          <idle>-0       [000] dNh1.  9079.720023: irq_handler_entry: irq=6 name=IPI
          <idle>-0       [000] dNh1.  9079.720026: irq_handler_exit: irq=6 ret=handled
          <idle>-0       [000] d..2.  9079.720039: sched_switch: prev_comm=swapper/0 prev_pid=0 prev_prio=120 prev_state=R ==> next_comm=kworker/0:0 next_pid=2364 next_prio=120
     kworker/0:0-2364    [000] .....  9079.720047: workqueue_execute_start: work struct 000000003c9ea3d2: function sdio_irq_work
     kworker/0:0-2364    [000] d.h1.  9079.720072: irq_handler_entry: irq=37 name=mmc1
     kworker/0:0-2364    [000] d.h1.  9079.720076: irq_handler_exit: irq=37 ret=handled
     kworker/0:0-2364    [000] d.h1.  9079.720077: irq_handler_entry: irq=37 name=mmc0
     kworker/0:0-2364    [000] d.h1.  9079.720078: irq_handler_exit: irq=37 ret=unhandled
     kworker/0:0-2364    [000] d.s3.  9079.720090: sched_wakeup: comm=kworker/0:0 pid=2364 prio=120 target_cpu=000
     kworker/0:0-2364    [000] d.h1.  9079.720121: irq_handler_entry: irq=37 name=mmc1
     kworker/0:0-2364    [000] d.h1.  9079.720128: irq_handler_exit: irq=37 ret=handled
     kworker/0:0-2364    [000] d.h1.  9079.720129: irq_handler_entry: irq=37 name=mmc0
     kworker/0:0-2364    [000] d.h1.  9079.720131: irq_handler_exit: irq=37 ret=unhandled
     kworker/0:0-2364    [000] d.s3.  9079.720141: sched_wakeup: comm=kworker/0:0 pid=2364 prio=120 target_cpu=000
     kworker/0:0-2364    [000] d.h1.  9079.720170: irq_handler_entry: irq=37 name=mmc1
     kworker/0:0-2364    [000] d.h1.  9079.720174: irq_handler_exit: irq=37 ret=handled
     kworker/0:0-2364    [000] d.h1.  9079.720176: irq_handler_entry: irq=37 name=mmc0
     kworker/0:0-2364    [000] d.h1.  9079.720177: irq_handler_exit: irq=37 ret=unhandled
     kworker/0:0-2364    [000] d.h1.  9079.720180: irq_handler_entry: irq=37 name=mmc1
     kworker/0:0-2364    [000] d.h1.  9079.720183: irq_handler_exit: irq=37 ret=handled
     kworker/0:0-2364    [000] d.h1.  9079.720184: irq_handler_entry: irq=37 name=mmc0
     kworker/0:0-2364    [000] d.h1.  9079.720185: irq_handler_exit: irq=37 ret=unhandled
     kworker/0:0-2364    [000] d.s3.  9079.720195: sched_wakeup: comm=kworker/0:0 pid=2364 prio=120 target_cpu=000
     kworker/0:0-2364    [000] dN.4.  9079.720215: sched_wakeup: comm=kworker/u9:0 pid=77 prio=100 target_cpu=000
     kworker/0:0-2364    [000] d..2.  9079.720228: sched_switch: prev_comm=kworker/0:0 prev_pid=2364 prev_prio=120 prev_state=R+ ==> next_comm=kworker/u9:0 next_pid=77 next_prio=100
    kworker/u9:0-77      [000] .....  9079.720236: workqueue_execute_start: work struct 00000000f35ee514: function brcmf_sdio_dataworker [brcmfmac]
    kworker/u9:0-77      [000] d..2.  9079.720247: sched_switch: prev_comm=kworker/u9:0 prev_pid=77 prev_prio=100 prev_state=D ==> next_comm=kworker/0:0 next_pid=2364 next_prio=120
     kworker/0:0-2364    [000] dN.4.  9079.720258: sched_wakeup: comm=kworker/u9:0 pid=77 prio=100 target_cpu=000
     kworker/0:0-2364    [000] d..2.  9079.720264: sched_switch: prev_comm=kworker/0:0 prev_pid=2364 prev_prio=120 prev_state=R+ ==> next_comm=kworker/u9:0 next_pid=77 next_prio=100
    kworker/u9:0-77      [000] d.h1.  9079.720289: irq_handler_entry: irq=37 name=mmc1
    kworker/u9:0-77      [000] d.h1.  9079.720293: irq_handler_exit: irq=37 ret=handled
    kworker/u9:0-77      [000] d.h1.  9079.720294: irq_handler_entry: irq=37 name=mmc0
    kworker/u9:0-77      [000] d.h1.  9079.720296: irq_handler_exit: irq=37 ret=unhandled
    kworker/u9:0-77      [000] d.s3.  9079.720307: sched_wakeup: comm=kworker/u9:0 pid=77 prio=100 target_cpu=000
    kworker/u9:0-77      [000] d.h1.  9079.720329: irq_handler_entry: irq=37 name=mmc1
    kworker/u9:0-77      [000] d.h1.  9079.720333: irq_handler_exit: irq=37 ret=handled
    kworker/u9:0-77      [000] d.h1.  9079.720334: irq_handler_entry: irq=37 name=mmc0
    kworker/u9:0-77      [000] d.h1.  9079.720336: irq_handler_exit: irq=37 ret=unhandled
    kworker/u9:0-77      [000] d.s3.  9079.720345: sched_wakeup: comm=kworker/u9:0 pid=77 prio=100 target_cpu=000
    kworker/u9:0-77      [000] d.h1.  9079.720397: irq_handler_entry: irq=37 name=mmc1
    kworker/u9:0-77      [000] d.h1.  9079.720407: irq_handler_exit: irq=37 ret=handled
    kworker/u9:0-77      [000] d.h1.  9079.720408: irq_handler_entry: irq=37 name=mmc0
    kworker/u9:0-77      [000] d.h1.  9079.720410: irq_handler_exit: irq=37 ret=unhandled
    kworker/u9:0-77      [000] d.s3.  9079.720420: sched_wakeup: comm=kworker/u9:0 pid=77 prio=100 target_cpu=000
    kworker/u9:0-77      [000] d.h1.  9079.720455: irq_handler_entry: irq=37 name=mmc1
    kworker/u9:0-77      [000] d.h1.  9079.720465: irq_handler_exit: irq=37 ret=handled
    kworker/u9:0-77      [000] d.h1.  9079.720466: irq_handler_entry: irq=37 name=mmc0
    kworker/u9:0-77      [000] d.h1.  9079.720467: irq_handler_exit: irq=37 ret=unhandled
    kworker/u9:0-77      [000] d.s3.  9079.720477: sched_wakeup: comm=kworker/u9:0 pid=77 prio=100 target_cpu=000
          <idle>-0       [003] d.h1.  9079.720529: irq_handler_entry: irq=2 name=IPI
          <idle>-0       [003] dNh2.  9079.720536: sched_wakeup: comm=sshd pid=1537 prio=120 target_cpu=003
          <idle>-0       [003] dNh1.  9079.720538: irq_handler_exit: irq=2 ret=handled
          <idle>-0       [003] d..2.  9079.720551: sched_switch: prev_comm=swapper/3 prev_pid=0 prev_prio=120 prev_state=R ==> next_comm=sshd next_pid=1537 next_prio=120
    kworker/u9:0-77      [000] d.h1.  9079.720574: irq_handler_entry: irq=37 name=mmc1
    kworker/u9:0-77      [000] d.h1.  9079.720584: irq_handler_exit: irq=37 ret=handled
    kworker/u9:0-77      [000] d.h1.  9079.720585: irq_handler_entry: irq=37 name=mmc0
    kworker/u9:0-77      [000] d.h1.  9079.720587: irq_handler_exit: irq=37 ret=unhandled
    kworker/u9:0-77      [000] d.s3.  9079.720598: sched_wakeup: comm=kworker/u9:0 pid=77 prio=100 target_cpu=000
    kworker/u9:0-77      [000] .....  9079.720619: workqueue_execute_end: work struct 00000000f35ee514: function brcmf_sdio_dataworker [brcmfmac]
    kworker/u9:0-77      [000] d..2.  9079.720629: sched_switch: prev_comm=kworker/u9:0 prev_pid=77 prev_prio=100 prev_state=I ==> next_comm=kworker/0:0 next_pid=2364 next_prio=120
     kworker/0:0-2364    [000] .....  9079.720634: workqueue_execute_end: work struct 000000003c9ea3d2: function sdio_irq_work
     kworker/0:0-2364    [000] .....  9079.720639: workqueue_execute_start: work struct 0000000035bda312: function dbs_work_handler
     kworker/0:0-2364    [000] .....  9079.720644: workqueue_execute_end: work struct 0000000035bda312: function dbs_work_handler
     kworker/0:0-2364    [000] d..2.  9079.720659: sched_switch: prev_comm=kworker/0:0 prev_pid=2364 prev_prio=120 prev_state=I ==> next_comm=swapper/0 next_pid=0 next_prio=120
          <idle>-0       [001] d.h1.  9079.720719: irq_handler_entry: irq=2 name=IPI
          <idle>-0       [001] dNh2.  9079.720725: sched_wakeup: comm=kworker/u8:1 pid=2300 prio=120 target_cpu=001
          <idle>-0       [001] dNh1.  9079.720727: irq_handler_exit: irq=2 ret=handled
          <idle>-0       [001] d..2.  9079.720738: sched_switch: prev_comm=swapper/1 prev_pid=0 prev_prio=120 prev_state=R ==> next_comm=kworker/u8:1 next_pid=2300 next_prio=120
    kworker/u8:1-2300    [001] .....  9079.720746: workqueue_execute_start: work struct 000000008da6e690: function flush_to_ldisc
    kworker/u8:1-2300    [001] .....  9079.720756: workqueue_execute_end: work struct 000000008da6e690: function flush_to_ldisc
          <idle>-0       [002] d.h1.  9079.720758: irq_handler_entry: irq=2 name=IPI
    kworker/u8:1-2300    [001] d..2.  9079.720766: sched_switch: prev_comm=kworker/u8:1 prev_pid=2300 prev_prio=120 prev_state=I ==> next_comm=swapper/1 next_pid=0 next_prio=120
            sshd-1537    [003] d..2.  9079.720766: sched_switch: prev_comm=sshd prev_pid=1537 prev_prio=120 prev_state=S ==> next_comm=swapper/3 next_pid=0 next_prio=120
          <idle>-0       [002] dNh2.  9079.720767: sched_wakeup: comm=bash pid=1551 prio=120 target_cpu=002
          <idle>-0       [002] dNh1.  9079.720769: irq_handler_exit: irq=2 ret=handled
          <idle>-0       [002] d..2.  9079.720783: sched_switch: prev_comm=swapper/2 prev_pid=0 prev_prio=120 prev_state=R ==> next_comm=bash next_pid=1551 next_prio=120
          <idle>-0       [001] d.h1.  9079.720875: irq_handler_entry: irq=2 name=IPI
          <idle>-0       [001] dNh2.  9079.720881: sched_wakeup: comm=kworker/u8:1 pid=2300 prio=120 target_cpu=001
          <idle>-0       [001] dNh1.  9079.720882: irq_handler_exit: irq=2 ret=handled
          <idle>-0       [001] d..2.  9079.720894: sched_switch: prev_comm=swapper/1 prev_pid=0 prev_prio=120 prev_state=R ==> next_comm=kworker/u8:1 next_pid=2300 next_prio=120
    kworker/u8:1-2300    [001] .....  9079.720901: workqueue_execute_start: work struct 000000009d5238c5: function flush_to_ldisc
            bash-1551    [002] d..2.  9079.720908: sched_switch: prev_comm=bash prev_pid=1551 prev_prio=120 prev_state=S ==> next_comm=swapper/2 next_pid=0 next_prio=120
    kworker/u8:1-2300    [001] .....  9079.720910: workqueue_execute_end: work struct 000000009d5238c5: function flush_to_ldisc
          <idle>-0       [003] d.h1.  9079.720912: irq_handler_entry: irq=2 name=IPI
    kworker/u8:1-2300    [001] d..2.  9079.720919: sched_switch: prev_comm=kworker/u8:1 prev_pid=2300 prev_prio=120 prev_state=I ==> next_comm=swapper/1 next_pid=0 next_prio=120
          <idle>-0       [003] dNh2.  9079.720919: sched_wakeup: comm=sshd pid=1537 prio=120 target_cpu=003
          <idle>-0       [003] dNh1.  9079.720921: irq_handler_exit: irq=2 ret=handled
          <idle>-0       [003] d..2.  9079.720935: sched_switch: prev_comm=swapper/3 prev_pid=0 prev_prio=120 prev_state=R ==> next_comm=sshd next_pid=1537 next_prio=120
          <idle>-0       [000] d.h1.  9079.721106: irq_handler_entry: irq=2 name=IPI
          <idle>-0       [000] dNh2.  9079.721113: sched_wakeup: comm=kworker/u9:0 pid=77 prio=100 target_cpu=000
          <idle>-0       [000] dNh1.  9079.721114: irq_handler_exit: irq=2 ret=handled
          <idle>-0       [000] d..2.  9079.721127: sched_switch: prev_comm=swapper/0 prev_pid=0 prev_prio=120 prev_state=R ==> next_comm=kworker/u9:0 next_pid=77 next_prio=100
    kworker/u9:0-77      [000] .....  9079.721135: workqueue_execute_start: work struct 00000000f35ee514: function brcmf_sdio_dataworker [brcmfmac]
            sshd-1537    [003] d..2.  9079.721155: sched_switch: prev_comm=sshd prev_pid=1537 prev_prio=120 prev_state=S ==> next_comm=swapper/3 next_pid=0 next_prio=120
    kworker/u9:0-77      [000] d.h1.  9079.721190: irq_handler_entry: irq=37 name=mmc1
    kworker/u9:0-77      [000] d.h1.  9079.721201: irq_handler_exit: irq=37 ret=handled
    kworker/u9:0-77      [000] d.h1.  9079.721203: irq_handler_entry: irq=37 name=mmc0
    kworker/u9:0-77      [000] d.h1.  9079.721204: irq_handler_exit: irq=37 ret=unhandled
    kworker/u9:0-77      [000] d..2.  9079.721215: sched_switch: prev_comm=kworker/u9:0 prev_pid=77 prev_prio=100 prev_state=D ==> next_comm=swapper/0 next_pid=0 next_prio=120
          <idle>-0       [000] d.h1.  9079.721221: irq_handler_entry: irq=37 name=mmc1
          <idle>-0       [000] d.h1.  9079.721225: irq_handler_exit: irq=37 ret=handled
          <idle>-0       [000] d.h1.  9079.721226: irq_handler_entry: irq=37 name=mmc0
          <idle>-0       [000] d.h1.  9079.721227: irq_handler_exit: irq=37 ret=unhandled
          <idle>-0       [000] dNs5.  9079.721242: sched_wakeup: comm=kworker/u9:0 pid=77 prio=100 target_cpu=000
          <idle>-0       [000] d..2.  9079.721251: sched_switch: prev_comm=swapper/0 prev_pid=0 prev_prio=120 prev_state=R ==> next_comm=kworker/u9:0 next_pid=77 next_prio=100
    kworker/u9:0-77      [000] .....  9079.721271: workqueue_execute_end: work struct 00000000f35ee514: function brcmf_sdio_dataworker [brcmfmac]
    kworker/u9:0-77      [000] d..2.  9079.721281: sched_switch: prev_comm=kworker/u9:0 prev_pid=77 prev_prio=100 prev_state=I ==> next_comm=swapper/0 next_pid=0 next_prio=120
          <idle>-0       [000] d.h1.  9079.734663: irq_handler_entry: irq=11 name=arch_timer
          <idle>-0       [000] d.h1.  9079.734672: irq_handler_exit: irq=11 ret=handled
          <idle>-0       [000] dNs5.  9079.734687: sched_wakeup: comm=brcmf_wdog/mmc1 pid=279 prio=120 target_cpu=000
          <idle>-0       [000] d..2.  9079.734715: sched_switch: prev_comm=swapper/0 prev_pid=0 prev_prio=120 prev_state=R ==> next_comm=brcmf_wdog/mmc1 next_pid=279 next_prio=120
 brcmf_wdog/mmc1-279     [000] d..2.  9079.734731: sched_switch: prev_comm=brcmf_wdog/mmc1 prev_pid=279 prev_prio=120 prev_state=S ==> next_comm=swapper/0 next_pid=0 next_prio=120
          <idle>-0       [000] d.h1.  9079.739582: irq_handler_entry: irq=11 name=arch_timer
          <idle>-0       [000] dNh4.  9079.739591: sched_wakeup: comm=lxpanel pid=1686 prio=120 target_cpu=000
          <idle>-0       [000] dNh1.  9079.739594: irq_handler_exit: irq=11 ret=handled
          <idle>-0       [000] d..2.  9079.739608: sched_switch: prev_comm=swapper/0 prev_pid=0 prev_prio=120 prev_state=R ==> next_comm=lxpanel next_pid=1686 next_prio=120
         lxpanel-1686    [000] d..2.  9079.739714: sched_switch: prev_comm=lxpanel prev_pid=1686 prev_prio=120 prev_state=S ==> next_comm=swapper/0 next_pid=0 next_prio=120
          <idle>-0       [000] d.h1.  9079.750662: irq_handler_entry: irq=11 name=arch_timer
          <idle>-0       [000] d.h1.  9079.750671: irq_handler_exit: irq=11 ret=handled
          <idle>-0       [000] dNs5.  9079.750684: sched_wakeup: comm=brcmf_wdog/mmc1 pid=279 prio=120 target_cpu=000
          <idle>-0       [000] d..2.  9079.750712: sched_switch: prev_comm=swapper/0 prev_pid=0 prev_prio=120 prev_state=R ==> next_comm=brcmf_wdog/mmc1 next_pid=279 next_prio=120
 brcmf_wdog/mmc1-279     [000] d.h1.  9079.750747: irq_handler_entry: irq=37 name=mmc1
 brcmf_wdog/mmc1-279     [000] d.h1.  9079.750751: irq_handler_exit: irq=37 ret=handled
 brcmf_wdog/mmc1-279     [000] d.h1.  9079.750752: irq_handler_entry: irq=37 name=mmc0
 brcmf_wdog/mmc1-279     [000] d.h1.  9079.750754: irq_handler_exit: irq=37 ret=unhandled
 brcmf_wdog/mmc1-279     [000] d.s3.  9079.750765: sched_wakeup: comm=brcmf_wdog/mmc1 pid=279 prio=120 target_cpu=000
 brcmf_wdog/mmc1-279     [000] d..2.  9079.750791: sched_switch: prev_comm=brcmf_wdog/mmc1 prev_pid=279 prev_prio=120 prev_state=S ==> next_comm=swapper/0 next_pid=0 next_prio=120
          <idle>-0       [000] d.h1.  9079.762663: irq_handler_entry: irq=11 name=arch_timer
          <idle>-0       [000] d.h1.  9079.762671: irq_handler_exit: irq=11 ret=handled
          <idle>-0       [000] d.h1.  9079.764546: irq_handler_entry: irq=37 name=mmc1
          <idle>-0       [000] dNh6.  9079.764559: sched_wakeup: comm=kworker/0:0 pid=2364 prio=120 target_cpu=000
          <idle>-0       [000] dNh1.  9079.764561: irq_handler_exit: irq=37 ret=handled
          <idle>-0       [000] dNh1.  9079.764562: irq_handler_entry: irq=37 name=mmc0
          <idle>-0       [000] dNh1.  9079.764564: irq_handler_exit: irq=37 ret=unhandled
          <idle>-0       [000] d..2.  9079.764578: sched_switch: prev_comm=swapper/0 prev_pid=0 prev_prio=120 prev_state=R ==> next_comm=kworker/0:0 next_pid=2364 next_prio=120
     kworker/0:0-2364    [000] .....  9079.764585: workqueue_execute_start: work struct 000000003c9ea3d2: function sdio_irq_work
     kworker/0:0-2364    [000] d.h1.  9079.764610: irq_handler_entry: irq=37 name=mmc1
     kworker/0:0-2364    [000] d.h1.  9079.764613: irq_handler_exit: irq=37 ret=handled
     kworker/0:0-2364    [000] d.h1.  9079.764614: irq_handler_entry: irq=37 name=mmc0
     kworker/0:0-2364    [000] d.h1.  9079.764616: irq_handler_exit: irq=37 ret=unhandled
     kworker/0:0-2364    [000] d.s3.  9079.764627: sched_wakeup: comm=kworker/0:0 pid=2364 prio=120 target_cpu=000
     kworker/0:0-2364    [000] d.h1.  9079.764658: irq_handler_entry: irq=37 name=mmc1
     kworker/0:0-2364    [000] d.h1.  9079.764664: irq_handler_exit: irq=37 ret=handled
     kworker/0:0-2364    [000] d.h1.  9079.764665: irq_handler_entry: irq=37 name=mmc0
     kworker/0:0-2364    [000] d.h1.  9079.764667: irq_handler_exit: irq=37 ret=unhandled
     kworker/0:0-2364    [000] d.s3.  9079.764677: sched_wakeup: comm=kworker/0:0 pid=2364 prio=120 target_cpu=000
     kworker/0:0-2364    [000] d.h1.  9079.764706: irq_handler_entry: irq=37 name=mmc1
     kworker/0:0-2364    [000] d.h1.  9079.764710: irq_handler_exit: irq=37 ret=handled
     kworker/0:0-2364    [000] d.h1.  9079.764711: irq_handler_entry: irq=37 name=mmc0
     kworker/0:0-2364    [000] d.h1.  9079.764712: irq_handler_exit: irq=37 ret=unhandled
     kworker/0:0-2364    [000] d.h1.  9079.764715: irq_handler_entry: irq=37 name=mmc1
     kworker/0:0-2364    [000] d.h1.  9079.764718: irq_handler_exit: irq=37 ret=handled
     kworker/0:0-2364    [000] d.h1.  9079.764719: irq_handler_entry: irq=37 name=mmc0
     kworker/0:0-2364    [000] d.h1.  9079.764721: irq_handler_exit: irq=37 ret=unhandled
     kworker/0:0-2364    [000] d.s3.  9079.764730: sched_wakeup: comm=kworker/0:0 pid=2364 prio=120 target_cpu=000
     kworker/0:0-2364    [000] dN.4.  9079.764749: sched_wakeup: comm=kworker/u9:0 pid=77 prio=100 target_cpu=000
     kworker/0:0-2364    [000] d..2.  9079.764763: sched_switch: prev_comm=kworker/0:0 prev_pid=2364 prev_prio=120 prev_state=R+ ==> next_comm=kworker/u9:0 next_pid=77 next_prio=100
    kworker/u9:0-77      [000] .....  9079.764770: workqueue_execute_start: work struct 00000000f35ee514: function brcmf_sdio_dataworker [brcmfmac]
    kworker/u9:0-77      [000] d..2.  9079.764781: sched_switch: prev_comm=kworker/u9:0 prev_pid=77 prev_prio=100 prev_state=D ==> next_comm=kworker/0:0 next_pid=2364 next_prio=120
     kworker/0:0-2364    [000] dN.4.  9079.764792: sched_wakeup: comm=kworker/u9:0 pid=77 prio=100 target_cpu=000
     kworker/0:0-2364    [000] d..2.  9079.764798: sched_switch: prev_comm=kworker/0:0 prev_pid=2364 prev_prio=120 prev_state=R+ ==> next_comm=kworker/u9:0 next_pid=77 next_prio=100
    kworker/u9:0-77      [000] d.h1.  9079.764821: irq_handler_entry: irq=37 name=mmc1
    kworker/u9:0-77      [000] d.h1.  9079.764825: irq_handler_exit: irq=37 ret=handled
    kworker/u9:0-77      [000] d.h1.  9079.764826: irq_handler_entry: irq=37 name=mmc0
    kworker/u9:0-77      [000] d.h1.  9079.764828: irq_handler_exit: irq=37 ret=unhandled
    kworker/u9:0-77      [000] d.s3.  9079.764838: sched_wakeup: comm=kworker/u9:0 pid=77 prio=100 target_cpu=000
    kworker/u9:0-77      [000] d.h1.  9079.764861: irq_handler_entry: irq=37 name=mmc1
    kworker/u9:0-77      [000] d.h1.  9079.764865: irq_handler_exit: irq=37 ret=handled
    kworker/u9:0-77      [000] d.h1.  9079.764866: irq_handler_entry: irq=37 name=mmc0
    kworker/u9:0-77      [000] d.h1.  9079.764867: irq_handler_exit: irq=37 ret=unhandled
    kworker/u9:0-77      [000] d.s3.  9079.764877: sched_wakeup: comm=kworker/u9:0 pid=77 prio=100 target_cpu=000
    kworker/u9:0-77      [000] d.h1.  9079.764928: irq_handler_entry: irq=37 name=mmc1
    kworker/u9:0-77      [000] d.h1.  9079.764937: irq_handler_exit: irq=37 ret=handled
    kworker/u9:0-77      [000] d.h1.  9079.764938: irq_handler_entry: irq=37 name=mmc0
    kworker/u9:0-77      [000] d.h1.  9079.764940: irq_handler_exit: irq=37 ret=unhandled
    kworker/u9:0-77      [000] d.s3.  9079.764950: sched_wakeup: comm=kworker/u9:0 pid=77 prio=100 target_cpu=000
    kworker/u9:0-77      [000] d.h1.  9079.764985: irq_handler_entry: irq=37 name=mmc1
    kworker/u9:0-77      [000] d.h1.  9079.764992: irq_handler_exit: irq=37 ret=handled
    kworker/u9:0-77      [000] d.h1.  9079.764993: irq_handler_entry: irq=37 name=mmc0
    kworker/u9:0-77      [000] d.h1.  9079.764994: irq_handler_exit: irq=37 ret=unhandled
    kworker/u9:0-77      [000] d.s3.  9079.765004: sched_wakeup: comm=kworker/u9:0 pid=77 prio=100 target_cpu=000
    kworker/u9:0-77      [000] d.h1.  9079.765094: irq_handler_entry: irq=37 name=mmc1
    kworker/u9:0-77      [000] d.h1.  9079.765105: irq_handler_exit: irq=37 ret=handled
    kworker/u9:0-77      [000] d.h1.  9079.765107: irq_handler_entry: irq=37 name=mmc0
    kworker/u9:0-77      [000] d.h1.  9079.765108: irq_handler_exit: irq=37 ret=unhandled
    kworker/u9:0-77      [000] d.s3.  9079.765119: sched_wakeup: comm=kworker/u9:0 pid=77 prio=100 target_cpu=000
    kworker/u9:0-77      [000] .....  9079.765140: workqueue_execute_end: work struct 00000000f35ee514: function brcmf_sdio_dataworker [brcmfmac]
    kworker/u9:0-77      [000] d..2.  9079.765149: sched_switch: prev_comm=kworker/u9:0 prev_pid=77 prev_prio=100 prev_state=I ==> next_comm=kworker/0:0 next_pid=2364 next_prio=120
     kworker/0:0-2364    [000] .....  9079.765154: workqueue_execute_end: work struct 000000003c9ea3d2: function sdio_irq_work
     kworker/0:0-2364    [000] d..2.  9079.765168: sched_switch: prev_comm=kworker/0:0 prev_pid=2364 prev_prio=120 prev_state=I ==> next_comm=swapper/0 next_pid=0 next_prio=120
          <idle>-0       [000] d.h1.  9079.774745: irq_handler_entry: irq=11 name=arch_timer
          <idle>-0       [000] dNh4.  9079.774754: sched_wakeup: comm=lxpanel pid=1686 prio=120 target_cpu=000
          <idle>-0       [000] dNh1.  9079.774757: irq_handler_exit: irq=11 ret=handled
          <idle>-0       [000] d..2.  9079.774772: sched_switch: prev_comm=swapper/0 prev_pid=0 prev_prio=120 prev_state=R ==> next_comm=lxpanel next_pid=1686 next_prio=120
         lxpanel-1686    [000] d..2.  9079.775065: sched_switch: prev_comm=lxpanel prev_pid=1686 prev_prio=120 prev_state=S ==> next_comm=swapper/0 next_pid=0 next_prio=120
          <idle>-0       [000] d.h1.  9079.778661: irq_handler_entry: irq=11 name=arch_timer
          <idle>-0       [000] d.h1.  9079.778675: irq_handler_exit: irq=11 ret=handled
          <idle>-0       [000] dNs5.  9079.778690: sched_wakeup: comm=brcmf_wdog/mmc1 pid=279 prio=120 target_cpu=000
          <idle>-0       [001] d.h1.  9079.778720: irq_handler_entry: irq=2 name=IPI
          <idle>-0       [001] dNh2.  9079.778726: sched_wakeup: comm=rcu_preempt pid=15 prio=120 target_cpu=001
          <idle>-0       [001] dNh1.  9079.778727: irq_handler_exit: irq=2 ret=handled
          <idle>-0       [000] d..2.  9079.778728: sched_switch: prev_comm=swapper/0 prev_pid=0 prev_prio=120 prev_state=R ==> next_comm=brcmf_wdog/mmc1 next_pid=279 next_prio=120
          <idle>-0       [001] d..2.  9079.778739: sched_switch: prev_comm=swapper/1 prev_pid=0 prev_prio=120 prev_state=R ==> next_comm=rcu_preempt next_pid=15 next_prio=120
 brcmf_wdog/mmc1-279     [000] d..2.  9079.778743: sched_switch: prev_comm=brcmf_wdog/mmc1 prev_pid=279 prev_prio=120 prev_state=S ==> next_comm=swapper/0 next_pid=0 next_prio=120
     rcu_preempt-15      [001] d..2.  9079.778768: sched_switch: prev_comm=rcu_preempt prev_pid=15 prev_prio=120 prev_state=I ==> next_comm=swapper/1 next_pid=0 next_prio=120
          <idle>-0       [000] d.h1.  9079.782661: irq_handler_entry: irq=11 name=arch_timer
          <idle>-0       [000] d.h1.  9079.782672: irq_handler_exit: irq=11 ret=handled
          <idle>-0       [000] d.h1.  9079.786660: irq_handler_entry: irq=11 name=arch_timer
          <idle>-0       [001] d.h1.  9079.786663: irq_handler_entry: irq=11 name=arch_timer
          <idle>-0       [000] d.h1.  9079.786667: irq_handler_exit: irq=11 ret=handled
          <idle>-0       [001] d.h1.  9079.786671: irq_handler_exit: irq=11 ret=handled
          <idle>-0       [001] dNs4.  9079.786684: sched_wakeup: comm=rcu_preempt pid=15 prio=120 target_cpu=001
          <idle>-0       [001] d..2.  9079.786712: sched_switch: prev_comm=swapper/1 prev_pid=0 prev_prio=120 prev_state=R ==> next_comm=rcu_preempt next_pid=15 next_prio=120
     rcu_preempt-15      [001] d..2.  9079.786745: sched_switch: prev_comm=rcu_preempt prev_pid=15 prev_prio=120 prev_state=I ==> next_comm=swapper/1 next_pid=0 next_prio=120
          <idle>-0       [000] d.h1.  9079.790660: irq_handler_entry: irq=11 name=arch_timer
          <idle>-0       [000] d.h1.  9079.790670: irq_handler_exit: irq=11 ret=handled
          <idle>-0       [000] d.h1.  9079.794660: irq_handler_entry: irq=11 name=arch_timer
          <idle>-0       [000] d.h1.  9079.794668: irq_handler_exit: irq=11 ret=handled
          <idle>-0       [000] dNs5.  9079.794681: sched_wakeup: comm=brcmf_wdog/mmc1 pid=279 prio=120 target_cpu=000
          <idle>-0       [000] d..2.  9079.794705: sched_switch: prev_comm=swapper/0 prev_pid=0 prev_prio=120 prev_state=R ==> next_comm=brcmf_wdog/mmc1 next_pid=279 next_prio=120
 brcmf_wdog/mmc1-279     [000] d.h1.  9079.794740: irq_handler_entry: irq=37 name=mmc1
 brcmf_wdog/mmc1-279     [000] d.h1.  9079.794744: irq_handler_exit: irq=37 ret=handled
 brcmf_wdog/mmc1-279     [000] d.h1.  9079.794745: irq_handler_entry: irq=37 name=mmc0
 brcmf_wdog/mmc1-279     [000] d.h1.  9079.794748: irq_handler_exit: irq=37 ret=unhandled
 brcmf_wdog/mmc1-279     [000] d.s3.  9079.794759: sched_wakeup: comm=brcmf_wdog/mmc1 pid=279 prio=120 target_cpu=000
 brcmf_wdog/mmc1-279     [000] d..2.  9079.794784: sched_switch: prev_comm=brcmf_wdog/mmc1 prev_pid=279 prev_prio=120 prev_state=S ==> next_comm=swapper/0 next_pid=0 next_prio=120
          <idle>-0       [001] d.h1.  9079.806730: irq_handler_entry: irq=11 name=arch_timer
          <idle>-0       [001] dNh4.  9079.806741: sched_wakeup: comm=gvfs-afc-volume pid=958 prio=120 target_cpu=001
          <idle>-0       [001] dNh1.  9079.806743: irq_handler_exit: irq=11 ret=handled
          <idle>-0       [001] d..2.  9079.806757: sched_switch: prev_comm=swapper/1 prev_pid=0 prev_prio=120 prev_state=R ==> next_comm=gvfs-afc-volume next_pid=958 next_prio=120
 gvfs-afc-volume-958     [001] d..2.  9079.806794: sched_switch: prev_comm=gvfs-afc-volume prev_pid=958 prev_prio=120 prev_state=S ==> next_comm=swapper/1 next_pid=0 next_prio=120
          <idle>-0       [000] d.h1.  9079.949521: irq_handler_entry: irq=37 name=mmc1
          <idle>-0       [000] dNh6.  9079.949535: sched_wakeup: comm=kworker/0:0 pid=2364 prio=120 target_cpu=000
          <idle>-0       [000] dNh1.  9079.949537: irq_handler_exit: irq=37 ret=handled
          <idle>-0       [000] dNh1.  9079.949538: irq_handler_entry: irq=37 name=mmc0
          <idle>-0       [000] dNh1.  9079.949540: irq_handler_exit: irq=37 ret=unhandled
          <idle>-0       [000] dNh1.  9079.949542: irq_handler_entry: irq=6 name=IPI
          <idle>-0       [000] dNh1.  9079.949545: irq_handler_exit: irq=6 ret=handled
          <idle>-0       [000] d..2.  9079.949559: sched_switch: prev_comm=swapper/0 prev_pid=0 prev_prio=120 prev_state=R ==> next_comm=kworker/0:0 next_pid=2364 next_prio=120
     kworker/0:0-2364    [000] .....  9079.949567: workqueue_execute_start: work struct 000000003c9ea3d2: function sdio_irq_work
     kworker/0:0-2364    [000] d.h1.  9079.949591: irq_handler_entry: irq=37 name=mmc1
     kworker/0:0-2364    [000] d.h1.  9079.949594: irq_handler_exit: irq=37 ret=handled
     kworker/0:0-2364    [000] d.h1.  9079.949595: irq_handler_entry: irq=37 name=mmc0
     kworker/0:0-2364    [000] d.h1.  9079.949597: irq_handler_exit: irq=37 ret=unhandled
     kworker/0:0-2364    [000] d.s3.  9079.949607: sched_wakeup: comm=kworker/0:0 pid=2364 prio=120 target_cpu=000
     kworker/0:0-2364    [000] d.h1.  9079.949639: irq_handler_entry: irq=37 name=mmc1
     kworker/0:0-2364    [000] d.h1.  9079.949646: irq_handler_exit: irq=37 ret=handled
     kworker/0:0-2364    [000] d.h1.  9079.949647: irq_handler_entry: irq=37 name=mmc0
     kworker/0:0-2364    [000] d.h1.  9079.949648: irq_handler_exit: irq=37 ret=unhandled
     kworker/0:0-2364    [000] d.s3.  9079.949658: sched_wakeup: comm=kworker/0:0 pid=2364 prio=120 target_cpu=000
     kworker/0:0-2364    [000] d.h1.  9079.949687: irq_handler_entry: irq=37 name=mmc1
     kworker/0:0-2364    [000] d.h1.  9079.949692: irq_handler_exit: irq=37 ret=handled
     kworker/0:0-2364    [000] d.h1.  9079.949693: irq_handler_entry: irq=37 name=mmc0
     kworker/0:0-2364    [000] d.h1.  9079.949694: irq_handler_exit: irq=37 ret=unhandled
     kworker/0:0-2364    [000] d.h1.  9079.949697: irq_handler_entry: irq=37 name=mmc1
     kworker/0:0-2364    [000] d.h1.  9079.949700: irq_handler_exit: irq=37 ret=handled
     kworker/0:0-2364    [000] d.h1.  9079.949701: irq_handler_entry: irq=37 name=mmc0
     kworker/0:0-2364    [000] d.h1.  9079.949702: irq_handler_exit: irq=37 ret=unhandled
     kworker/0:0-2364    [000] d.s3.  9079.949712: sched_wakeup: comm=kworker/0:0 pid=2364 prio=120 target_cpu=000
     kworker/0:0-2364    [000] dN.4.  9079.949731: sched_wakeup: comm=kworker/u9:0 pid=77 prio=100 target_cpu=000
     kworker/0:0-2364    [000] d..2.  9079.949744: sched_switch: prev_comm=kworker/0:0 prev_pid=2364 prev_prio=120 prev_state=R+ ==> next_comm=kworker/u9:0 next_pid=77 next_prio=100
    kworker/u9:0-77      [000] .....  9079.949752: workqueue_execute_start: work struct 00000000f35ee514: function brcmf_sdio_dataworker [brcmfmac]
    kworker/u9:0-77      [000] d..2.  9079.949763: sched_switch: prev_comm=kworker/u9:0 prev_pid=77 prev_prio=100 prev_state=D ==> next_comm=kworker/0:0 next_pid=2364 next_prio=120
     kworker/0:0-2364    [000] dN.4.  9079.949774: sched_wakeup: comm=kworker/u9:0 pid=77 prio=100 target_cpu=000
     kworker/0:0-2364    [000] d..2.  9079.949780: sched_switch: prev_comm=kworker/0:0 prev_pid=2364 prev_prio=120 prev_state=R+ ==> next_comm=kworker/u9:0 next_pid=77 next_prio=100
    kworker/u9:0-77      [000] d.h1.  9079.949804: irq_handler_entry: irq=37 name=mmc1
    kworker/u9:0-77      [000] d.h1.  9079.949807: irq_handler_exit: irq=37 ret=handled
    kworker/u9:0-77      [000] d.h1.  9079.949808: irq_handler_entry: irq=37 name=mmc0
    kworker/u9:0-77      [000] d.h1.  9079.949810: irq_handler_exit: irq=37 ret=unhandled
    kworker/u9:0-77      [000] d.s3.  9079.949820: sched_wakeup: comm=kworker/u9:0 pid=77 prio=100 target_cpu=000
    kworker/u9:0-77      [000] d.h1.  9079.949842: irq_handler_entry: irq=37 name=mmc1
    kworker/u9:0-77      [000] d.h1.  9079.949846: irq_handler_exit: irq=37 ret=handled
    kworker/u9:0-77      [000] d.h1.  9079.949847: irq_handler_entry: irq=37 name=mmc0
    kworker/u9:0-77      [000] d.h1.  9079.949848: irq_handler_exit: irq=37 ret=unhandled
    kworker/u9:0-77      [000] d.s3.  9079.949858: sched_wakeup: comm=kworker/u9:0 pid=77 prio=100 target_cpu=000
    kworker/u9:0-77      [000] d.h1.  9079.949909: irq_handler_entry: irq=37 name=mmc1
    kworker/u9:0-77      [000] d.h1.  9079.949919: irq_handler_exit: irq=37 ret=handled
    kworker/u9:0-77      [000] d.h1.  9079.949920: irq_handler_entry: irq=37 name=mmc0
    kworker/u9:0-77      [000] d.h1.  9079.949921: irq_handler_exit: irq=37 ret=unhandled
    kworker/u9:0-77      [000] d.s3.  9079.949932: sched_wakeup: comm=kworker/u9:0 pid=77 prio=100 target_cpu=000
    kworker/u9:0-77      [000] d.h1.  9079.949966: irq_handler_entry: irq=37 name=mmc1
    kworker/u9:0-77      [000] d.h1.  9079.949976: irq_handler_exit: irq=37 ret=handled
    kworker/u9:0-77      [000] d.h1.  9079.949977: irq_handler_entry: irq=37 name=mmc0
    kworker/u9:0-77      [000] d.h1.  9079.949979: irq_handler_exit: irq=37 ret=unhandled
    kworker/u9:0-77      [000] d.s3.  9079.949989: sched_wakeup: comm=kworker/u9:0 pid=77 prio=100 target_cpu=000
          <idle>-0       [003] d.h1.  9079.950040: irq_handler_entry: irq=2 name=IPI
          <idle>-0       [003] dNh2.  9079.950049: sched_wakeup: comm=sshd pid=1537 prio=120 target_cpu=003
          <idle>-0       [003] dNh1.  9079.950050: irq_handler_exit: irq=2 ret=handled
          <idle>-0       [003] d..2.  9079.950064: sched_switch: prev_comm=swapper/3 prev_pid=0 prev_prio=120 prev_state=R ==> next_comm=sshd next_pid=1537 next_prio=120
    kworker/u9:0-77      [000] d.h1.  9079.950078: irq_handler_entry: irq=37 name=mmc1
    kworker/u9:0-77      [000] d.h1.  9079.950088: irq_handler_exit: irq=37 ret=handled
    kworker/u9:0-77      [000] d.h1.  9079.950089: irq_handler_entry: irq=37 name=mmc0
    kworker/u9:0-77      [000] d.h1.  9079.950091: irq_handler_exit: irq=37 ret=unhandled
    kworker/u9:0-77      [000] d.s3.  9079.950102: sched_wakeup: comm=kworker/u9:0 pid=77 prio=100 target_cpu=000
    kworker/u9:0-77      [000] .....  9079.950123: workqueue_execute_end: work struct 00000000f35ee514: function brcmf_sdio_dataworker [brcmfmac]
    kworker/u9:0-77      [000] d..2.  9079.950133: sched_switch: prev_comm=kworker/u9:0 prev_pid=77 prev_prio=100 prev_state=I ==> next_comm=kworker/0:0 next_pid=2364 next_prio=120
     kworker/0:0-2364    [000] .....  9079.950139: workqueue_execute_end: work struct 000000003c9ea3d2: function sdio_irq_work
     kworker/0:0-2364    [000] .....  9079.950143: workqueue_execute_start: work struct 0000000035bda312: function dbs_work_handler
     kworker/0:0-2364    [000] .....  9079.950150: workqueue_execute_end: work struct 0000000035bda312: function dbs_work_handler
     kworker/0:0-2364    [000] d..2.  9079.950166: sched_switch: prev_comm=kworker/0:0 prev_pid=2364 prev_prio=120 prev_state=I ==> next_comm=swapper/0 next_pid=0 next_prio=120
          <idle>-0       [001] d.h1.  9079.950229: irq_handler_entry: irq=2 name=IPI
          <idle>-0       [001] dNh2.  9079.950234: sched_wakeup: comm=kworker/u8:1 pid=2300 prio=120 target_cpu=001
          <idle>-0       [001] dNh1.  9079.950236: irq_handler_exit: irq=2 ret=handled
          <idle>-0       [001] d..2.  9079.950249: sched_switch: prev_comm=swapper/1 prev_pid=0 prev_prio=120 prev_state=R ==> next_comm=kworker/u8:1 next_pid=2300 next_prio=120
    kworker/u8:1-2300    [001] .....  9079.950256: workqueue_execute_start: work struct 000000008da6e690: function flush_to_ldisc
    kworker/u8:1-2300    [001] .....  9079.950267: workqueue_execute_end: work struct 000000008da6e690: function flush_to_ldisc
          <idle>-0       [002] d.h1.  9079.950269: irq_handler_entry: irq=2 name=IPI
            sshd-1537    [003] d..2.  9079.950275: sched_switch: prev_comm=sshd prev_pid=1537 prev_prio=120 prev_state=S ==> next_comm=swapper/3 next_pid=0 next_prio=120
    kworker/u8:1-2300    [001] d..2.  9079.950276: sched_switch: prev_comm=kworker/u8:1 prev_pid=2300 prev_prio=120 prev_state=I ==> next_comm=swapper/1 next_pid=0 next_prio=120
          <idle>-0       [002] dNh2.  9079.950277: sched_wakeup: comm=bash pid=1551 prio=120 target_cpu=002
          <idle>-0       [002] dNh1.  9079.950279: irq_handler_exit: irq=2 ret=handled
          <idle>-0       [002] d..2.  9079.950293: sched_switch: prev_comm=swapper/2 prev_pid=0 prev_prio=120 prev_state=R ==> next_comm=bash next_pid=1551 next_prio=120
          <idle>-0       [001] d.h1.  9079.950381: irq_handler_entry: irq=2 name=IPI
          <idle>-0       [001] dNh2.  9079.950385: sched_wakeup: comm=kworker/u8:1 pid=2300 prio=120 target_cpu=001
          <idle>-0       [001] dNh1.  9079.950387: irq_handler_exit: irq=2 ret=handled
          <idle>-0       [001] d..2.  9079.950401: sched_switch: prev_comm=swapper/1 prev_pid=0 prev_prio=120 prev_state=R ==> next_comm=kworker/u8:1 next_pid=2300 next_prio=120
    kworker/u8:1-2300    [001] .....  9079.950408: workqueue_execute_start: work struct 000000009d5238c5: function flush_to_ldisc
            bash-1551    [002] d..2.  9079.950410: sched_switch: prev_comm=bash prev_pid=1551 prev_prio=120 prev_state=S ==> next_comm=swapper/2 next_pid=0 next_prio=120
    kworker/u8:1-2300    [001] .....  9079.950417: workqueue_execute_end: work struct 000000009d5238c5: function flush_to_ldisc
          <idle>-0       [003] d.h1.  9079.950419: irq_handler_entry: irq=2 name=IPI
          <idle>-0       [003] dNh2.  9079.950425: sched_wakeup: comm=sshd pid=1537 prio=120 target_cpu=003
    kworker/u8:1-2300    [001] d..2.  9079.950426: sched_switch: prev_comm=kworker/u8:1 prev_pid=2300 prev_prio=120 prev_state=I ==> next_comm=swapper/1 next_pid=0 next_prio=120
          <idle>-0       [003] dNh1.  9079.950427: irq_handler_exit: irq=2 ret=handled
          <idle>-0       [003] d..2.  9079.950441: sched_switch: prev_comm=swapper/3 prev_pid=0 prev_prio=120 prev_state=R ==> next_comm=sshd next_pid=1537 next_prio=120
          <idle>-0       [000] d.h1.  9079.950609: irq_handler_entry: irq=2 name=IPI
          <idle>-0       [000] dNh2.  9079.950615: sched_wakeup: comm=kworker/u9:0 pid=77 prio=100 target_cpu=000
          <idle>-0       [000] dNh1.  9079.950617: irq_handler_exit: irq=2 ret=handled
          <idle>-0       [000] d..2.  9079.950630: sched_switch: prev_comm=swapper/0 prev_pid=0 prev_prio=120 prev_state=R ==> next_comm=kworker/u9:0 next_pid=77 next_prio=100
    kworker/u9:0-77      [000] .....  9079.950638: workqueue_execute_start: work struct 00000000f35ee514: function brcmf_sdio_dataworker [brcmfmac]
            sshd-1537    [003] d..2.  9079.950657: sched_switch: prev_comm=sshd prev_pid=1537 prev_prio=120 prev_state=S ==> next_comm=swapper/3 next_pid=0 next_prio=120
    kworker/u9:0-77      [000] d.h..  9079.950664: irq_handler_entry: irq=11 name=arch_timer
          <idle>-0       [003] d.h1.  9079.950667: irq_handler_entry: irq=11 name=arch_timer
          <idle>-0       [003] d.h1.  9079.950677: irq_handler_exit: irq=11 ret=handled
    kworker/u9:0-77      [000] d.h..  9079.950682: irq_handler_exit: irq=11 ret=handled
          <idle>-0       [001] d.h1.  9079.950683: irq_handler_entry: irq=2 name=IPI
          <idle>-0       [001] d.h1.  9079.950686: irq_handler_exit: irq=2 ret=handled
    kworker/u9:0-77      [000] d.s4.  9079.950695: sched_wakeup: comm=kworker/0:0 pid=2364 prio=120 target_cpu=000
    kworker/u9:0-77      [000] d.h1.  9079.950742: irq_handler_entry: irq=37 name=mmc1
    kworker/u9:0-77      [000] d.h1.  9079.950753: irq_handler_exit: irq=37 ret=handled
    kworker/u9:0-77      [000] d.h1.  9079.950755: irq_handler_entry: irq=37 name=mmc0
    kworker/u9:0-77      [000] d.h1.  9079.950756: irq_handler_exit: irq=37 ret=unhandled
    kworker/u9:0-77      [000] d..2.  9079.950767: sched_switch: prev_comm=kworker/u9:0 prev_pid=77 prev_prio=100 prev_state=D ==> next_comm=kworker/0:0 next_pid=2364 next_prio=120
     kworker/0:0-2364    [000] d.h1.  9079.950773: irq_handler_entry: irq=37 name=mmc1
     kworker/0:0-2364    [000] d.h1.  9079.950777: irq_handler_exit: irq=37 ret=handled
     kworker/0:0-2364    [000] d.h1.  9079.950778: irq_handler_entry: irq=37 name=mmc0
     kworker/0:0-2364    [000] d.h1.  9079.950780: irq_handler_exit: irq=37 ret=unhandled
     kworker/0:0-2364    [000] dNs5.  9079.950795: sched_wakeup: comm=kworker/u9:0 pid=77 prio=100 target_cpu=000
     kworker/0:0-2364    [000] d..2.  9079.950804: sched_switch: prev_comm=kworker/0:0 prev_pid=2364 prev_prio=120 prev_state=R ==> next_comm=kworker/u9:0 next_pid=77 next_prio=100
    kworker/u9:0-77      [000] .....  9079.950824: workqueue_execute_end: work struct 00000000f35ee514: function brcmf_sdio_dataworker [brcmfmac]
    kworker/u9:0-77      [000] d..2.  9079.950833: sched_switch: prev_comm=kworker/u9:0 prev_pid=77 prev_prio=100 prev_state=I ==> next_comm=kworker/0:0 next_pid=2364 next_prio=120
     kworker/0:0-2364    [000] .....  9079.950840: workqueue_execute_start: work struct 000000004e1110d7: function vmstat_shepherd
     kworker/0:0-2364    [000] .....  9079.950852: workqueue_execute_end: work struct 000000004e1110d7: function vmstat_shepherd
     kworker/0:0-2364    [000] d..2.  9079.950865: sched_switch: prev_comm=kworker/0:0 prev_pid=2364 prev_prio=120 prev_state=I ==> next_comm=swapper/0 next_pid=0 next_prio=120
          <idle>-0       [000] d.h1.  9079.962666: irq_handler_entry: irq=11 name=arch_timer
