          <idle>-0       [000] dNh1.  9078.971596: irq_handler_exit: irq=2 ret=handled
          <idle>-0       [000] d..2.  9078.971609: sched_switch: prev_comm=swapper/0 prev_pid=0 prev_prio=120 prev_state=R ==> next_comm=kworker/u9:0 next_pid=77 next_prio=100
    kworker/u9:0-77      [000] .....  9078.971616: workqueue_execute_start: work struct 00000000f35ee514: function brcmf_sdio_dataworker [brcmfmac]
            sshd-1537    [003] d..2.  9078.971640: sched_switch: prev_comm=sshd prev_pid=1537 prev_prio=120 prev_state=S ==> next_comm=swapper/3 next_pid=0 next_prio=120
    kworker/u9:0-77      [000] d.h1.  9078.971670: irq_handler_entry: irq=37 name=mmc1
    kworker/u9:0-77      [000] d.h1.  9078.971681: irq_handler_exit: irq=37 ret=handled
    kworker/u9:0-77      [000] d.h1.  9078.971682: irq_handler_entry: irq=37 name=mmc0
    kworker/u9:0-77      [000] d.h1.  9078.971684: irq_handler_exit: irq=37 ret=unhandled
    kworker/u9:0-77      [000] d..2.  9078.971694: sched_switch: prev_comm=kworker/u9:0 prev_pid=77 prev_prio=100 prev_state=D ==> next_comm=swapper/0 next_pid=0 next_prio=120
          <idle>-0       [000] d.h1.  9078.971700: irq_handler_entry: irq=37 name=mmc1
          <idle>-0       [000] d.h1.  9078.971704: irq_handler_exit: irq=37 ret=handled
          <idle>-0       [000] d.h1.  9078.971705: irq_handler_entry: irq=37 name=mmc0
          <idle>-0       [000] d.h1.  9078.971706: irq_handler_exit: irq=37 ret=unhandled
          <idle>-0       [000] dNs5.  9078.971720: sched_wakeup: comm=kworker/u9:0 pid=77 prio=100 target_cpu=000
          <idle>-0       [000] d..2.  9078.971730: sched_switch: prev_comm=swapper/0 prev_pid=0 prev_prio=120 prev_state=R ==> next_comm=kworker/u9:0 next_pid=77 next_prio=100
    kworker/u9:0-77      [000] .....  9078.971748: workqueue_execute_end: work struct 00000000f35ee514: function brcmf_sdio_dataworker [brcmfmac]
    kworker/u9:0-77      [000] d..2.  9078.971757: sched_switch: prev_comm=kworker/u9:0 prev_pid=77 prev_prio=100 prev_state=I ==> next_comm=swapper/0 next_pid=0 next_prio=120
          <idle>-0       [000] d.h1.  9078.974651: irq_handler_entry: irq=37 name=mmc1
          <idle>-0       [000] dNh6.  9078.974663: sched_wakeup: comm=kworker/0:0 pid=2364 prio=120 target_cpu=000
          <idle>-0       [000] dNh1.  9078.974665: irq_handler_exit: irq=37 ret=handled
          <idle>-0       [000] dNh1.  9078.974666: irq_handler_entry: irq=37 name=mmc0
          <idle>-0       [000] dNh1.  9078.974668: irq_handler_exit: irq=37 ret=unhandled
          <idle>-0       [000] d..2.  9078.974683: sched_switch: prev_comm=swapper/0 prev_pid=0 prev_prio=120 prev_state=R ==> next_comm=kworker/0:0 next_pid=2364 next_prio=120
     kworker/0:0-2364    [000] .....  9078.974690: workqueue_execute_start: work struct 000000003c9ea3d2: function sdio_irq_work
     kworker/0:0-2364    [000] d.h1.  9078.974715: irq_handler_entry: irq=37 name=mmc1
     kworker/0:0-2364    [000] d.h1.  9078.974719: irq_handler_exit: irq=37 ret=handled
     kworker/0:0-2364    [000] d.h1.  9078.974720: irq_handler_entry: irq=37 name=mmc0
     kworker/0:0-2364    [000] d.h1.  9078.974721: irq_handler_exit: irq=37 ret=unhandled
     kworker/0:0-2364    [000] d.s3.  9078.974732: sched_wakeup: comm=kworker/0:0 pid=2364 prio=120 target_cpu=000
     kworker/0:0-2364    [000] d.h1.  9078.974763: irq_handler_entry: irq=37 name=mmc1
     kworker/0:0-2364    [000] d.h1.  9078.974769: irq_handler_exit: irq=37 ret=handled
     kworker/0:0-2364    [000] d.h1.  9078.974770: irq_handler_entry: irq=37 name=mmc0
     kworker/0:0-2364    [000] d.h1.  9078.974772: irq_handler_exit: irq=37 ret=unhandled
     kworker/0:0-2364    [000] d.s3.  9078.974782: sched_wakeup: comm=kworker/0:0 pid=2364 prio=120 target_cpu=000
     kworker/0:0-2364    [000] d.h1.  9078.974811: irq_handler_entry: irq=37 name=mmc1
     kworker/0:0-2364    [000] d.h1.  9078.974815: irq_handler_exit: irq=37 ret=handled
     kworker/0:0-2364    [000] d.h1.  9078.974816: irq_handler_entry: irq=37 name=mmc0
     kworker/0:0-2364    [000] d.h1.  9078.974818: irq_handler_exit: irq=37 ret=unhandled
     kworker/0:0-2364    [000] d.h1.  9078.974820: irq_handler_entry: irq=37 name=mmc1
     kworker/0:0-2364    [000] d.h1.  9078.974823: irq_handler_exit: irq=37 ret=handled
     kworker/0:0-2364    [000] d.h1.  9078.974824: irq_handler_entry: irq=37 name=mmc0
     kworker/0:0-2364    [000] d.h1.  9078.974826: irq_handler_exit: irq=37 ret=unhandled
     kworker/0:0-2364    [000] d.s3.  9078.974835: sched_wakeup: comm=kworker/0:0 pid=2364 prio=120 target_cpu=000
     kworker/0:0-2364    [000] dN.4.  9078.974854: sched_wakeup: comm=kworker/u9:0 pid=77 prio=100 target_cpu=000
     kworker/0:0-2364    [000] d..2.  9078.974867: sched_switch: prev_comm=kworker/0:0 prev_pid=2364 prev_prio=120 prev_state=R+ ==> next_comm=kworker/u9:0 next_pid=77 next_prio=100
    kworker/u9:0-77      [000] .....  9078.974875: workqueue_execute_start: work struct 00000000f35ee514: function brcmf_sdio_dataworker [brcmfmac]
    kworker/u9:0-77      [000] d..2.  9078.974886: sched_switch: prev_comm=kworker/u9:0 prev_pid=77 prev_prio=100 prev_state=D ==> next_comm=kworker/0:0 next_pid=2364 next_prio=120
     kworker/0:0-2364    [000] dN.4.  9078.974897: sched_wakeup: comm=kworker/u9:0 pid=77 prio=100 target_cpu=000
     kworker/0:0-2364    [000] d..2.  9078.974903: sched_switch: prev_comm=kworker/0:0 prev_pid=2364 prev_prio=120 prev_state=R+ ==> next_comm=kworker/u9:0 next_pid=77 next_prio=100
    kworker/u9:0-77      [000] d.h1.  9078.974954: irq_handler_entry: irq=37 name=mmc1
    kworker/u9:0-77      [000] d.h1.  9078.974963: irq_handler_exit: irq=37 ret=handled
    kworker/u9:0-77      [000] d.h1.  9078.974964: irq_handler_entry: irq=37 name=mmc0
    kworker/u9:0-77      [000] d.h1.  9078.974966: irq_handler_exit: irq=37 ret=unhandled
    kworker/u9:0-77      [000] d.s3.  9078.974977: sched_wakeup: comm=kworker/u9:0 pid=77 prio=100 target_cpu=000
    kworker/u9:0-77      [000] d.h1.  9078.975011: irq_handler_entry: irq=37 name=mmc1
    kworker/u9:0-77      [000] d.h1.  9078.975018: irq_handler_exit: irq=37 ret=handled
    kworker/u9:0-77      [000] d.h1.  9078.975019: irq_handler_entry: irq=37 name=mmc0
    kworker/u9:0-77      [000] d.h1.  9078.975022: irq_handler_exit: irq=37 ret=unhandled
    kworker/u9:0-77      [000] d.s3.  9078.975032: sched_wakeup: comm=kworker/u9:0 pid=77 prio=100 target_cpu=000
    kworker/u9:0-77      [000] d.h1.  9078.975125: irq_handler_entry: irq=37 name=mmc1
    kworker/u9:0-77      [000] d.h1.  9078.975135: irq_handler_exit: irq=37 ret=handled
    kworker/u9:0-77      [000] d.h1.  9078.975136: irq_handler_entry: irq=37 name=mmc0
    kworker/u9:0-77      [000] d.h1.  9078.975138: irq_handler_exit: irq=37 ret=unhandled
    kworker/u9:0-77      [000] d.s3.  9078.975148: sched_wakeup: comm=kworker/u9:0 pid=77 prio=100 target_cpu=000
    kworker/u9:0-77      [000] .....  9078.975169: workqueue_execute_end: work struct 00000000f35ee514: function brcmf_sdio_dataworker [brcmfmac]
    kworker/u9:0-77      [000] d..2.  9078.975180: sched_switch: prev_comm=kworker/u9:0 prev_pid=77 prev_prio=100 prev_state=I ==> next_comm=kworker/0:0 next_pid=2364 next_prio=120
     kworker/0:0-2364    [000] .....  9078.975185: workqueue_execute_end: work struct 000000003c9ea3d2: function sdio_irq_work
     kworker/0:0-2364    [000] d..2.  9078.975199: sched_switch: prev_comm=kworker/0:0 prev_pid=2364 prev_prio=120 prev_state=I ==> next_comm=swapper/0 next_pid=0 next_prio=120
          <idle>-0       [000] d.h1.  9078.990652: irq_handler_entry: irq=11 name=arch_timer
          <idle>-0       [000] d.h1.  9078.990662: irq_handler_exit: irq=11 ret=handled
          <idle>-0       [000] dNs5.  9078.990677: sched_wakeup: comm=brcmf_wdog/mmc1 pid=279 prio=120 target_cpu=000
          <idle>-0       [000] d..2.  9078.990705: sched_switch: prev_comm=swapper/0 prev_pid=0 prev_prio=120 prev_state=R ==> next_comm=brcmf_wdog/mmc1 next_pid=279 next_prio=120
 brcmf_wdog/mmc1-279     [000] d..2.  9078.990723: sched_switch: prev_comm=brcmf_wdog/mmc1 prev_pid=279 prev_prio=120 prev_state=S ==> next_comm=swapper/0 next_pid=0 next_prio=120
          <idle>-0       [000] d.h1.  9079.006652: irq_handler_entry: irq=11 name=arch_timer
          <idle>-0       [000] d.h1.  9079.006660: irq_handler_exit: irq=11 ret=handled
          <idle>-0       [000] dNs5.  9079.006672: sched_wakeup: comm=brcmf_wdog/mmc1 pid=279 prio=120 target_cpu=000
          <idle>-0       [000] d..2.  9079.006698: sched_switch: prev_comm=swapper/0 prev_pid=0 prev_prio=120 prev_state=R ==> next_comm=brcmf_wdog/mmc1 next_pid=279 next_prio=120
 brcmf_wdog/mmc1-279     [000] d.h1.  9079.006733: irq_handler_entry: irq=37 name=mmc1
 brcmf_wdog/mmc1-279     [000] d.h1.  9079.006737: irq_handler_exit: irq=37 ret=handled
 brcmf_wdog/mmc1-279     [000] d.h1.  9079.006738: irq_handler_entry: irq=37 name=mmc0
 brcmf_wdog/mmc1-279     [000] d.h1.  9079.006740: irq_handler_exit: irq=37 ret=unhandled
 brcmf_wdog/mmc1-279     [000] d.s3.  9079.006751: sched_wakeup: comm=brcmf_wdog/mmc1 pid=279 prio=120 target_cpu=000
 brcmf_wdog/mmc1-279     [000] d..2.  9079.006776: sched_switch: prev_comm=brcmf_wdog/mmc1 prev_pid=279 prev_prio=120 prev_state=S ==> next_comm=swapper/0 next_pid=0 next_prio=120
          <idle>-0       [003] d.h1.  9079.018654: irq_handler_entry: irq=11 name=arch_timer
          <idle>-0       [003] d.h1.  9079.018664: irq_handler_exit: irq=11 ret=handled
          <idle>-0       [003] d.H1.  9079.018683: irq_handler_entry: irq=6 name=IPI
          <idle>-0       [003] dNH5.  9079.018692: sched_wakeup: comm=kworker/3:1 pid=1570 prio=120 target_cpu=003
          <idle>-0       [003] dNH1.  9079.018694: irq_handler_exit: irq=6 ret=handled
          <idle>-0       [003] d..2.  9079.018715: sched_switch: prev_comm=swapper/3 prev_pid=0 prev_prio=120 prev_state=R ==> next_comm=kworker/3:1 next_pid=1570 next_prio=120
     kworker/3:1-1570    [003] .....  9079.018723: workqueue_execute_start: work struct 0000000035bda312: function dbs_work_handler
     kworker/3:1-1570    [003] .....  9079.018730: workqueue_execute_end: work struct 0000000035bda312: function dbs_work_handler
     kworker/3:1-1570    [003] d..2.  9079.018740: sched_switch: prev_comm=kworker/3:1 prev_pid=1570 prev_prio=120 prev_state=I ==> next_comm=swapper/3 next_pid=0 next_prio=120
          <idle>-0       [000] d.h1.  9079.020670: irq_handler_entry: irq=37 name=mmc1
          <idle>-0       [000] dNh6.  9079.020682: sched_wakeup: comm=kworker/0:0 pid=2364 prio=120 target_cpu=000
          <idle>-0       [000] dNh1.  9079.020684: irq_handler_exit: irq=37 ret=handled
          <idle>-0       [000] dNh1.  9079.020685: irq_handler_entry: irq=37 name=mmc0
          <idle>-0       [000] dNh1.  9079.020686: irq_handler_exit: irq=37 ret=unhandled
          <idle>-0       [000] d..2.  9079.020700: sched_switch: prev_comm=swapper/0 prev_pid=0 prev_prio=120 prev_state=R ==> next_comm=kworker/0:0 next_pid=2364 next_prio=120
     kworker/0:0-2364    [000] .....  9079.020708: workqueue_execute_start: work struct 000000003c9ea3d2: function sdio_irq_work
     kworker/0:0-2364    [000] d.h1.  9079.020731: irq_handler_entry: irq=37 name=mmc1
     kworker/0:0-2364    [000] d.h1.  9079.020735: irq_handler_exit: irq=37 ret=handled
     kworker/0:0-2364    [000] d.h1.  9079.020736: irq_handler_entry: irq=37 name=mmc0
     kworker/0:0-2364    [000] d.h1.  9079.020738: irq_handler_exit: irq=37 ret=unhandled
     kworker/0:0-2364    [000] d.s3.  9079.020748: sched_wakeup: comm=kworker/0:0 pid=2364 prio=120 target_cpu=000
     kworker/0:0-2364    [000] d.h1.  9079.020779: irq_handler_entry: irq=37 name=mmc1
     kworker/0:0-2364    [000] d.h1.  9079.020786: irq_handler_exit: irq=37 ret=handled
     kworker/0:0-2364    [000] d.h1.  9079.020787: irq_handler_entry: irq=37 name=mmc0
     kworker/0:0-2364    [000] d.h1.  9079.020788: irq_handler_exit: irq=37 ret=unhandled
     kworker/0:0-2364    [000] d.s3.  9079.020798: sched_wakeup: comm=kworker/0:0 pid=2364 prio=120 target_cpu=000
     kworker/0:0-2364    [000] d.h1.  9079.020827: irq_handler_entry: irq=37 name=mmc1
     kworker/0:0-2364    [000] d.h1.  9079.020831: irq_handler_exit: irq=37 ret=handled
     kworker/0:0-2364    [000] d.h1.  9079.020833: irq_handler_entry: irq=37 name=mmc0
     kworker/0:0-2364    [000] d.h1.  9079.020834: irq_handler_exit: irq=37 ret=unhandled
     kworker/0:0-2364    [000] d.h1.  9079.020836: irq_handler_entry: irq=37 name=mmc1
     kworker/0:0-2364    [000] d.h1.  9079.020840: irq_handler_exit: irq=37 ret=handled
     kworker/0:0-2364    [000] d.h1.  9079.020841: irq_handler_entry: irq=37 name=mmc0
     kworker/0:0-2364    [000] d.h1.  9079.020842: irq_handler_exit: irq=37 ret=unhandled
     kworker/0:0-2364    [000] d.s3.  9079.020852: sched_wakeup: comm=kworker/0:0 pid=2364 prio=120 target_cpu=000
     kworker/0:0-2364    [000] dN.4.  9079.020870: sched_wakeup: comm=kworker/u9:0 pid=77 prio=100 target_cpu=000
     kworker/0:0-2364    [000] d..2.  9079.020883: sched_switch: prev_comm=kworker/0:0 prev_pid=2364 prev_prio=120 prev_state=R+ ==> next_comm=kworker/u9:0 next_pid=77 next_prio=100
    kworker/u9:0-77      [000] .....  9079.020890: workqueue_execute_start: work struct 00000000f35ee514: function brcmf_sdio_dataworker [brcmfmac]
    kworker/u9:0-77      [000] d..2.  9079.020901: sched_switch: prev_comm=kworker/u9:0 prev_pid=77 prev_prio=100 prev_state=D ==> next_comm=kworker/0:0 next_pid=2364 next_prio=120
     kworker/0:0-2364    [000] dN.4.  9079.020912: sched_wakeup: comm=kworker/u9:0 pid=77 prio=100 target_cpu=000
     kworker/0:0-2364    [000] d..2.  9079.020918: sched_switch: prev_comm=kworker/0:0 prev_pid=2364 prev_prio=120 prev_state=R+ ==> next_comm=kworker/u9:0 next_pid=77 next_prio=100
    kworker/u9:0-77      [000] d.h1.  9079.020942: irq_handler_entry: irq=37 name=mmc1
    kworker/u9:0-77      [000] d.h1.  9079.020946: irq_handler_exit: irq=37 ret=handled
    kworker/u9:0-77      [000] d.h1.  9079.020947: irq_handler_entry: irq=37 name=mmc0
    kworker/u9:0-77      [000] d.h1.  9079.020948: irq_handler_exit: irq=37 ret=unhandled
    kworker/u9:0-77      [000] d.s3.  9079.020959: sched_wakeup: comm=kworker/u9:0 pid=77 prio=100 target_cpu=000
    kworker/u9:0-77      [000] d.h1.  9079.020981: irq_handler_entry: irq=37 name=mmc1
    kworker/u9:0-77      [000] d.h1.  9079.020985: irq_handler_exit: irq=37 ret=handled
    kworker/u9:0-77      [000] d.h1.  9079.020986: irq_handler_entry: irq=37 name=mmc0
    kworker/u9:0-77      [000] d.h1.  9079.020987: irq_handler_exit: irq=37 ret=unhandled
    kworker/u9:0-77      [000] d.s3.  9079.020997: sched_wakeup: comm=kworker/u9:0 pid=77 prio=100 target_cpu=000
    kworker/u9:0-77      [000] d.h1.  9079.021047: irq_handler_entry: irq=37 name=mmc1
    kworker/u9:0-77      [000] d.h1.  9079.021057: irq_handler_exit: irq=37 ret=handled
    kworker/u9:0-77      [000] d.h1.  9079.021058: irq_handler_entry: irq=37 name=mmc0
    kworker/u9:0-77      [000] d.h1.  9079.021059: irq_handler_exit: irq=37 ret=unhandled
    kworker/u9:0-77      [000] d.s3.  9079.021069: sched_wakeup: comm=kworker/u9:0 pid=77 prio=100 target_cpu=000
    kworker/u9:0-77      [000] d.h1.  9079.021103: irq_handler_entry: irq=37 name=mmc1
    kworker/u9:0-77      [000] d.h1.  9079.021110: irq_handler_exit: irq=37 ret=handled
    kworker/u9:0-77      [000] d.h1.  9079.021111: irq_handler_entry: irq=37 name=mmc0
    kworker/u9:0-77      [000] d.h1.  9079.021113: irq_handler_exit: irq=37 ret=unhandled
    kworker/u9:0-77      [000] d.s3.  9079.021122: sched_wakeup: comm=kworker/u9:0 pid=77 prio=100 target_cpu=000
    kworker/u9:0-77      [000] d.h1.  9079.021204: irq_handler_entry: irq=37 name=mmc1
    kworker/u9:0-77      [000] d.h1.  9079.021213: irq_handler_exit: irq=37 ret=handled
    kworker/u9:0-77      [000] d.h1.  9079.021215: irq_handler_entry: irq=37 name=mmc0
    kworker/u9:0-77      [000] d.h1.  9079.021216: irq_handler_exit: irq=37 ret=unhandled
    kworker/u9:0-77      [000] d.s3.  9079.021227: sched_wakeup: comm=kworker/u9:0 pid=77 prio=100 target_cpu=000
    kworker/u9:0-77      [000] .....  9079.021247: workqueue_execute_end: work struct 00000000f35ee514: function brcmf_sdio_dataworker [brcmfmac]
    kworker/u9:0-77      [000] d..2.  9079.021257: sched_switch: prev_comm=kworker/u9:0 prev_pid=77 prev_prio=100 prev_state=I ==> next_comm=kworker/0:0 next_pid=2364 next_prio=120
     kworker/0:0-2364    [000] .....  9079.021262: workqueue_execute_end: work struct 000000003c9ea3d2: function sdio_irq_work
     kworker/0:0-2364    [000] d..2.  9079.021277: sched_switch: prev_comm=kworker/0:0 prev_pid=2364 prev_prio=120 prev_state=I ==> next_comm=swapper/0 next_pid=0 next_prio=120
          <idle>-0       [000] d.h1.  9079.034653: irq_handler_entry: irq=11 name=arch_timer
          <idle>-0       [000] d.h1.  9079.034661: irq_handler_exit: irq=11 ret=handled
          <idle>-0       [000] dNs5.  9079.034674: sched_wakeup: comm=brcmf_wdog/mmc1 pid=279 prio=120 target_cpu=000
          <idle>-0       [000] d..2.  9079.034701: sched_switch: prev_comm=swapper/0 prev_pid=0 prev_prio=120 prev_state=R ==> next_comm=brcmf_wdog/mmc1 next_pid=279 next_prio=120
 brcmf_wdog/mmc1-279     [000] d..2.  9079.034716: sched_switch: prev_comm=brcmf_wdog/mmc1 prev_pid=279 prev_prio=120 prev_state=S ==> next_comm=swapper/0 next_pid=0 next_prio=120
          <idle>-0       [000] d.h1.  9079.050652: irq_handler_entry: irq=11 name=arch_timer
          <idle>-0       [000] d.h1.  9079.050660: irq_handler_exit: irq=11 ret=handled
          <idle>-0       [000] dNs5.  9079.050672: sched_wakeup: comm=brcmf_wdog/mmc1 pid=279 prio=120 target_cpu=000
          <idle>-0       [000] d..2.  9079.050698: sched_switch: prev_comm=swapper/0 prev_pid=0 prev_prio=120 prev_state=R ==> next_comm=brcmf_wdog/mmc1 next_pid=279 next_prio=120
 brcmf_wdog/mmc1-279     [000] d.h1.  9079.050732: irq_handler_entry: irq=37 name=mmc1
 brcmf_wdog/mmc1-279     [000] d.h1.  9079.050736: irq_handler_exit: irq=37 ret=handled
 brcmf_wdog/mmc1-279     [000] d.h1.  9079.050737: irq_handler_entry: irq=37 name=mmc0
 brcmf_wdog/mmc1-279     [000] d.h1.  9079.050739: irq_handler_exit: irq=37 ret=unhandled
 brcmf_wdog/mmc1-279     [000] d.s3.  9079.050749: sched_wakeup: comm=brcmf_wdog/mmc1 pid=279 prio=120 target_cpu=000
 brcmf_wdog/mmc1-279     [000] d..2.  9079.050775: sched_switch: prev_comm=brcmf_wdog/mmc1 prev_pid=279 prev_prio=120 prev_state=S ==> next_comm=swapper/0 next_pid=0 next_prio=120
          <idle>-0       [000] d.h1.  9079.052087: irq_handler_entry: irq=37 name=mmc1
          <idle>-0       [000] dNh6.  9079.052098: sched_wakeup: comm=kworker/0:0 pid=2364 prio=120 target_cpu=000
          <idle>-0       [000] dNh1.  9079.052101: irq_handler_exit: irq=37 ret=handled
          <idle>-0       [000] dNh1.  9079.052102: irq_handler_entry: irq=37 name=mmc0
          <idle>-0       [000] dNh1.  9079.052103: irq_handler_exit: irq=37 ret=unhandled
          <idle>-0       [000] d..2.  9079.052117: sched_switch: prev_comm=swapper/0 prev_pid=0 prev_prio=120 prev_state=R ==> next_comm=kworker/0:0 next_pid=2364 next_prio=120
     kworker/0:0-2364    [000] .....  9079.052124: workqueue_execute_start: work struct 000000003c9ea3d2: function sdio_irq_work
     kworker/0:0-2364    [000] d.h1.  9079.052148: irq_handler_entry: irq=37 name=mmc1
     kworker/0:0-2364    [000] d.h1.  9079.052152: irq_handler_exit: irq=37 ret=handled
     kworker/0:0-2364    [000] d.h1.  9079.052153: irq_handler_entry: irq=37 name=mmc0
     kworker/0:0-2364    [000] d.h1.  9079.052155: irq_handler_exit: irq=37 ret=unhandled
     kworker/0:0-2364    [000] d.s3.  9079.052165: sched_wakeup: comm=kworker/0:0 pid=2364 prio=120 target_cpu=000
     kworker/0:0-2364    [000] d.h1.  9079.052196: irq_handler_entry: irq=37 name=mmc1
     kworker/0:0-2364    [000] d.h1.  9079.052202: irq_handler_exit: irq=37 ret=handled
     kworker/0:0-2364    [000] d.h1.  9079.052203: irq_handler_entry: irq=37 name=mmc0
     kworker/0:0-2364    [000] d.h1.  9079.052205: irq_handler_exit: irq=37 ret=unhandled
     kworker/0:0-2364    [000] d.s3.  9079.052214: sched_wakeup: comm=kworker/0:0 pid=2364 prio=120 target_cpu=000
     kworker/0:0-2364    [000] d.h1.  9079.052243: irq_handler_entry: irq=37 name=mmc1
     kworker/0:0-2364    [000] d.h1.  9079.052247: irq_handler_exit: irq=37 ret=handled
     kworker/0:0-2364    [000] d.h1.  9079.052249: irq_handler_entry: irq=37 name=mmc0
     kworker/0:0-2364    [000] d.h1.  9079.052251: irq_handler_exit: irq=37 ret=unhandled
     kworker/0:0-2364    [000] d.h1.  9079.052254: irq_handler_entry: irq=37 name=mmc1
     kworker/0:0-2364    [000] d.h1.  9079.052257: irq_handler_exit: irq=37 ret=handled
     kworker/0:0-2364    [000] d.h1.  9079.052258: irq_handler_entry: irq=37 name=mmc0
     kworker/0:0-2364    [000] d.h1.  9079.052260: irq_handler_exit: irq=37 ret=unhandled
     kworker/0:0-2364    [000] d.s3.  9079.052270: sched_wakeup: comm=kworker/0:0 pid=2364 prio=120 target_cpu=000
     kworker/0:0-2364    [000] dN.4.  9079.052288: sched_wakeup: comm=kworker/u9:0 pid=77 prio=100 target_cpu=000
     kworker/0:0-2364    [000] d..2.  9079.052302: sched_switch: prev_comm=kworker/0:0 prev_pid=2364 prev_prio=120 prev_state=R+ ==> next_comm=kworker/u9:0 next_pid=77 next_prio=100
    kworker/u9:0-77      [000] .....  9079.052309: workqueue_execute_start: work struct 00000000f35ee514: function brcmf_sdio_dataworker [brcmfmac]
    kworker/u9:0-77      [000] d..2.  9079.052320: sched_switch: prev_comm=kworker/u9:0 prev_pid=77 prev_prio=100 prev_state=D ==> next_comm=kworker/0:0 next_pid=2364 next_prio=120
     kworker/0:0-2364    [000] dN.4.  9079.052331: sched_wakeup: comm=kworker/u9:0 pid=77 prio=100 target_cpu=000
     kworker/0:0-2364    [000] d..2.  9079.052337: sched_switch: prev_comm=kworker/0:0 prev_pid=2364 prev_prio=120 prev_state=R+ ==> next_comm=kworker/u9:0 next_pid=77 next_prio=100
    kworker/u9:0-77      [000] d.h1.  9079.052361: irq_handler_entry: irq=37 name=mmc1
    kworker/u9:0-77      [000] d.h1.  9079.052364: irq_handler_exit: irq=37 ret=handled
    kworker/u9:0-77      [000] d.h1.  9079.052366: irq_handler_entry: irq=37 name=mmc0
    kworker/u9:0-77      [000] d.h1.  9079.052367: irq_handler_exit: irq=37 ret=unhandled
    kworker/u9:0-77      [000] d.s3.  9079.052378: sched_wakeup: comm=kworker/u9:0 pid=77 prio=100 target_cpu=000
    kworker/u9:0-77      [000] d.h1.  9079.052400: irq_handler_entry: irq=37 name=mmc1
    kworker/u9:0-77      [000] d.h1.  9079.052403: irq_handler_exit: irq=37 ret=handled
    kworker/u9:0-77      [000] d.h1.  9079.052404: irq_handler_entry: irq=37 name=mmc0
    kworker/u9:0-77      [000] d.h1.  9079.052406: irq_handler_exit: irq=37 ret=unhandled
    kworker/u9:0-77      [000] d.s3.  9079.052415: sched_wakeup: comm=kworker/u9:0 pid=77 prio=100 target_cpu=000
    kworker/u9:0-77      [000] d.h1.  9079.052466: irq_handler_entry: irq=37 name=mmc1
    kworker/u9:0-77      [000] d.h1.  9079.052475: irq_handler_exit: irq=37 ret=handled
    kworker/u9:0-77      [000] d.h1.  9079.052476: irq_handler_entry: irq=37 name=mmc0
    kworker/u9:0-77      [000] d.h1.  9079.052478: irq_handler_exit: irq=37 ret=unhandled
    kworker/u9:0-77      [000] d.s3.  9079.052488: sched_wakeup: comm=kworker/u9:0 pid=77 prio=100 target_cpu=000
    kworker/u9:0-77      [000] d.h1.  9079.052522: irq_handler_entry: irq=37 name=mmc1
    kworker/u9:0-77      [000] d.h1.  9079.052532: irq_handler_exit: irq=37 ret=handled
    kworker/u9:0-77      [000] d.h1.  9079.052533: irq_handler_entry: irq=37 name=mmc0
    kworker/u9:0-77      [000] d.h1.  9079.052535: irq_handler_exit: irq=37 ret=unhandled
    kworker/u9:0-77      [000] d.s3.  9079.052545: sched_wakeup: comm=kworker/u9:0 pid=77 prio=100 target_cpu=000
          <idle>-0       [003] d.h1.  9079.052591: irq_handler_entry: irq=2 name=IPI
          <idle>-0       [003] dNh2.  9079.052598: sched_wakeup: comm=sshd pid=1537 prio=120 target_cpu=003
          <idle>-0       [003] dNh1.  9079.052600: irq_handler_exit: irq=2 ret=handled
          <idle>-0       [003] d..2.  9079.052613: sched_switch: prev_comm=swapper/3 prev_pid=0 prev_prio=120 prev_state=R ==> next_comm=sshd next_pid=1537 next_prio=120
    kworker/u9:0-77      [000] d.h1.  9079.052630: irq_handler_entry: irq=37 name=mmc1
    kworker/u9:0-77      [000] d.h1.  9079.052640: irq_handler_exit: irq=37 ret=handled
    kworker/u9:0-77      [000] d.h1.  9079.052641: irq_handler_entry: irq=37 name=mmc0
    kworker/u9:0-77      [000] d.h1.  9079.052642: irq_handler_exit: irq=37 ret=unhandled
    kworker/u9:0-77      [000] d.s3.  9079.052653: sched_wakeup: comm=kworker/u9:0 pid=77 prio=100 target_cpu=000
    kworker/u9:0-77      [000] .....  9079.052673: workqueue_execute_end: work struct 00000000f35ee514: function brcmf_sdio_dataworker [brcmfmac]
    kworker/u9:0-77      [000] d..2.  9079.052684: sched_switch: prev_comm=kworker/u9:0 prev_pid=77 prev_prio=100 prev_state=I ==> next_comm=kworker/0:0 next_pid=2364 next_prio=120
     kworker/0:0-2364    [000] .....  9079.052688: workqueue_execute_end: work struct 000000003c9ea3d2: function sdio_irq_work
     kworker/0:0-2364    [000] d..2.  9079.052703: sched_switch: prev_comm=kworker/0:0 prev_pid=2364 prev_prio=120 prev_state=I ==> next_comm=swapper/0 next_pid=0 next_prio=120
          <idle>-0       [001] d.h1.  9079.052771: irq_handler_entry: irq=2 name=IPI
          <idle>-0       [001] dNh2.  9079.052778: sched_wakeup: comm=kworker/u8:1 pid=2300 prio=120 target_cpu=001
          <idle>-0       [001] dNh1.  9079.052780: irq_handler_exit: irq=2 ret=handled
          <idle>-0       [001] d..2.  9079.052793: sched_switch: prev_comm=swapper/1 prev_pid=0 prev_prio=120 prev_state=R ==> next_comm=kworker/u8:1 next_pid=2300 next_prio=120
    kworker/u8:1-2300    [001] .....  9079.052800: workqueue_execute_start: work struct 000000008da6e690: function flush_to_ldisc
    kworker/u8:1-2300    [001] .....  9079.052809: workqueue_execute_end: work struct 000000008da6e690: function flush_to_ldisc
          <idle>-0       [002] d.h1.  9079.052811: irq_handler_entry: irq=2 name=IPI
            sshd-1537    [003] d..2.  9079.052818: sched_switch: prev_comm=sshd prev_pid=1537 prev_prio=120 prev_state=S ==> next_comm=swapper/3 next_pid=0 next_prio=120
    kworker/u8:1-2300    [001] d..2.  9079.052818: sched_switch: prev_comm=kworker/u8:1 prev_pid=2300 prev_prio=120 prev_state=I ==> next_comm=swapper/1 next_pid=0 next_prio=120
          <idle>-0       [002] dNh2.  9079.052819: sched_wakeup: comm=bash pid=1551 prio=120 target_cpu=002
          <idle>-0       [002] dNh1.  9079.052821: irq_handler_exit: irq=2 ret=handled
          <idle>-0       [002] d..2.  9079.052834: sched_switch: prev_comm=swapper/2 prev_pid=0 prev_prio=120 prev_state=R ==> next_comm=bash next_pid=1551 next_prio=120
          <idle>-0       [001] d.h1.  9079.052914: irq_handler_entry: irq=2 name=IPI
          <idle>-0       [001] dNh2.  9079.052920: sched_wakeup: comm=kworker/u8:1 pid=2300 prio=120 target_cpu=001
          <idle>-0       [001] dNh1.  9079.052921: irq_handler_exit: irq=2 ret=handled
          <idle>-0       [001] d..2.  9079.052934: sched_switch: prev_comm=swapper/1 prev_pid=0 prev_prio=120 prev_state=R ==> next_comm=kworker/u8:1 next_pid=2300 next_prio=120
    kworker/u8:1-2300    [001] .....  9079.052941: workqueue_execute_start: work struct 000000009d5238c5: function flush_to_ldisc
            bash-1551    [002] d..2.  9079.052943: sched_switch: prev_comm=bash prev_pid=1551 prev_prio=120 prev_state=S ==> next_comm=swapper/2 next_pid=0 next_prio=120
    kworker/u8:1-2300    [001] .....  9079.052949: workqueue_execute_end: work struct 000000009d5238c5: function flush_to_ldisc
          <idle>-0       [003] d.h1.  9079.052952: irq_handler_entry: irq=2 name=IPI
    kworker/u8:1-2300    [001] d..2.  9079.052958: sched_switch: prev_comm=kworker/u8:1 prev_pid=2300 prev_prio=120 prev_state=I ==> next_comm=swapper/1 next_pid=0 next_prio=120
          <idle>-0       [003] dNh2.  9079.052958: sched_wakeup: comm=sshd pid=1537 prio=120 target_cpu=003
          <idle>-0       [003] dNh1.  9079.052960: irq_handler_exit: irq=2 ret=handled
          <idle>-0       [003] d..2.  9079.052973: sched_switch: prev_comm=swapper/3 prev_pid=0 prev_prio=120 prev_state=R ==> next_comm=sshd next_pid=1537 next_prio=120
          <idle>-0       [000] d.h1.  9079.053153: irq_handler_entry: irq=2 name=IPI
          <idle>-0       [000] dNh2.  9079.053159: sched_wakeup: comm=kworker/u9:0 pid=77 prio=100 target_cpu=000
          <idle>-0       [000] dNh1.  9079.053161: irq_handler_exit: irq=2 ret=handled
          <idle>-0       [000] d..2.  9079.053174: sched_switch: prev_comm=swapper/0 prev_pid=0 prev_prio=120 prev_state=R ==> next_comm=kworker/u9:0 next_pid=77 next_prio=100
    kworker/u9:0-77      [000] .....  9079.053182: workqueue_execute_start: work struct 00000000f35ee514: function brcmf_sdio_dataworker [brcmfmac]
            sshd-1537    [003] d..2.  9079.053201: sched_switch: prev_comm=sshd prev_pid=1537 prev_prio=120 prev_state=S ==> next_comm=swapper/3 next_pid=0 next_prio=120
    kworker/u9:0-77      [000] d.h1.  9079.053235: irq_handler_entry: irq=37 name=mmc1
    kworker/u9:0-77      [000] d.h1.  9079.053247: irq_handler_exit: irq=37 ret=handled
    kworker/u9:0-77      [000] d.h1.  9079.053248: irq_handler_entry: irq=37 name=mmc0
    kworker/u9:0-77      [000] d.h1.  9079.053250: irq_handler_exit: irq=37 ret=unhandled
    kworker/u9:0-77      [000] d..2.  9079.053260: sched_switch: prev_comm=kworker/u9:0 prev_pid=77 prev_prio=100 prev_state=D ==> next_comm=swapper/0 next_pid=0 next_prio=120
          <idle>-0       [000] d.h1.  9079.053266: irq_handler_entry: irq=37 name=mmc1
          <idle>-0       [000] d.h1.  9079.053270: irq_handler_exit: irq=37 ret=handled
          <idle>-0       [000] d.h1.  9079.053271: irq_handler_entry: irq=37 name=mmc0
          <idle>-0       [000] d.h1.  9079.053273: irq_handler_exit: irq=37 ret=unhandled
          <idle>-0       [000] dNs5.  9079.053287: sched_wakeup: comm=kworker/u9:0 pid=77 prio=100 target_cpu=000
          <idle>-0       [000] d..2.  9079.053296: sched_switch: prev_comm=swapper/0 prev_pid=0 prev_prio=120 prev_state=R ==> next_comm=kworker/u9:0 next_pid=77 next_prio=100
    kworker/u9:0-77      [000] .....  9079.053316: workqueue_execute_end: work struct 00000000f35ee514: function brcmf_sdio_dataworker [brcmfmac]
    kworker/u9:0-77      [000] d..2.  9079.053325: sched_switch: prev_comm=kworker/u9:0 prev_pid=77 prev_prio=100 prev_state=I ==> next_comm=swapper/0 next_pid=0 next_prio=120
          <idle>-0       [000] d.h1.  9079.066654: irq_handler_entry: irq=11 name=arch_timer
          <idle>-0       [000] d.h1.  9079.066662: irq_handler_exit: irq=11 ret=handled
          <idle>-0       [000] dNs5.  9079.066675: sched_wakeup: comm=brcmf_wdog/mmc1 pid=279 prio=120 target_cpu=000
          <idle>-0       [000] d..2.  9079.066703: sched_switch: prev_comm=swapper/0 prev_pid=0 prev_prio=120 prev_state=R ==> next_comm=brcmf_wdog/mmc1 next_pid=279 next_prio=120
 brcmf_wdog/mmc1-279     [000] d..2.  9079.066718: sched_switch: prev_comm=brcmf_wdog/mmc1 prev_pid=279 prev_prio=120 prev_state=S ==> next_comm=swapper/0 next_pid=0 next_prio=120
          <idle>-0       [000] d.h1.  9079.082653: irq_handler_entry: irq=11 name=arch_timer
          <idle>-0       [000] d.h1.  9079.082660: irq_handler_exit: irq=11 ret=handled
          <idle>-0       [000] dNs5.  9079.082672: sched_wakeup: comm=brcmf_wdog/mmc1 pid=279 prio=120 target_cpu=000
          <idle>-0       [000] d..2.  9079.082698: sched_switch: prev_comm=swapper/0 prev_pid=0 prev_prio=120 prev_state=R ==> next_comm=brcmf_wdog/mmc1 next_pid=279 next_prio=120
 brcmf_wdog/mmc1-279     [000] d.h1.  9079.082732: irq_handler_entry: irq=37 name=mmc1
 brcmf_wdog/mmc1-279     [000] d.h1.  9079.082737: irq_handler_exit: irq=37 ret=handled
 brcmf_wdog/mmc1-279     [000] d.h1.  9079.082738: irq_handler_entry: irq=37 name=mmc0
 brcmf_wdog/mmc1-279     [000] d.h1.  9079.082739: irq_handler_exit: irq=37 ret=unhandled
 brcmf_wdog/mmc1-279     [000] d.s3.  9079.082750: sched_wakeup: comm=brcmf_wdog/mmc1 pid=279 prio=120 target_cpu=000
 brcmf_wdog/mmc1-279     [000] d..2.  9079.082775: sched_switch: prev_comm=brcmf_wdog/mmc1 prev_pid=279 prev_prio=120 prev_state=S ==> next_comm=swapper/0 next_pid=0 next_prio=120
          <idle>-0       [000] d.h1.  9079.094653: irq_handler_entry: irq=11 name=arch_timer
          <idle>-0       [000] d.h1.  9079.094661: irq_handler_exit: irq=11 ret=handled
          <idle>-0       [000] d.h1.  9079.097834: irq_handler_entry: irq=37 name=mmc1
          <idle>-0       [000] dNh6.  9079.097847: sched_wakeup: comm=kworker/0:0 pid=2364 prio=120 target_cpu=000
          <idle>-0       [000] dNh1.  9079.097848: irq_handler_exit: irq=37 ret=handled
          <idle>-0       [000] dNh1.  9079.097850: irq_handler_entry: irq=37 name=mmc0
          <idle>-0       [000] dNh1.  9079.097851: irq_handler_exit: irq=37 ret=unhandled
          <idle>-0       [000] d..2.  9079.097865: sched_switch: prev_comm=swapper/0 prev_pid=0 prev_prio=120 prev_state=R ==> next_comm=kworker/0:0 next_pid=2364 next_prio=120
     kworker/0:0-2364    [000] .....  9079.097873: workqueue_execute_start: work struct 000000003c9ea3d2: function sdio_irq_work
     kworker/0:0-2364    [000] d.h1.  9079.097897: irq_handler_entry: irq=37 name=mmc1
     kworker/0:0-2364    [000] d.h1.  9079.097900: irq_handler_exit: irq=37 ret=handled
     kworker/0:0-2364    [000] d.h1.  9079.097901: irq_handler_entry: irq=37 name=mmc0
     kworker/0:0-2364    [000] d.h1.  9079.097903: irq_handler_exit: irq=37 ret=unhandled
     kworker/0:0-2364    [000] d.s3.  9079.097913: sched_wakeup: comm=kworker/0:0 pid=2364 prio=120 target_cpu=000
     kworker/0:0-2364    [000] d.h1.  9079.097944: irq_handler_entry: irq=37 name=mmc1
     kworker/0:0-2364    [000] d.h1.  9079.097950: irq_handler_exit: irq=37 ret=handled
     kworker/0:0-2364    [000] d.h1.  9079.097951: irq_handler_entry: irq=37 name=mmc0
     kworker/0:0-2364    [000] d.h1.  9079.097953: irq_handler_exit: irq=37 ret=unhandled
     kworker/0:0-2364    [000] d.s3.  9079.097963: sched_wakeup: comm=kworker/0:0 pid=2364 prio=120 target_cpu=000
     kworker/0:0-2364    [000] d.h1.  9079.097991: irq_handler_entry: irq=37 name=mmc1
     kworker/0:0-2364    [000] d.h1.  9079.097996: irq_handler_exit: irq=37 ret=handled
     kworker/0:0-2364    [000] d.h1.  9079.097997: irq_handler_entry: irq=37 name=mmc0
     kworker/0:0-2364    [000] d.h1.  9079.097998: irq_handler_exit: irq=37 ret=unhandled
     kworker/0:0-2364    [000] d.h1.  9079.098001: irq_handler_entry: irq=37 name=mmc1
     kworker/0:0-2364    [000] d.h1.  9079.098004: irq_handler_exit: irq=37 ret=handled
     kworker/0:0-2364    [000] d.h1.  9079.098005: irq_handler_entry: irq=37 name=mmc0
     kworker/0:0-2364    [000] d.h1.  9079.098006: irq_handler_exit: irq=37 ret=unhandled
     kworker/0:0-2364    [000] d.s3.  9079.098016: sched_wakeup: comm=kworker/0:0 pid=2364 prio=120 target_cpu=000
     kworker/0:0-2364    [000] dN.4.  9079.098035: sched_wakeup: comm=kworker/u9:0 pid=77 prio=100 target_cpu=000
     kworker/0:0-2364    [000] d..2.  9079.098048: sched_switch: prev_comm=kworker/0:0 prev_pid=2364 prev_prio=120 prev_state=R+ ==> next_comm=kworker/u9:0 next_pid=77 next_prio=100
    kworker/u9:0-77      [000] .....  9079.098055: workqueue_execute_start: work struct 00000000f35ee514: function brcmf_sdio_dataworker [brcmfmac]
    kworker/u9:0-77      [000] d..2.  9079.098066: sched_switch: prev_comm=kworker/u9:0 prev_pid=77 prev_prio=100 prev_state=D ==> next_comm=kworker/0:0 next_pid=2364 next_prio=120
     kworker/0:0-2364    [000] dN.4.  9079.098077: sched_wakeup: comm=kworker/u9:0 pid=77 prio=100 target_cpu=000
     kworker/0:0-2364    [000] d..2.  9079.098083: sched_switch: prev_comm=kworker/0:0 prev_pid=2364 prev_prio=120 prev_state=R+ ==> next_comm=kworker/u9:0 next_pid=77 next_prio=100
    kworker/u9:0-77      [000] d.h1.  9079.098107: irq_handler_entry: irq=37 name=mmc1
    kworker/u9:0-77      [000] d.h1.  9079.098111: irq_handler_exit: irq=37 ret=handled
    kworker/u9:0-77      [000] d.h1.  9079.098112: irq_handler_entry: irq=37 name=mmc0
    kworker/u9:0-77      [000] d.h1.  9079.098114: irq_handler_exit: irq=37 ret=unhandled
    kworker/u9:0-77      [000] d.s3.  9079.098124: sched_wakeup: comm=kworker/u9:0 pid=77 prio=100 target_cpu=000
    kworker/u9:0-77      [000] d.h1.  9079.098146: irq_handler_entry: irq=37 name=mmc1
    kworker/u9:0-77      [000] d.h1.  9079.098150: irq_handler_exit: irq=37 ret=handled
    kworker/u9:0-77      [000] d.h1.  9079.098151: irq_handler_entry: irq=37 name=mmc0
    kworker/u9:0-77      [000] d.h1.  9079.098152: irq_handler_exit: irq=37 ret=unhandled
    kworker/u9:0-77      [000] d.s3.  9079.098162: sched_wakeup: comm=kworker/u9:0 pid=77 prio=100 target_cpu=000
    kworker/u9:0-77      [000] d.h1.  9079.098213: irq_handler_entry: irq=37 name=mmc1
    kworker/u9:0-77      [000] d.h1.  9079.098222: irq_handler_exit: irq=37 ret=handled
    kworker/u9:0-77      [000] d.h1.  9079.098223: irq_handler_entry: irq=37 name=mmc0
    kworker/u9:0-77      [000] d.h1.  9079.098225: irq_handler_exit: irq=37 ret=unhandled
    kworker/u9:0-77      [000] d.s3.  9079.098236: sched_wakeup: comm=kworker/u9:0 pid=77 prio=100 target_cpu=000
    kworker/u9:0-77      [000] d.h1.  9079.098271: irq_handler_entry: irq=37 name=mmc1
    kworker/u9:0-77      [000] d.h1.  9079.098278: irq_handler_exit: irq=37 ret=handled
    kworker/u9:0-77      [000] d.h1.  9079.098279: irq_handler_entry: irq=37 name=mmc0
    kworker/u9:0-77      [000] d.h1.  9079.098280: irq_handler_exit: irq=37 ret=unhandled
    kworker/u9:0-77      [000] d.s3.  9079.098291: sched_wakeup: comm=kworker/u9:0 pid=77 prio=100 target_cpu=000
    kworker/u9:0-77      [000] d.h1.  9079.098375: irq_handler_entry: irq=37 name=mmc1
    kworker/u9:0-77      [000] d.h1.  9079.098386: irq_handler_exit: irq=37 ret=handled
    kworker/u9:0-77      [000] d.h1.  9079.098387: irq_handler_entry: irq=37 name=mmc0
    kworker/u9:0-77      [000] d.h1.  9079.098388: irq_handler_exit: irq=37 ret=unhandled
    kworker/u9:0-77      [000] d.s3.  9079.098399: sched_wakeup: comm=kworker/u9:0 pid=77 prio=100 target_cpu=000
    kworker/u9:0-77      [000] .....  9079.098419: workqueue_execute_end: work struct 00000000f35ee514: function brcmf_sdio_dataworker [brcmfmac]
    kworker/u9:0-77      [000] d..2.  9079.098429: sched_switch: prev_comm=kworker/u9:0 prev_pid=77 prev_prio=100 prev_state=I ==> next_comm=kworker/0:0 next_pid=2364 next_prio=120
     kworker/0:0-2364    [000] .....  9079.098434: workqueue_execute_end: work struct 000000003c9ea3d2: function sdio_irq_work
     kworker/0:0-2364    [000] d..2.  9079.098448: sched_switch: prev_comm=kworker/0:0 prev_pid=2364 prev_prio=120 prev_state=I ==> next_comm=swapper/0 next_pid=0 next_prio=120
          <idle>-0       [000] d.h1.  9079.110654: irq_handler_entry: irq=11 name=arch_timer
          <idle>-0       [000] d.h1.  9079.110662: irq_handler_exit: irq=11 ret=handled
          <idle>-0       [000] dNs5.  9079.110675: sched_wakeup: comm=brcmf_wdog/mmc1 pid=279 prio=120 target_cpu=000
          <idle>-0       [000] d..2.  9079.110701: sched_switch: prev_comm=swapper/0 prev_pid=0 prev_prio=120 prev_state=R ==> next_comm=brcmf_wdog/mmc1 next_pid=279 next_prio=120
 brcmf_wdog/mmc1-279     [000] d..2.  9079.110717: sched_switch: prev_comm=brcmf_wdog/mmc1 prev_pid=279 prev_prio=120 prev_state=S ==> next_comm=swapper/0 next_pid=0 next_prio=120
          <idle>-0       [000] d.h1.  9079.126653: irq_handler_entry: irq=11 name=arch_timer
          <idle>-0       [000] d.h1.  9079.126661: irq_handler_exit: irq=11 ret=handled
          <idle>-0       [000] dNs5.  9079.126674: sched_wakeup: comm=brcmf_wdog/mmc1 pid=279 prio=120 target_cpu=000
          <idle>-0       [000] dNH2.  9079.126679: irq_handler_entry: irq=6 name=IPI
          <idle>-0       [000] dNH6.  9079.126685: sched_wakeup: comm=kworker/0:0 pid=2364 prio=120 target_cpu=000
          <idle>-0       [000] dNH2.  9079.126687: irq_handler_exit: irq=6 ret=handled
          <idle>-0       [000] d..2.  9079.126715: sched_switch: prev_comm=swapper/0 prev_pid=0 prev_prio=120 prev_state=R ==> next_comm=brcmf_wdog/mmc1 next_pid=279 next_prio=120
 brcmf_wdog/mmc1-279     [000] d.h1.  9079.126748: irq_handler_entry: irq=37 name=mmc1
 brcmf_wdog/mmc1-279     [000] d.h1.  9079.126752: irq_handler_exit: irq=37 ret=handled
 brcmf_wdog/mmc1-279     [000] d.h1.  9079.126753: irq_handler_entry: irq=37 name=mmc0
 brcmf_wdog/mmc1-279     [000] d.h1.  9079.126755: irq_handler_exit: irq=37 ret=unhandled
 brcmf_wdog/mmc1-279     [000] d.s3.  9079.126766: sched_wakeup: comm=brcmf_wdog/mmc1 pid=279 prio=120 target_cpu=000
 brcmf_wdog/mmc1-279     [000] d..2.  9079.126791: sched_switch: prev_comm=brcmf_wdog/mmc1 prev_pid=279 prev_prio=120 prev_state=S ==> next_comm=kworker/0:0 next_pid=2364 next_prio=120
     kworker/0:0-2364    [000] .....  9079.126799: workqueue_execute_start: work struct 0000000035bda312: function dbs_work_handler
     kworker/0:0-2364    [000] .....  9079.126805: workqueue_execute_end: work struct 0000000035bda312: function dbs_work_handler
     kworker/0:0-2364    [000] d..2.  9079.126818: sched_switch: prev_comm=kworker/0:0 prev_pid=2364 prev_prio=120 prev_state=I ==> next_comm=swapper/0 next_pid=0 next_prio=120
          <idle>-0       [000] d.h1.  9079.138844: irq_handler_entry: irq=11 name=arch_timer
          <idle>-0       [000] dNh4.  9079.138854: sched_wakeup: comm=lxpanel pid=1686 prio=120 target_cpu=000
          <idle>-0       [000] dNh1.  9079.138857: irq_handler_exit: irq=11 ret=handled
          <idle>-0       [000] d..2.  9079.138871: sched_switch: prev_comm=swapper/0 prev_pid=0 prev_prio=120 prev_state=R ==> next_comm=lxpanel next_pid=1686 next_prio=120
         lxpanel-1686    [000] d..2.  9079.138994: sched_switch: prev_comm=lxpanel prev_pid=1686 prev_prio=120 prev_state=S ==> next_comm=swapper/0 next_pid=0 next_prio=120
          <idle>-0       [003] d.h1.  9079.170654: irq_handler_entry: irq=11 name=arch_timer
          <idle>-0       [003] d.h1.  9079.170663: irq_handler_exit: irq=11 ret=handled
          <idle>-0       [003] dNs4.  9079.170679: sched_wakeup: comm=kcompactd0 pid=42 prio=120 target_cpu=003
          <idle>-0       [003] d..2.  9079.170714: sched_switch: prev_comm=swapper/3 prev_pid=0 prev_prio=120 prev_state=R ==> next_comm=kcompactd0 next_pid=42 next_prio=120
      kcompactd0-42      [003] d..2.  9079.170741: sched_switch: prev_comm=kcompactd0 prev_pid=42 prev_prio=120 prev_state=S ==> next_comm=swapper/3 next_pid=0 next_prio=120
          <idle>-0       [003] d.h1.  9079.294655: irq_handler_entry: irq=11 name=arch_timer
          <idle>-0       [003] d.h1.  9079.294663: irq_handler_exit: irq=11 ret=handled
          <idle>-0       [003] d.H1.  9079.294688: irq_handler_entry: irq=6 name=IPI
          <idle>-0       [003] dNH5.  9079.294696: sched_wakeup: comm=kworker/3:1 pid=1570 prio=120 target_cpu=003
          <idle>-0       [003] dNH1.  9079.294698: irq_handler_exit: irq=6 ret=handled
          <idle>-0       [003] d..2.  9079.294717: sched_switch: prev_comm=swapper/3 prev_pid=0 prev_prio=120 prev_state=R ==> next_comm=kworker/3:1 next_pid=1570 next_prio=120
     kworker/3:1-1570    [003] .....  9079.294726: workqueue_execute_start: work struct 0000000035bda312: function dbs_work_handler
     kworker/3:1-1570    [003] .....  9079.294731: workqueue_execute_end: work struct 0000000035bda312: function dbs_work_handler
     kworker/3:1-1570    [003] d..2.  9079.294740: sched_switch: prev_comm=kworker/3:1 prev_pid=1570 prev_prio=120 prev_state=I ==> next_comm=swapper/3 next_pid=0 next_prio=120
          <idle>-0       [000] d.h1.  9079.362655: irq_handler_entry: irq=11 name=arch_timer
          <idle>-0       [000] d.h1.  9079.362665: irq_handler_exit: irq=11 ret=handled
          <idle>-0       [000] dNs5.  9079.362677: sched_wakeup: comm=kworker/0:0 pid=2364 prio=120 target_cpu=000
          <idle>-0       [000] d..2.  9079.362714: sched_switch: prev_comm=swapper/0 prev_pid=0 prev_prio=120 prev_state=R ==> next_comm=kworker/0:0 next_pid=2364 next_prio=120
     kworker/0:0-2364    [000] .....  9079.362722: workqueue_execute_start: work struct 00000000168af026: function thermal_zone_device_check
     kworker/0:0-2364    [000] .....  9079.362734: workqueue_execute_end: work struct 00000000168af026: function thermal_zone_device_check
     kworker/0:0-2364    [000] d..2.  9079.362744: sched_switch: prev_comm=kworker/0:0 prev_pid=2364 prev_prio=120 prev_state=I ==> next_comm=swapper/0 next_pid=0 next_prio=120
          <idle>-0       [001] d.h1.  9079.490654: irq_handler_entry: irq=11 name=arch_timer
          <idle>-0       [001] d.h1.  9079.490664: irq_handler_exit: irq=11 ret=handled
          <idle>-0       [001] dNs5.  9079.490678: sched_wakeup: comm=kworker/1:1 pid=2375 prio=120 target_cpu=001
          <idle>-0       [001] dNH2.  9079.490684: irq_handler_entry: irq=6 name=IPI
          <idle>-0       [001] dNH2.  9079.490687: irq_handler_exit: irq=6 ret=handled
          <idle>-0       [001] d..2.  9079.490711: sched_switch: prev_comm=swapper/1 prev_pid=0 prev_prio=120 prev_state=R ==> next_comm=kworker/1:1 next_pid=2375 next_prio=120
     kworker/1:1-2375    [001] .....  9079.490719: workqueue_execute_start: work struct 00000000986d6f52: function phy_state_machine
          <idle>-0       [000] d.h1.  9079.490736: irq_handler_entry: irq=31 name=eth0
     kworker/1:1-2375    [001] d..4.  9079.490738: sched_wakeup: comm=kworker/1:2 pid=2301 prio=120 target_cpu=001
          <idle>-0       [000] d.h5.  9079.490741: sched_wakeup: comm=kworker/1:1 pid=2375 prio=120 target_cpu=001
          <idle>-0       [000] d.h1.  9079.490743: irq_handler_exit: irq=31 ret=handled
     kworker/1:1-2375    [001] d..2.  9079.490746: sched_switch: prev_comm=kworker/1:1 prev_pid=2375 prev_prio=120 prev_state=R ==> next_comm=kworker/1:2 next_pid=2301 next_prio=120
     kworker/1:2-2301    [001] .....  9079.490753: workqueue_execute_start: work struct 0000000035bda312: function dbs_work_handler
     kworker/1:2-2301    [001] .....  9079.490758: workqueue_execute_end: work struct 0000000035bda312: function dbs_work_handler
     kworker/1:2-2301    [001] d..2.  9079.490768: sched_switch: prev_comm=kworker/1:2 prev_pid=2301 prev_prio=120 prev_state=I ==> next_comm=kworker/1:1 next_pid=2375 next_prio=120
          <idle>-0       [000] d.h1.  9079.490790: irq_handler_entry: irq=31 name=eth0
          <idle>-0       [000] d.h1.  9079.490795: irq_handler_exit: irq=31 ret=handled
     kworker/1:1-2375    [001] d..2.  9079.490796: sched_switch: prev_comm=kworker/1:1 prev_pid=2375 prev_prio=120 prev_state=D ==> next_comm=swapper/1 next_pid=0 next_prio=120
          <idle>-0       [001] d.h1.  9079.490802: irq_handler_entry: irq=2 name=IPI
          <idle>-0       [001] dNh2.  9079.490806: sched_wakeup: comm=kworker/1:1 pid=2375 prio=120 target_cpu=001
          <idle>-0       [001] dNh1.  9079.490808: irq_handler_exit: irq=2 ret=handled
          <idle>-0       [001] d..2.  9079.490814: sched_switch: prev_comm=swapper/1 prev_pid=0 prev_prio=120 prev_state=R ==> next_comm=kworker/1:1 next_pid=2375 next_prio=120
          <idle>-0       [000] d.h1.  9079.490837: irq_handler_entry: irq=31 name=eth0
          <idle>-0       [000] d.h1.  9079.490840: irq_handler_exit: irq=31 ret=handled
     kworker/1:1-2375    [001] d..2.  9079.490842: sched_switch: prev_comm=kworker/1:1 prev_pid=2375 prev_prio=120 prev_state=D ==> next_comm=swapper/1 next_pid=0 next_prio=120
          <idle>-0       [001] d.h1.  9079.490848: irq_handler_entry: irq=2 name=IPI
          <idle>-0       [001] dNh2.  9079.490852: sched_wakeup: comm=kworker/1:1 pid=2375 prio=120 target_cpu=001
          <idle>-0       [001] dNh1.  9079.490853: irq_handler_exit: irq=2 ret=handled
          <idle>-0       [001] d..2.  9079.490859: sched_switch: prev_comm=swapper/1 prev_pid=0 prev_prio=120 prev_state=R ==> next_comm=kworker/1:1 next_pid=2375 next_prio=120
          <idle>-0       [000] d.h1.  9079.490882: irq_handler_entry: irq=31 name=eth0
          <idle>-0       [000] d.h1.  9079.490886: irq_handler_exit: irq=31 ret=handled
     kworker/1:1-2375    [001] d..2.  9079.490887: sched_switch: prev_comm=kworker/1:1 prev_pid=2375 prev_prio=120 prev_state=D ==> next_comm=swapper/1 next_pid=0 next_prio=120
          <idle>-0       [001] d.h1.  9079.490892: irq_handler_entry: irq=2 name=IPI
          <idle>-0       [001] dNh2.  9079.490896: sched_wakeup: comm=kworker/1:1 pid=2375 prio=120 target_cpu=001
          <idle>-0       [001] dNh1.  9079.490898: irq_handler_exit: irq=2 ret=handled
          <idle>-0       [001] d..2.  9079.490904: sched_switch: prev_comm=swapper/1 prev_pid=0 prev_prio=120 prev_state=R ==> next_comm=kworker/1:1 next_pid=2375 next_prio=120
          <idle>-0       [000] d.h1.  9079.490926: irq_handler_entry: irq=31 name=eth0
          <idle>-0       [000] d.h1.  9079.490930: irq_handler_exit: irq=31 ret=handled
     kworker/1:1-2375    [001] d..2.  9079.490931: sched_switch: prev_comm=kworker/1:1 prev_pid=2375 prev_prio=120 prev_state=D ==> next_comm=swapper/1 next_pid=0 next_prio=120
          <idle>-0       [001] d.h1.  9079.490936: irq_handler_entry: irq=2 name=IPI
          <idle>-0       [001] dNh2.  9079.490940: sched_wakeup: comm=kworker/1:1 pid=2375 prio=120 target_cpu=001
          <idle>-0       [001] dNh1.  9079.490942: irq_handler_exit: irq=2 ret=handled
