          <idle>-0       [002] d.h1.  9080.298675: irq_handler_exit: irq=11 ret=handled
          <idle>-0       [000] d.h1.  9080.298680: irq_handler_exit: irq=11 ret=handled
          <idle>-0       [000] dNs5.  9080.298692: sched_wakeup: comm=brcmf_wdog/mmc1 pid=279 prio=120 target_cpu=000
          <idle>-0       [000] d..2.  9080.298725: sched_switch: prev_comm=swapper/0 prev_pid=0 prev_prio=120 prev_state=R ==> next_comm=brcmf_wdog/mmc1 next_pid=279 next_prio=120
 brcmf_wdog/mmc1-279     [000] d..2.  9080.298741: sched_switch: prev_comm=brcmf_wdog/mmc1 prev_pid=279 prev_prio=120 prev_state=S ==> next_comm=swapper/0 next_pid=0 next_prio=120
          <idle>-0       [000] d.h1.  9080.314670: irq_handler_entry: irq=11 name=arch_timer
          <idle>-0       [000] d.h1.  9080.314678: irq_handler_exit: irq=11 ret=handled
          <idle>-0       [000] dNs5.  9080.314690: sched_wakeup: comm=brcmf_wdog/mmc1 pid=279 prio=120 target_cpu=000
          <idle>-0       [000] d..2.  9080.314718: sched_switch: prev_comm=swapper/0 prev_pid=0 prev_prio=120 prev_state=R ==> next_comm=brcmf_wdog/mmc1 next_pid=279 next_prio=120
 brcmf_wdog/mmc1-279     [000] d.h1.  9080.314752: irq_handler_entry: irq=37 name=mmc1
 brcmf_wdog/mmc1-279     [000] d.h1.  9080.314757: irq_handler_exit: irq=37 ret=handled
 brcmf_wdog/mmc1-279     [000] d.h1.  9080.314758: irq_handler_entry: irq=37 name=mmc0
 brcmf_wdog/mmc1-279     [000] d.h1.  9080.314760: irq_handler_exit: irq=37 ret=unhandled
 brcmf_wdog/mmc1-279     [000] d.s3.  9080.314770: sched_wakeup: comm=brcmf_wdog/mmc1 pid=279 prio=120 target_cpu=000
 brcmf_wdog/mmc1-279     [000] d..2.  9080.314795: sched_switch: prev_comm=brcmf_wdog/mmc1 prev_pid=279 prev_prio=120 prev_state=S ==> next_comm=swapper/0 next_pid=0 next_prio=120
          <idle>-0       [000] d.h1.  9080.326670: irq_handler_entry: irq=11 name=arch_timer
          <idle>-0       [000] d.h1.  9080.326678: irq_handler_exit: irq=11 ret=handled
          <idle>-0       [000] d.h1.  9080.327672: irq_handler_entry: irq=37 name=mmc1
          <idle>-0       [000] dNh6.  9080.327684: sched_wakeup: comm=kworker/0:0 pid=2364 prio=120 target_cpu=000
          <idle>-0       [000] dNh1.  9080.327686: irq_handler_exit: irq=37 ret=handled
          <idle>-0       [000] dNh1.  9080.327687: irq_handler_entry: irq=37 name=mmc0
          <idle>-0       [000] dNh1.  9080.327689: irq_handler_exit: irq=37 ret=unhandled
          <idle>-0       [000] d..2.  9080.327702: sched_switch: prev_comm=swapper/0 prev_pid=0 prev_prio=120 prev_state=R ==> next_comm=kworker/0:0 next_pid=2364 next_prio=120
     kworker/0:0-2364    [000] .....  9080.327710: workqueue_execute_start: work struct 000000003c9ea3d2: function sdio_irq_work
     kworker/0:0-2364    [000] d.h1.  9080.327734: irq_handler_entry: irq=37 name=mmc1
     kworker/0:0-2364    [000] d.h1.  9080.327738: irq_handler_exit: irq=37 ret=handled
     kworker/0:0-2364    [000] d.h1.  9080.327739: irq_handler_entry: irq=37 name=mmc0
     kworker/0:0-2364    [000] d.h1.  9080.327740: irq_handler_exit: irq=37 ret=unhandled
     kworker/0:0-2364    [000] d.s3.  9080.327751: sched_wakeup: comm=kworker/0:0 pid=2364 prio=120 target_cpu=000
     kworker/0:0-2364    [000] d.h1.  9080.327782: irq_handler_entry: irq=37 name=mmc1
     kworker/0:0-2364    [000] d.h1.  9080.327788: irq_handler_exit: irq=37 ret=handled
     kworker/0:0-2364    [000] d.h1.  9080.327789: irq_handler_entry: irq=37 name=mmc0
     kworker/0:0-2364    [000] d.h1.  9080.327791: irq_handler_exit: irq=37 ret=unhandled
     kworker/0:0-2364    [000] d.s3.  9080.327801: sched_wakeup: comm=kworker/0:0 pid=2364 prio=120 target_cpu=000
     kworker/0:0-2364    [000] d.h1.  9080.327830: irq_handler_entry: irq=37 name=mmc1
     kworker/0:0-2364    [000] d.h1.  9080.327834: irq_handler_exit: irq=37 ret=handled
     kworker/0:0-2364    [000] d.h1.  9080.327835: irq_handler_entry: irq=37 name=mmc0
     kworker/0:0-2364    [000] d.h1.  9080.327836: irq_handler_exit: irq=37 ret=unhandled
     kworker/0:0-2364    [000] d.h1.  9080.327839: irq_handler_entry: irq=37 name=mmc1
     kworker/0:0-2364    [000] d.h1.  9080.327842: irq_handler_exit: irq=37 ret=handled
     kworker/0:0-2364    [000] d.h1.  9080.327843: irq_handler_entry: irq=37 name=mmc0
     kworker/0:0-2364    [000] d.h1.  9080.327845: irq_handler_exit: irq=37 ret=unhandled
     kworker/0:0-2364    [000] d.s3.  9080.327854: sched_wakeup: comm=kworker/0:0 pid=2364 prio=120 target_cpu=000
     kworker/0:0-2364    [000] dN.4.  9080.327873: sched_wakeup: comm=kworker/u9:0 pid=77 prio=100 target_cpu=000
     kworker/0:0-2364    [000] d..2.  9080.327886: sched_switch: prev_comm=kworker/0:0 prev_pid=2364 prev_prio=120 prev_state=R+ ==> next_comm=kworker/u9:0 next_pid=77 next_prio=100
    kworker/u9:0-77      [000] .....  9080.327893: workqueue_execute_start: work struct 00000000f35ee514: function brcmf_sdio_dataworker [brcmfmac]
    kworker/u9:0-77      [000] d..2.  9080.327904: sched_switch: prev_comm=kworker/u9:0 prev_pid=77 prev_prio=100 prev_state=D ==> next_comm=kworker/0:0 next_pid=2364 next_prio=120
     kworker/0:0-2364    [000] dN.4.  9080.327915: sched_wakeup: comm=kworker/u9:0 pid=77 prio=100 target_cpu=000
     kworker/0:0-2364    [000] d..2.  9080.327921: sched_switch: prev_comm=kworker/0:0 prev_pid=2364 prev_prio=120 prev_state=R+ ==> next_comm=kworker/u9:0 next_pid=77 next_prio=100
    kworker/u9:0-77      [000] d.h1.  9080.327944: irq_handler_entry: irq=37 name=mmc1
    kworker/u9:0-77      [000] d.h1.  9080.327948: irq_handler_exit: irq=37 ret=handled
    kworker/u9:0-77      [000] d.h1.  9080.327949: irq_handler_entry: irq=37 name=mmc0
    kworker/u9:0-77      [000] d.h1.  9080.327951: irq_handler_exit: irq=37 ret=unhandled
    kworker/u9:0-77      [000] d.s3.  9080.327961: sched_wakeup: comm=kworker/u9:0 pid=77 prio=100 target_cpu=000
    kworker/u9:0-77      [000] d.h1.  9080.327983: irq_handler_entry: irq=37 name=mmc1
    kworker/u9:0-77      [000] d.h1.  9080.327987: irq_handler_exit: irq=37 ret=handled
    kworker/u9:0-77      [000] d.h1.  9080.327988: irq_handler_entry: irq=37 name=mmc0
    kworker/u9:0-77      [000] d.h1.  9080.327989: irq_handler_exit: irq=37 ret=unhandled
    kworker/u9:0-77      [000] d.s3.  9080.327999: sched_wakeup: comm=kworker/u9:0 pid=77 prio=100 target_cpu=000
    kworker/u9:0-77      [000] d.h1.  9080.328050: irq_handler_entry: irq=37 name=mmc1
    kworker/u9:0-77      [000] d.h1.  9080.328059: irq_handler_exit: irq=37 ret=handled
    kworker/u9:0-77      [000] d.h1.  9080.328060: irq_handler_entry: irq=37 name=mmc0
    kworker/u9:0-77      [000] d.h1.  9080.328062: irq_handler_exit: irq=37 ret=unhandled
    kworker/u9:0-77      [000] d.s3.  9080.328072: sched_wakeup: comm=kworker/u9:0 pid=77 prio=100 target_cpu=000
    kworker/u9:0-77      [000] d.h1.  9080.328106: irq_handler_entry: irq=37 name=mmc1
    kworker/u9:0-77      [000] d.h1.  9080.328113: irq_handler_exit: irq=37 ret=handled
    kworker/u9:0-77      [000] d.h1.  9080.328114: irq_handler_entry: irq=37 name=mmc0
    kworker/u9:0-77      [000] d.h1.  9080.328115: irq_handler_exit: irq=37 ret=unhandled
    kworker/u9:0-77      [000] d.s3.  9080.328125: sched_wakeup: comm=kworker/u9:0 pid=77 prio=100 target_cpu=000
    kworker/u9:0-77      [000] d.h1.  9080.328216: irq_handler_entry: irq=37 name=mmc1
    kworker/u9:0-77      [000] d.h1.  9080.328226: irq_handler_exit: irq=37 ret=handled
    kworker/u9:0-77      [000] d.h1.  9080.328227: irq_handler_entry: irq=37 name=mmc0
    kworker/u9:0-77      [000] d.h1.  9080.328229: irq_handler_exit: irq=37 ret=unhandled
    kworker/u9:0-77      [000] d.s3.  9080.328239: sched_wakeup: comm=kworker/u9:0 pid=77 prio=100 target_cpu=000
    kworker/u9:0-77      [000] .....  9080.328260: workqueue_execute_end: work struct 00000000f35ee514: function brcmf_sdio_dataworker [brcmfmac]
    kworker/u9:0-77      [000] d..2.  9080.328269: sched_switch: prev_comm=kworker/u9:0 prev_pid=77 prev_prio=100 prev_state=I ==> next_comm=kworker/0:0 next_pid=2364 next_prio=120
     kworker/0:0-2364    [000] .....  9080.328275: workqueue_execute_end: work struct 000000003c9ea3d2: function sdio_irq_work
     kworker/0:0-2364    [000] d..2.  9080.328288: sched_switch: prev_comm=kworker/0:0 prev_pid=2364 prev_prio=120 prev_state=I ==> next_comm=swapper/0 next_pid=0 next_prio=120
          <idle>-0       [000] d.h1.  9080.340613: irq_handler_entry: irq=11 name=arch_timer
          <idle>-0       [000] dNh4.  9080.340623: sched_wakeup: comm=lxpanel pid=1686 prio=120 target_cpu=000
          <idle>-0       [000] dNh1.  9080.340626: irq_handler_exit: irq=11 ret=handled
          <idle>-0       [000] d..2.  9080.340640: sched_switch: prev_comm=swapper/0 prev_pid=0 prev_prio=120 prev_state=R ==> next_comm=lxpanel next_pid=1686 next_prio=120
         lxpanel-1686    [000] d..2.  9080.340759: sched_switch: prev_comm=lxpanel prev_pid=1686 prev_prio=120 prev_state=S ==> next_comm=swapper/0 next_pid=0 next_prio=120
          <idle>-0       [000] d.h1.  9080.342669: irq_handler_entry: irq=11 name=arch_timer
          <idle>-0       [000] d.h1.  9080.342680: irq_handler_exit: irq=11 ret=handled
          <idle>-0       [000] dNs5.  9080.342693: sched_wakeup: comm=brcmf_wdog/mmc1 pid=279 prio=120 target_cpu=000
          <idle>-0       [000] d..2.  9080.342718: sched_switch: prev_comm=swapper/0 prev_pid=0 prev_prio=120 prev_state=R ==> next_comm=brcmf_wdog/mmc1 next_pid=279 next_prio=120
 brcmf_wdog/mmc1-279     [000] d..2.  9080.342733: sched_switch: prev_comm=brcmf_wdog/mmc1 prev_pid=279 prev_prio=120 prev_state=S ==> next_comm=swapper/0 next_pid=0 next_prio=120
          <idle>-0       [000] d.h1.  9080.358671: irq_handler_entry: irq=11 name=arch_timer
          <idle>-0       [000] d.h1.  9080.358678: irq_handler_exit: irq=11 ret=handled
          <idle>-0       [000] dNs5.  9080.358690: sched_wakeup: comm=brcmf_wdog/mmc1 pid=279 prio=120 target_cpu=000
          <idle>-0       [000] d..2.  9080.358717: sched_switch: prev_comm=swapper/0 prev_pid=0 prev_prio=120 prev_state=R ==> next_comm=brcmf_wdog/mmc1 next_pid=279 next_prio=120
 brcmf_wdog/mmc1-279     [000] d.h1.  9080.358751: irq_handler_entry: irq=37 name=mmc1
 brcmf_wdog/mmc1-279     [000] d.h1.  9080.358755: irq_handler_exit: irq=37 ret=handled
 brcmf_wdog/mmc1-279     [000] d.h1.  9080.358756: irq_handler_entry: irq=37 name=mmc0
 brcmf_wdog/mmc1-279     [000] d.h1.  9080.358758: irq_handler_exit: irq=37 ret=unhandled
 brcmf_wdog/mmc1-279     [000] d.s3.  9080.358768: sched_wakeup: comm=brcmf_wdog/mmc1 pid=279 prio=120 target_cpu=000
 brcmf_wdog/mmc1-279     [000] d..2.  9080.358794: sched_switch: prev_comm=brcmf_wdog/mmc1 prev_pid=279 prev_prio=120 prev_state=S ==> next_comm=swapper/0 next_pid=0 next_prio=120
          <idle>-0       [000] d.h1.  9080.386671: irq_handler_entry: irq=11 name=arch_timer
          <idle>-0       [000] d.h1.  9080.386679: irq_handler_exit: irq=11 ret=handled
          <idle>-0       [000] dNs5.  9080.386691: sched_wakeup: comm=kworker/0:0 pid=2364 prio=120 target_cpu=000
          <idle>-0       [000] d..2.  9080.386714: sched_switch: prev_comm=swapper/0 prev_pid=0 prev_prio=120 prev_state=R ==> next_comm=kworker/0:0 next_pid=2364 next_prio=120
     kworker/0:0-2364    [000] .....  9080.386722: workqueue_execute_start: work struct 00000000168af026: function thermal_zone_device_check
     kworker/0:0-2364    [000] .....  9080.386736: workqueue_execute_end: work struct 00000000168af026: function thermal_zone_device_check
     kworker/0:0-2364    [000] d..2.  9080.386745: sched_switch: prev_comm=kworker/0:0 prev_pid=2364 prev_prio=120 prev_state=I ==> next_comm=swapper/0 next_pid=0 next_prio=120
          <idle>-0       [001] d.h1.  9080.514672: irq_handler_entry: irq=11 name=arch_timer
          <idle>-0       [001] d.h1.  9080.514680: irq_handler_exit: irq=11 ret=handled
          <idle>-0       [001] dNs5.  9080.514694: sched_wakeup: comm=kworker/1:1 pid=2375 prio=120 target_cpu=001
          <idle>-0       [001] dNH2.  9080.514699: irq_handler_entry: irq=6 name=IPI
          <idle>-0       [001] dNH2.  9080.514702: irq_handler_exit: irq=6 ret=handled
          <idle>-0       [001] dNs5.  9080.514712: sched_wakeup: comm=kworker/u8:1 pid=2300 prio=120 target_cpu=001
          <idle>-0       [001] d..2.  9080.514734: sched_switch: prev_comm=swapper/1 prev_pid=0 prev_prio=120 prev_state=R ==> next_comm=kworker/1:1 next_pid=2375 next_prio=120
     kworker/1:1-2375    [001] .....  9080.514742: workqueue_execute_start: work struct 00000000986d6f52: function phy_state_machine
          <idle>-0       [000] d.h1.  9080.514759: irq_handler_entry: irq=31 name=eth0
     kworker/1:1-2375    [001] d..4.  9080.514760: sched_wakeup: comm=kworker/1:2 pid=2301 prio=120 target_cpu=001
          <idle>-0       [000] d.h5.  9080.514765: sched_wakeup: comm=kworker/1:1 pid=2375 prio=120 target_cpu=001
          <idle>-0       [000] d.h1.  9080.514767: irq_handler_exit: irq=31 ret=handled
     kworker/1:1-2375    [001] d..2.  9080.514770: sched_switch: prev_comm=kworker/1:1 prev_pid=2375 prev_prio=120 prev_state=R ==> next_comm=kworker/1:2 next_pid=2301 next_prio=120
     kworker/1:2-2301    [001] .....  9080.514777: workqueue_execute_start: work struct 0000000035bda312: function dbs_work_handler
     kworker/1:2-2301    [001] .....  9080.514782: workqueue_execute_end: work struct 0000000035bda312: function dbs_work_handler
     kworker/1:2-2301    [001] d..2.  9080.514791: sched_switch: prev_comm=kworker/1:2 prev_pid=2301 prev_prio=120 prev_state=I ==> next_comm=kworker/1:1 next_pid=2375 next_prio=120
          <idle>-0       [000] d.h1.  9080.514814: irq_handler_entry: irq=31 name=eth0
     kworker/1:1-2375    [001] d..2.  9080.514817: sched_switch: prev_comm=kworker/1:1 prev_pid=2375 prev_prio=120 prev_state=D ==> next_comm=kworker/u8:1 next_pid=2300 next_prio=120
          <idle>-0       [000] d.h1.  9080.514818: irq_handler_exit: irq=31 ret=handled
    kworker/u8:1-2300    [001] d.h1.  9080.514823: irq_handler_entry: irq=2 name=IPI
    kworker/u8:1-2300    [001] d.h2.  9080.514828: sched_wakeup: comm=kworker/1:1 pid=2375 prio=120 target_cpu=001
    kworker/u8:1-2300    [001] d.h1.  9080.514829: irq_handler_exit: irq=2 ret=handled
    kworker/u8:1-2300    [001] .....  9080.514836: workqueue_execute_start: work struct 000000005e496253: function flush_memcg_stats_dwork
    kworker/u8:1-2300    [001] .....  9080.514862: workqueue_execute_end: work struct 000000005e496253: function flush_memcg_stats_dwork
    kworker/u8:1-2300    [001] d..2.  9080.514871: sched_switch: prev_comm=kworker/u8:1 prev_pid=2300 prev_prio=120 prev_state=I ==> next_comm=kworker/1:1 next_pid=2375 next_prio=120
          <idle>-0       [000] d.h1.  9080.514899: irq_handler_entry: irq=31 name=eth0
          <idle>-0       [000] d.h1.  9080.514903: irq_handler_exit: irq=31 ret=handled
     kworker/1:1-2375    [001] d..2.  9080.514905: sched_switch: prev_comm=kworker/1:1 prev_pid=2375 prev_prio=120 prev_state=D ==> next_comm=swapper/1 next_pid=0 next_prio=120
          <idle>-0       [001] d.h1.  9080.514911: irq_handler_entry: irq=2 name=IPI
          <idle>-0       [001] dNh2.  9080.514915: sched_wakeup: comm=kworker/1:1 pid=2375 prio=120 target_cpu=001
          <idle>-0       [001] dNh1.  9080.514917: irq_handler_exit: irq=2 ret=handled
          <idle>-0       [001] d..2.  9080.514923: sched_switch: prev_comm=swapper/1 prev_pid=0 prev_prio=120 prev_state=R ==> next_comm=kworker/1:1 next_pid=2375 next_prio=120
          <idle>-0       [000] d.h1.  9080.514946: irq_handler_entry: irq=31 name=eth0
          <idle>-0       [000] d.h1.  9080.514949: irq_handler_exit: irq=31 ret=handled
     kworker/1:1-2375    [001] d..2.  9080.514951: sched_switch: prev_comm=kworker/1:1 prev_pid=2375 prev_prio=120 prev_state=D ==> next_comm=swapper/1 next_pid=0 next_prio=120
          <idle>-0       [001] d.h1.  9080.514957: irq_handler_entry: irq=2 name=IPI
          <idle>-0       [001] dNh2.  9080.514961: sched_wakeup: comm=kworker/1:1 pid=2375 prio=120 target_cpu=001
          <idle>-0       [001] dNh1.  9080.514963: irq_handler_exit: irq=2 ret=handled
          <idle>-0       [001] d..2.  9080.514969: sched_switch: prev_comm=swapper/1 prev_pid=0 prev_prio=120 prev_state=R ==> next_comm=kworker/1:1 next_pid=2375 next_prio=120
          <idle>-0       [000] d.h1.  9080.514991: irq_handler_entry: irq=31 name=eth0
          <idle>-0       [000] d.h1.  9080.514994: irq_handler_exit: irq=31 ret=handled
     kworker/1:1-2375    [001] d..2.  9080.514996: sched_switch: prev_comm=kworker/1:1 prev_pid=2375 prev_prio=120 prev_state=D ==> next_comm=swapper/1 next_pid=0 next_prio=120
          <idle>-0       [001] d.h1.  9080.515002: irq_handler_entry: irq=2 name=IPI
          <idle>-0       [001] dNh2.  9080.515006: sched_wakeup: comm=kworker/1:1 pid=2375 prio=120 target_cpu=001
          <idle>-0       [001] dNh1.  9080.515007: irq_handler_exit: irq=2 ret=handled
          <idle>-0       [001] d..2.  9080.515013: sched_switch: prev_comm=swapper/1 prev_pid=0 prev_prio=120 prev_state=R ==> next_comm=kworker/1:1 next_pid=2375 next_prio=120
     kworker/1:1-2375    [001] .....  9080.515031: workqueue_execute_end: work struct 00000000986d6f52: function phy_state_machine
     kworker/1:1-2375    [001] d..2.  9080.515043: sched_switch: prev_comm=kworker/1:1 prev_pid=2375 prev_prio=120 prev_state=I ==> next_comm=swapper/1 next_pid=0 next_prio=120
          <idle>-0       [000] d.h1.  9080.518673: irq_handler_entry: irq=11 name=arch_timer
          <idle>-0       [000] d.h1.  9080.518681: irq_handler_exit: irq=11 ret=handled
          <idle>-0       [003] d.h1.  9080.530672: irq_handler_entry: irq=11 name=arch_timer
          <idle>-0       [003] d.h1.  9080.530683: irq_handler_exit: irq=11 ret=handled
          <idle>-0       [002] d.h1.  9080.546671: irq_handler_entry: irq=11 name=arch_timer
          <idle>-0       [002] d.h1.  9080.546678: irq_handler_exit: irq=11 ret=handled
          <idle>-0       [002] dNs5.  9080.546691: sched_wakeup: comm=kworker/2:1 pid=2371 prio=120 target_cpu=002
          <idle>-0       [002] d..2.  9080.546715: sched_switch: prev_comm=swapper/2 prev_pid=0 prev_prio=120 prev_state=R ==> next_comm=kworker/2:1 next_pid=2371 next_prio=120
     kworker/2:1-2371    [002] .....  9080.546723: workqueue_execute_start: work struct 00000000727017dd: function mmc_rescan
          <idle>-0       [000] d.h1.  9080.546761: irq_handler_entry: irq=37 name=mmc1
          <idle>-0       [000] d.h1.  9080.546763: irq_handler_exit: irq=37 ret=unhandled
          <idle>-0       [000] d.h1.  9080.546764: irq_handler_entry: irq=37 name=mmc0
     kworker/2:1-2371    [002] d..2.  9080.546768: sched_switch: prev_comm=kworker/2:1 prev_pid=2371 prev_prio=120 prev_state=D ==> next_comm=swapper/2 next_pid=0 next_prio=120
          <idle>-0       [000] d.h1.  9080.546776: irq_handler_exit: irq=37 ret=handled
          <idle>-0       [002] d.h1.  9080.546782: irq_handler_entry: irq=2 name=IPI
          <idle>-0       [002] dNh2.  9080.546787: sched_wakeup: comm=kworker/2:1 pid=2371 prio=120 target_cpu=002
          <idle>-0       [002] dNh1.  9080.546789: irq_handler_exit: irq=2 ret=handled
          <idle>-0       [002] d..2.  9080.546802: sched_switch: prev_comm=swapper/2 prev_pid=0 prev_prio=120 prev_state=R ==> next_comm=kworker/2:1 next_pid=2371 next_prio=120
     kworker/2:1-2371    [002] .....  9080.546825: workqueue_execute_end: work struct 00000000727017dd: function mmc_rescan
     kworker/2:1-2371    [002] d..2.  9080.546834: sched_switch: prev_comm=kworker/2:1 prev_pid=2371 prev_prio=120 prev_state=I ==> next_comm=swapper/2 next_pid=0 next_prio=120
          <idle>-0       [003] d.h1.  9080.706674: irq_handler_entry: irq=11 name=arch_timer
          <idle>-0       [003] d.h1.  9080.706682: irq_handler_exit: irq=11 ret=handled
          <idle>-0       [003] dNs4.  9080.706697: sched_wakeup: comm=kcompactd0 pid=42 prio=120 target_cpu=003
          <idle>-0       [003] dNH3.  9080.706702: irq_handler_entry: irq=6 name=IPI
          <idle>-0       [003] dNH7.  9080.706709: sched_wakeup: comm=kworker/3:1 pid=1570 prio=120 target_cpu=003
          <idle>-0       [003] dNH3.  9080.706711: irq_handler_exit: irq=6 ret=handled
          <idle>-0       [003] d..2.  9080.706743: sched_switch: prev_comm=swapper/3 prev_pid=0 prev_prio=120 prev_state=R ==> next_comm=kcompactd0 next_pid=42 next_prio=120
      kcompactd0-42      [003] d..2.  9080.706770: sched_switch: prev_comm=kcompactd0 prev_pid=42 prev_prio=120 prev_state=S ==> next_comm=kworker/3:1 next_pid=1570 next_prio=120
     kworker/3:1-1570    [003] .....  9080.706778: workqueue_execute_start: work struct 0000000035bda312: function dbs_work_handler
     kworker/3:1-1570    [003] .....  9080.706783: workqueue_execute_end: work struct 0000000035bda312: function dbs_work_handler
     kworker/3:1-1570    [003] d..2.  9080.706797: sched_switch: prev_comm=kworker/3:1 prev_pid=1570 prev_prio=120 prev_state=I ==> next_comm=swapper/3 next_pid=0 next_prio=120
          <idle>-0       [001] d.h1.  9080.807795: irq_handler_entry: irq=11 name=arch_timer
          <idle>-0       [001] dNh4.  9080.807806: sched_wakeup: comm=gvfs-afc-volume pid=958 prio=120 target_cpu=001
          <idle>-0       [001] dNh1.  9080.807810: irq_handler_exit: irq=11 ret=handled
          <idle>-0       [001] dNh1.  9080.807811: irq_handler_entry: irq=6 name=IPI
          <idle>-0       [001] dNh5.  9080.807817: sched_wakeup: comm=kworker/1:1 pid=2375 prio=120 target_cpu=001
          <idle>-0       [001] dNh1.  9080.807819: irq_handler_exit: irq=6 ret=handled
          <idle>-0       [001] d..2.  9080.807834: sched_switch: prev_comm=swapper/1 prev_pid=0 prev_prio=120 prev_state=R ==> next_comm=gvfs-afc-volume next_pid=958 next_prio=120
 gvfs-afc-volume-958     [001] d..2.  9080.807872: sched_switch: prev_comm=gvfs-afc-volume prev_pid=958 prev_prio=120 prev_state=S ==> next_comm=kworker/1:1 next_pid=2375 next_prio=120
     kworker/1:1-2375    [001] .....  9080.807879: workqueue_execute_start: work struct 0000000035bda312: function dbs_work_handler
     kworker/1:1-2375    [001] .....  9080.807885: workqueue_execute_end: work struct 0000000035bda312: function dbs_work_handler
     kworker/1:1-2375    [001] d..2.  9080.807899: sched_switch: prev_comm=kworker/1:1 prev_pid=2375 prev_prio=120 prev_state=I ==> next_comm=swapper/1 next_pid=0 next_prio=120
          <idle>-0       [000] d.h1.  9080.923744: irq_handler_entry: irq=37 name=mmc1
          <idle>-0       [000] dNh6.  9080.923757: sched_wakeup: comm=kworker/0:0 pid=2364 prio=120 target_cpu=000
          <idle>-0       [000] dNh1.  9080.923759: irq_handler_exit: irq=37 ret=handled
          <idle>-0       [000] dNh1.  9080.923761: irq_handler_entry: irq=37 name=mmc0
          <idle>-0       [000] dNh1.  9080.923762: irq_handler_exit: irq=37 ret=unhandled
          <idle>-0       [000] dNh1.  9080.923765: irq_handler_entry: irq=6 name=IPI
          <idle>-0       [000] dNh1.  9080.923768: irq_handler_exit: irq=6 ret=handled
          <idle>-0       [000] d..2.  9080.923782: sched_switch: prev_comm=swapper/0 prev_pid=0 prev_prio=120 prev_state=R ==> next_comm=kworker/0:0 next_pid=2364 next_prio=120
     kworker/0:0-2364    [000] .....  9080.923790: workqueue_execute_start: work struct 000000003c9ea3d2: function sdio_irq_work
     kworker/0:0-2364    [000] d.h1.  9080.923817: irq_handler_entry: irq=37 name=mmc1
     kworker/0:0-2364    [000] d.h1.  9080.923820: irq_handler_exit: irq=37 ret=handled
     kworker/0:0-2364    [000] d.h1.  9080.923821: irq_handler_entry: irq=37 name=mmc0
     kworker/0:0-2364    [000] d.h1.  9080.923823: irq_handler_exit: irq=37 ret=unhandled
     kworker/0:0-2364    [000] d.s3.  9080.923834: sched_wakeup: comm=kworker/0:0 pid=2364 prio=120 target_cpu=000
     kworker/0:0-2364    [000] d.h1.  9080.923865: irq_handler_entry: irq=37 name=mmc1
     kworker/0:0-2364    [000] d.h1.  9080.923872: irq_handler_exit: irq=37 ret=handled
     kworker/0:0-2364    [000] d.h1.  9080.923873: irq_handler_entry: irq=37 name=mmc0
     kworker/0:0-2364    [000] d.h1.  9080.923874: irq_handler_exit: irq=37 ret=unhandled
     kworker/0:0-2364    [000] d.s3.  9080.923884: sched_wakeup: comm=kworker/0:0 pid=2364 prio=120 target_cpu=000
     kworker/0:0-2364    [000] d.h1.  9080.923913: irq_handler_entry: irq=37 name=mmc1
     kworker/0:0-2364    [000] d.h1.  9080.923917: irq_handler_exit: irq=37 ret=handled
     kworker/0:0-2364    [000] d.h1.  9080.923918: irq_handler_entry: irq=37 name=mmc0
     kworker/0:0-2364    [000] d.h1.  9080.923920: irq_handler_exit: irq=37 ret=unhandled
     kworker/0:0-2364    [000] d.h1.  9080.923922: irq_handler_entry: irq=37 name=mmc1
     kworker/0:0-2364    [000] d.h1.  9080.923926: irq_handler_exit: irq=37 ret=handled
     kworker/0:0-2364    [000] d.h1.  9080.923927: irq_handler_entry: irq=37 name=mmc0
     kworker/0:0-2364    [000] d.h1.  9080.923928: irq_handler_exit: irq=37 ret=unhandled
     kworker/0:0-2364    [000] d.s3.  9080.923938: sched_wakeup: comm=kworker/0:0 pid=2364 prio=120 target_cpu=000
     kworker/0:0-2364    [000] dN.4.  9080.923957: sched_wakeup: comm=kworker/u9:0 pid=77 prio=100 target_cpu=000
     kworker/0:0-2364    [000] d..2.  9080.923970: sched_switch: prev_comm=kworker/0:0 prev_pid=2364 prev_prio=120 prev_state=R+ ==> next_comm=kworker/u9:0 next_pid=77 next_prio=100
    kworker/u9:0-77      [000] .....  9080.923978: workqueue_execute_start: work struct 00000000f35ee514: function brcmf_sdio_dataworker [brcmfmac]
    kworker/u9:0-77      [000] d..2.  9080.923989: sched_switch: prev_comm=kworker/u9:0 prev_pid=77 prev_prio=100 prev_state=D ==> next_comm=kworker/0:0 next_pid=2364 next_prio=120
     kworker/0:0-2364    [000] dN.4.  9080.924000: sched_wakeup: comm=kworker/u9:0 pid=77 prio=100 target_cpu=000
     kworker/0:0-2364    [000] d..2.  9080.924006: sched_switch: prev_comm=kworker/0:0 prev_pid=2364 prev_prio=120 prev_state=R+ ==> next_comm=kworker/u9:0 next_pid=77 next_prio=100
    kworker/u9:0-77      [000] d.h1.  9080.924030: irq_handler_entry: irq=37 name=mmc1
    kworker/u9:0-77      [000] d.h1.  9080.924034: irq_handler_exit: irq=37 ret=handled
    kworker/u9:0-77      [000] d.h1.  9080.924035: irq_handler_entry: irq=37 name=mmc0
    kworker/u9:0-77      [000] d.h1.  9080.924036: irq_handler_exit: irq=37 ret=unhandled
    kworker/u9:0-77      [000] d.s3.  9080.924047: sched_wakeup: comm=kworker/u9:0 pid=77 prio=100 target_cpu=000
    kworker/u9:0-77      [000] d.h1.  9080.924069: irq_handler_entry: irq=37 name=mmc1
    kworker/u9:0-77      [000] d.h1.  9080.924072: irq_handler_exit: irq=37 ret=handled
    kworker/u9:0-77      [000] d.h1.  9080.924073: irq_handler_entry: irq=37 name=mmc0
    kworker/u9:0-77      [000] d.h1.  9080.924075: irq_handler_exit: irq=37 ret=unhandled
    kworker/u9:0-77      [000] d.s3.  9080.924084: sched_wakeup: comm=kworker/u9:0 pid=77 prio=100 target_cpu=000
    kworker/u9:0-77      [000] d.h1.  9080.924136: irq_handler_entry: irq=37 name=mmc1
    kworker/u9:0-77      [000] d.h1.  9080.924145: irq_handler_exit: irq=37 ret=handled
    kworker/u9:0-77      [000] d.h1.  9080.924146: irq_handler_entry: irq=37 name=mmc0
    kworker/u9:0-77      [000] d.h1.  9080.924148: irq_handler_exit: irq=37 ret=unhandled
    kworker/u9:0-77      [000] d.s3.  9080.924158: sched_wakeup: comm=kworker/u9:0 pid=77 prio=100 target_cpu=000
    kworker/u9:0-77      [000] d.h1.  9080.924193: irq_handler_entry: irq=37 name=mmc1
    kworker/u9:0-77      [000] d.h1.  9080.924202: irq_handler_exit: irq=37 ret=handled
    kworker/u9:0-77      [000] d.h1.  9080.924203: irq_handler_entry: irq=37 name=mmc0
    kworker/u9:0-77      [000] d.h1.  9080.924205: irq_handler_exit: irq=37 ret=unhandled
    kworker/u9:0-77      [000] d.s3.  9080.924215: sched_wakeup: comm=kworker/u9:0 pid=77 prio=100 target_cpu=000
          <idle>-0       [003] d.h1.  9080.924266: irq_handler_entry: irq=2 name=IPI
          <idle>-0       [003] dNh2.  9080.924274: sched_wakeup: comm=sshd pid=1537 prio=120 target_cpu=003
          <idle>-0       [003] dNh1.  9080.924275: irq_handler_exit: irq=2 ret=handled
          <idle>-0       [003] d..2.  9080.924289: sched_switch: prev_comm=swapper/3 prev_pid=0 prev_prio=120 prev_state=R ==> next_comm=sshd next_pid=1537 next_prio=120
    kworker/u9:0-77      [000] d.h1.  9080.924304: irq_handler_entry: irq=37 name=mmc1
    kworker/u9:0-77      [000] d.h1.  9080.924314: irq_handler_exit: irq=37 ret=handled
    kworker/u9:0-77      [000] d.h1.  9080.924315: irq_handler_entry: irq=37 name=mmc0
    kworker/u9:0-77      [000] d.h1.  9080.924316: irq_handler_exit: irq=37 ret=unhandled
    kworker/u9:0-77      [000] d.s3.  9080.924327: sched_wakeup: comm=kworker/u9:0 pid=77 prio=100 target_cpu=000
    kworker/u9:0-77      [000] .....  9080.924348: workqueue_execute_end: work struct 00000000f35ee514: function brcmf_sdio_dataworker [brcmfmac]
    kworker/u9:0-77      [000] d..2.  9080.924358: sched_switch: prev_comm=kworker/u9:0 prev_pid=77 prev_prio=100 prev_state=I ==> next_comm=kworker/0:0 next_pid=2364 next_prio=120
     kworker/0:0-2364    [000] .....  9080.924363: workqueue_execute_end: work struct 000000003c9ea3d2: function sdio_irq_work
     kworker/0:0-2364    [000] .....  9080.924367: workqueue_execute_start: work struct 0000000035bda312: function dbs_work_handler
     kworker/0:0-2364    [000] .....  9080.924373: workqueue_execute_end: work struct 0000000035bda312: function dbs_work_handler
     kworker/0:0-2364    [000] d..2.  9080.924388: sched_switch: prev_comm=kworker/0:0 prev_pid=2364 prev_prio=120 prev_state=I ==> next_comm=swapper/0 next_pid=0 next_prio=120
          <idle>-0       [001] d.h1.  9080.924456: irq_handler_entry: irq=2 name=IPI
          <idle>-0       [001] dNh2.  9080.924464: sched_wakeup: comm=kworker/u8:1 pid=2300 prio=120 target_cpu=001
          <idle>-0       [001] dNh1.  9080.924466: irq_handler_exit: irq=2 ret=handled
          <idle>-0       [001] d..2.  9080.924478: sched_switch: prev_comm=swapper/1 prev_pid=0 prev_prio=120 prev_state=R ==> next_comm=kworker/u8:1 next_pid=2300 next_prio=120
    kworker/u8:1-2300    [001] .....  9080.924486: workqueue_execute_start: work struct 000000008da6e690: function flush_to_ldisc
            sshd-1537    [003] d..2.  9080.924493: sched_switch: prev_comm=sshd prev_pid=1537 prev_prio=120 prev_state=S ==> next_comm=swapper/3 next_pid=0 next_prio=120
    kworker/u8:1-2300    [001] .....  9080.924498: workqueue_execute_end: work struct 000000008da6e690: function flush_to_ldisc
          <idle>-0       [002] d.h1.  9080.924500: irq_handler_entry: irq=2 name=IPI
          <idle>-0       [002] dNh2.  9080.924507: sched_wakeup: comm=bash pid=1551 prio=120 target_cpu=002
    kworker/u8:1-2300    [001] d..2.  9080.924508: sched_switch: prev_comm=kworker/u8:1 prev_pid=2300 prev_prio=120 prev_state=I ==> next_comm=swapper/1 next_pid=0 next_prio=120
          <idle>-0       [002] dNh1.  9080.924508: irq_handler_exit: irq=2 ret=handled
          <idle>-0       [002] d..2.  9080.924522: sched_switch: prev_comm=swapper/2 prev_pid=0 prev_prio=120 prev_state=R ==> next_comm=bash next_pid=1551 next_prio=120
          <idle>-0       [001] d.h1.  9080.924586: irq_handler_entry: irq=2 name=IPI
          <idle>-0       [001] dNh2.  9080.924591: sched_wakeup: comm=kworker/u8:1 pid=2300 prio=120 target_cpu=001
          <idle>-0       [001] dNh1.  9080.924593: irq_handler_exit: irq=2 ret=handled
          <idle>-0       [001] d..2.  9080.924606: sched_switch: prev_comm=swapper/1 prev_pid=0 prev_prio=120 prev_state=R ==> next_comm=kworker/u8:1 next_pid=2300 next_prio=120
    kworker/u8:1-2300    [001] .....  9080.924613: workqueue_execute_start: work struct 000000009d5238c5: function flush_to_ldisc
    kworker/u8:1-2300    [001] .....  9080.924624: workqueue_execute_end: work struct 000000009d5238c5: function flush_to_ldisc
          <idle>-0       [003] d.h1.  9080.924626: irq_handler_entry: irq=2 name=IPI
    kworker/u8:1-2300    [001] d..2.  9080.924634: sched_switch: prev_comm=kworker/u8:1 prev_pid=2300 prev_prio=120 prev_state=I ==> next_comm=swapper/1 next_pid=0 next_prio=120
          <idle>-0       [003] dNh2.  9080.924634: sched_wakeup: comm=sshd pid=1537 prio=120 target_cpu=003
          <idle>-0       [003] dNh1.  9080.924635: irq_handler_exit: irq=2 ret=handled
          <idle>-0       [003] d..2.  9080.924649: sched_switch: prev_comm=swapper/3 prev_pid=0 prev_prio=120 prev_state=R ==> next_comm=sshd next_pid=1537 next_prio=120
          <idle>-0       [001] d.h1.  9080.924653: irq_handler_entry: irq=2 name=IPI
          <idle>-0       [001] dNh2.  9080.924658: sched_wakeup: comm=kworker/u8:1 pid=2300 prio=120 target_cpu=001
          <idle>-0       [001] dNh1.  9080.924660: irq_handler_exit: irq=2 ret=handled
          <idle>-0       [001] d..2.  9080.924672: sched_switch: prev_comm=swapper/1 prev_pid=0 prev_prio=120 prev_state=R ==> next_comm=kworker/u8:1 next_pid=2300 next_prio=120
    kworker/u8:1-2300    [001] .....  9080.924679: workqueue_execute_start: work struct 000000009d5238c5: function flush_to_ldisc
    kworker/u8:1-2300    [001] .....  9080.924685: workqueue_execute_end: work struct 000000009d5238c5: function flush_to_ldisc
    kworker/u8:1-2300    [001] d..2.  9080.924693: sched_switch: prev_comm=kworker/u8:1 prev_pid=2300 prev_prio=120 prev_state=I ==> next_comm=swapper/1 next_pid=0 next_prio=120
          <idle>-0       [000] d.h1.  9080.924830: irq_handler_entry: irq=2 name=IPI
          <idle>-0       [000] dNh2.  9080.924836: sched_wakeup: comm=kworker/u9:0 pid=77 prio=100 target_cpu=000
          <idle>-0       [000] dNh1.  9080.924838: irq_handler_exit: irq=2 ret=handled
          <idle>-0       [000] d..2.  9080.924851: sched_switch: prev_comm=swapper/0 prev_pid=0 prev_prio=120 prev_state=R ==> next_comm=kworker/u9:0 next_pid=77 next_prio=100
    kworker/u9:0-77      [000] .....  9080.924859: workqueue_execute_start: work struct 00000000f35ee514: function brcmf_sdio_dataworker [brcmfmac]
            sshd-1537    [003] d..2.  9080.924881: sched_switch: prev_comm=sshd prev_pid=1537 prev_prio=120 prev_state=S ==> next_comm=swapper/3 next_pid=0 next_prio=120
    kworker/u9:0-77      [000] d.h1.  9080.924915: irq_handler_entry: irq=37 name=mmc1
    kworker/u9:0-77      [000] d.h1.  9080.924927: irq_handler_exit: irq=37 ret=handled
    kworker/u9:0-77      [000] d.h1.  9080.924929: irq_handler_entry: irq=37 name=mmc0
    kworker/u9:0-77      [000] d.h1.  9080.924930: irq_handler_exit: irq=37 ret=unhandled
    kworker/u9:0-77      [000] d..2.  9080.924941: sched_switch: prev_comm=kworker/u9:0 prev_pid=77 prev_prio=100 prev_state=D ==> next_comm=swapper/0 next_pid=0 next_prio=120
          <idle>-0       [000] d.h1.  9080.924947: irq_handler_entry: irq=37 name=mmc1
          <idle>-0       [000] d.h1.  9080.924951: irq_handler_exit: irq=37 ret=handled
          <idle>-0       [000] d.h1.  9080.924952: irq_handler_entry: irq=37 name=mmc0
          <idle>-0       [000] d.h1.  9080.924953: irq_handler_exit: irq=37 ret=unhandled
          <idle>-0       [000] dNs5.  9080.924968: sched_wakeup: comm=kworker/u9:0 pid=77 prio=100 target_cpu=000
          <idle>-0       [000] d..2.  9080.924978: sched_switch: prev_comm=swapper/0 prev_pid=0 prev_prio=120 prev_state=R ==> next_comm=kworker/u9:0 next_pid=77 next_prio=100
    kworker/u9:0-77      [000] .....  9080.925000: workqueue_execute_end: work struct 00000000f35ee514: function brcmf_sdio_dataworker [brcmfmac]
    kworker/u9:0-77      [000] d..2.  9080.925008: sched_switch: prev_comm=kworker/u9:0 prev_pid=77 prev_prio=100 prev_state=I ==> next_comm=swapper/0 next_pid=0 next_prio=120
          <idle>-0       [003] dnh1.  9080.925506: irq_handler_entry: irq=1 name=IPI
          <idle>-0       [003] dNh1.  9080.925508: irq_handler_exit: irq=1 ret=handled
          <idle>-0       [003] d..2.  9080.925524: sched_switch: prev_comm=swapper/3 prev_pid=0 prev_prio=120 prev_state=R ==> next_comm=bash next_pid=2381 next_prio=120
            bash-1551    [002] d..2.  9080.925971: sched_switch: prev_comm=bash prev_pid=1551 prev_prio=120 prev_state=S ==> next_comm=swapper/2 next_pid=0 next_prio=120
              vi-2381    [003] d.h..  9080.926680: irq_handler_entry: irq=11 name=arch_timer
          <idle>-0       [000] d.h1.  9080.926717: irq_handler_entry: irq=2 name=IPI
              vi-2381    [003] d.h..  9080.926718: irq_handler_exit: irq=11 ret=handled
          <idle>-0       [000] d.h1.  9080.926720: irq_handler_exit: irq=2 ret=handled
          <idle>-0       [001] d.h1.  9080.926772: irq_handler_entry: irq=2 name=IPI
          <idle>-0       [001] dNh2.  9080.926778: sched_wakeup: comm=rcu_preempt pid=15 prio=120 target_cpu=001
          <idle>-0       [001] dNh1.  9080.926780: irq_handler_exit: irq=2 ret=handled
          <idle>-0       [001] d..2.  9080.926793: sched_switch: prev_comm=swapper/1 prev_pid=0 prev_prio=120 prev_state=R ==> next_comm=rcu_preempt next_pid=15 next_prio=120
     rcu_preempt-15      [001] d..2.  9080.926826: sched_switch: prev_comm=rcu_preempt prev_pid=15 prev_prio=120 prev_state=I ==> next_comm=swapper/1 next_pid=0 next_prio=120
          <idle>-0       [000] d.h1.  9080.930683: irq_handler_entry: irq=11 name=arch_timer
              vi-2381    [003] d.h..  9080.930684: irq_handler_entry: irq=11 name=arch_timer
          <idle>-0       [000] d.h1.  9080.930699: irq_handler_exit: irq=11 ret=handled
              vi-2381    [003] d.h..  9080.930720: irq_handler_exit: irq=11 ret=handled
          <idle>-0       [000] dNs5.  9080.930721: sched_wakeup: comm=kworker/0:0 pid=2364 prio=120 target_cpu=000
          <idle>-0       [000] d..2.  9080.930764: sched_switch: prev_comm=swapper/0 prev_pid=0 prev_prio=120 prev_state=R ==> next_comm=kworker/0:0 next_pid=2364 next_prio=120
     kworker/0:0-2364    [000] .....  9080.930778: workqueue_execute_start: work struct 00000000c56493aa: function get_values_poll [raspberrypi_hwmon]
     kworker/0:0-2364    [000] d.h1.  9080.930849: irq_handler_entry: irq=11 name=arch_timer
     kworker/0:0-2364    [000] d.h1.  9080.930856: irq_handler_exit: irq=11 ret=handled
     kworker/0:0-2364    [000] dN.4.  9080.930882: sched_wakeup: comm=kworker/0:1 pid=1663 prio=120 target_cpu=000
     kworker/0:0-2364    [000] dNh1.  9080.930889: irq_handler_entry: irq=14 name=fe00b880.mailbox
     kworker/0:0-2364    [000] dNh3.  9080.930892: sched_wakeup: comm=kworker/0:0 pid=2364 prio=120 target_cpu=000
     kworker/0:0-2364    [000] dNh1.  9080.930894: irq_handler_exit: irq=14 ret=handled
     kworker/0:0-2364    [000] d..2.  9080.930905: sched_switch: prev_comm=kworker/0:0 prev_pid=2364 prev_prio=120 prev_state=R+ ==> next_comm=kworker/0:1 next_pid=1663 next_prio=120
     kworker/0:1-1663    [000] .....  9080.930915: workqueue_execute_start: work struct 000000004e1110d7: function vmstat_shepherd
          <idle>-0       [002] d.h1.  9080.930936: irq_handler_entry: irq=2 name=IPI
              vi-2381    [003] d.h..  9080.930939: irq_handler_entry: irq=2 name=IPI
     kworker/0:1-1663    [000] .....  9080.930942: workqueue_execute_end: work struct 000000004e1110d7: function vmstat_shepherd
          <idle>-0       [002] dNh2.  9080.930945: sched_wakeup: comm=kworker/2:1 pid=2371 prio=120 target_cpu=002
          <idle>-0       [002] dNh1.  9080.930947: irq_handler_exit: irq=2 ret=handled
              vi-2381    [003] dNh1.  9080.930951: sched_wakeup: comm=kworker/3:1 pid=1570 prio=120 target_cpu=003
              vi-2381    [003] dNh..  9080.930953: irq_handler_exit: irq=2 ret=handled
     kworker/0:1-1663    [000] d..2.  9080.930955: sched_switch: prev_comm=kworker/0:1 prev_pid=1663 prev_prio=120 prev_state=I ==> next_comm=kworker/0:0 next_pid=2364 next_prio=120
          <idle>-0       [002] d..2.  9080.930963: sched_switch: prev_comm=swapper/2 prev_pid=0 prev_prio=120 prev_state=R ==> next_comm=kworker/2:1 next_pid=2371 next_prio=120
              vi-2381    [003] d..2.  9080.930963: sched_switch: prev_comm=vi prev_pid=2381 prev_prio=120 prev_state=R+ ==> next_comm=kworker/3:1 next_pid=1570 next_prio=120
     kworker/2:1-2371    [002] .....  9080.930973: workqueue_execute_start: work struct 00000000966c6f42: function vmstat_update
     kworker/3:1-1570    [003] .....  9080.930975: workqueue_execute_start: work struct 00000000eb584a76: function vmstat_update
     kworker/0:0-2364    [000] .....  9080.930980: workqueue_execute_end: work struct 00000000c56493aa: function get_values_poll [raspberrypi_hwmon]
     kworker/2:1-2371    [002] .....  9080.930987: workqueue_execute_end: work struct 00000000966c6f42: function vmstat_update
     kworker/3:1-1570    [003] .....  9080.930987: workqueue_execute_end: work struct 00000000eb584a76: function vmstat_update
     kworker/3:1-1570    [003] d..2.  9080.930998: sched_switch: prev_comm=kworker/3:1 prev_pid=1570 prev_prio=120 prev_state=I ==> next_comm=vi next_pid=2381 next_prio=120
     kworker/2:1-2371    [002] d..2.  9080.931006: sched_switch: prev_comm=kworker/2:1 prev_pid=2371 prev_prio=120 prev_state=I ==> next_comm=swapper/2 next_pid=0 next_prio=120
     kworker/0:0-2364    [000] d..2.  9080.931007: sched_switch: prev_comm=kworker/0:0 prev_pid=2364 prev_prio=120 prev_state=I ==> next_comm=swapper/0 next_pid=0 next_prio=120
          <idle>-0       [001] d.h1.  9080.934686: irq_handler_entry: irq=11 name=arch_timer
              vi-2381    [003] d.h..  9080.934687: irq_handler_entry: irq=11 name=arch_timer
          <idle>-0       [001] d.h1.  9080.934705: irq_handler_exit: irq=11 ret=handled
              vi-2381    [003] d.h..  9080.934728: irq_handler_exit: irq=11 ret=handled
          <idle>-0       [001] dNs4.  9080.934731: sched_wakeup: comm=rcu_preempt pid=15 prio=120 target_cpu=001
          <idle>-0       [001] d..2.  9080.934779: sched_switch: prev_comm=swapper/1 prev_pid=0 prev_prio=120 prev_state=R ==> next_comm=rcu_preempt next_pid=15 next_prio=120
     rcu_preempt-15      [001] d..2.  9080.934840: sched_switch: prev_comm=rcu_preempt prev_pid=15 prev_prio=120 prev_state=I ==> next_comm=swapper/1 next_pid=0 next_prio=120
              vi-2381    [003] d.h2.  9080.938682: irq_handler_entry: irq=11 name=arch_timer
          <idle>-0       [000] d.h1.  9080.938686: irq_handler_entry: irq=11 name=arch_timer
          <idle>-0       [000] d.h1.  9080.938700: irq_handler_exit: irq=11 ret=handled
              vi-2381    [003] d.h2.  9080.938715: irq_handler_exit: irq=11 ret=handled
          <idle>-0       [000] dNs5.  9080.938724: sched_wakeup: comm=brcmf_wdog/mmc1 pid=279 prio=120 target_cpu=000
          <idle>-0       [000] d..2.  9080.938768: sched_switch: prev_comm=swapper/0 prev_pid=0 prev_prio=120 prev_state=R ==> next_comm=brcmf_wdog/mmc1 next_pid=279 next_prio=120
 brcmf_wdog/mmc1-279     [000] d..2.  9080.938795: sched_switch: prev_comm=brcmf_wdog/mmc1 prev_pid=279 prev_prio=120 prev_state=S ==> next_comm=swapper/0 next_pid=0 next_prio=120
          <idle>-0       [000] d.h1.  9080.941346: irq_handler_entry: irq=11 name=arch_timer
          <idle>-0       [000] dNh4.  9080.941359: sched_wakeup: comm=lxpanel pid=1686 prio=120 target_cpu=000
          <idle>-0       [000] dNh1.  9080.941363: irq_handler_exit: irq=11 ret=handled
          <idle>-0       [000] d..2.  9080.941380: sched_switch: prev_comm=swapper/0 prev_pid=0 prev_prio=120 prev_state=R ==> next_comm=lxpanel next_pid=1686 next_prio=120
         lxpanel-1686    [000] d..2.  9080.941544: sched_switch: prev_comm=lxpanel prev_pid=1686 prev_prio=120 prev_state=S ==> next_comm=swapper/0 next_pid=0 next_prio=120
              vi-2381    [003] d.h..  9080.942681: irq_handler_entry: irq=11 name=arch_timer
          <idle>-0       [001] d.h1.  9080.942683: irq_handler_entry: irq=11 name=arch_timer
          <idle>-0       [001] d.h1.  9080.942695: irq_handler_exit: irq=11 ret=handled
              vi-2381    [003] d.h..  9080.942711: irq_handler_exit: irq=11 ret=handled
          <idle>-0       [001] dNs4.  9080.942712: sched_wakeup: comm=rcu_preempt pid=15 prio=120 target_cpu=001
          <idle>-0       [001] d..2.  9080.942749: sched_switch: prev_comm=swapper/1 prev_pid=0 prev_prio=120 prev_state=R ==> next_comm=rcu_preempt next_pid=15 next_prio=120
     rcu_preempt-15      [001] d..2.  9080.942801: sched_switch: prev_comm=rcu_preempt prev_pid=15 prev_prio=120 prev_state=I ==> next_comm=swapper/1 next_pid=0 next_prio=120
              vi-2381    [003] d.h..  9080.946680: irq_handler_entry: irq=11 name=arch_timer
              vi-2381    [003] d.h..  9080.946708: irq_handler_exit: irq=11 ret=handled
              vi-2381    [003] d.h..  9080.950679: irq_handler_entry: irq=11 name=arch_timer
          <idle>-0       [001] d.h1.  9080.950681: irq_handler_entry: irq=11 name=arch_timer
          <idle>-0       [001] d.h1.  9080.950690: irq_handler_exit: irq=11 ret=handled
              vi-2381    [003] d.h..  9080.950701: irq_handler_exit: irq=11 ret=handled
          <idle>-0       [001] dNs4.  9080.950708: sched_wakeup: comm=rcu_preempt pid=15 prio=120 target_cpu=001
          <idle>-0       [001] d..2.  9080.950741: sched_switch: prev_comm=swapper/1 prev_pid=0 prev_prio=120 prev_state=R ==> next_comm=rcu_preempt next_pid=15 next_prio=120
     rcu_preempt-15      [001] d..2.  9080.950792: sched_switch: prev_comm=rcu_preempt prev_pid=15 prev_prio=120 prev_state=I ==> next_comm=swapper/1 next_pid=0 next_prio=120
              vi-2381    [003] d.h..  9080.954680: irq_handler_entry: irq=11 name=arch_timer
          <idle>-0       [000] d.h1.  9080.954682: irq_handler_entry: irq=11 name=arch_timer
          <idle>-0       [000] d.h1.  9080.954693: irq_handler_exit: irq=11 ret=handled
              vi-2381    [003] d.h..  9080.954702: irq_handler_exit: irq=11 ret=handled
          <idle>-0       [000] dNs5.  9080.954711: sched_wakeup: comm=brcmf_wdog/mmc1 pid=279 prio=120 target_cpu=000
          <idle>-0       [000] d..2.  9080.954751: sched_switch: prev_comm=swapper/0 prev_pid=0 prev_prio=120 prev_state=R ==> next_comm=brcmf_wdog/mmc1 next_pid=279 next_prio=120
 brcmf_wdog/mmc1-279     [000] d.h..  9080.954804: irq_handler_entry: irq=37 name=mmc1
 brcmf_wdog/mmc1-279     [000] d.h..  9080.954809: irq_handler_exit: irq=37 ret=handled
 brcmf_wdog/mmc1-279     [000] d.h..  9080.954810: irq_handler_entry: irq=37 name=mmc0
 brcmf_wdog/mmc1-279     [000] d.h..  9080.954814: irq_handler_exit: irq=37 ret=unhandled
 brcmf_wdog/mmc1-279     [000] d..2.  9080.954854: sched_switch: prev_comm=brcmf_wdog/mmc1 prev_pid=279 prev_prio=120 prev_state=S ==> next_comm=swapper/0 next_pid=0 next_prio=120
              vi-2381    [003] d.h..  9080.958681: irq_handler_entry: irq=11 name=arch_timer
          <idle>-0       [001] d.h1.  9080.958682: irq_handler_entry: irq=11 name=arch_timer
          <idle>-0       [001] d.h1.  9080.958691: irq_handler_exit: irq=11 ret=handled
              vi-2381    [003] d.h..  9080.958706: irq_handler_exit: irq=11 ret=handled
          <idle>-0       [001] dNs4.  9080.958706: sched_wakeup: comm=rcu_preempt pid=15 prio=120 target_cpu=001
          <idle>-0       [001] d..2.  9080.958740: sched_switch: prev_comm=swapper/1 prev_pid=0 prev_prio=120 prev_state=R ==> next_comm=rcu_preempt next_pid=15 next_prio=120
     rcu_preempt-15      [001] d..2.  9080.958788: sched_switch: prev_comm=rcu_preempt prev_pid=15 prev_prio=120 prev_state=I ==> next_comm=swapper/1 next_pid=0 next_prio=120
          <idle>-0       [001] d.h1.  9080.962273: irq_handler_entry: irq=2 name=IPI
          <idle>-0       [001] dNh2.  9080.962283: sched_wakeup: comm=kworker/u8:1 pid=2300 prio=120 target_cpu=001
          <idle>-0       [001] dNh1.  9080.962285: irq_handler_exit: irq=2 ret=handled
          <idle>-0       [001] d..2.  9080.962300: sched_switch: prev_comm=swapper/1 prev_pid=0 prev_prio=120 prev_state=R ==> next_comm=kworker/u8:1 next_pid=2300 next_prio=120
    kworker/u8:1-2300    [001] .....  9080.962312: workqueue_execute_start: work struct 000000009d5238c5: function flush_to_ldisc
    kworker/u8:1-2300    [001] .....  9080.962327: workqueue_execute_end: work struct 000000009d5238c5: function flush_to_ldisc
              vi-2381    [003] d.h..  9080.962329: irq_handler_entry: irq=2 name=IPI
    kworker/u8:1-2300    [001] d..2.  9080.962339: sched_switch: prev_comm=kworker/u8:1 prev_pid=2300 prev_prio=120 prev_state=I ==> next_comm=swapper/1 next_pid=0 next_prio=120
              vi-2381    [003] dNh1.  9080.962349: sched_wakeup: comm=sshd pid=1537 prio=120 target_cpu=003
              vi-2381    [003] dNh..  9080.962350: irq_handler_exit: irq=2 ret=handled
              vi-2381    [003] d..2.  9080.962364: sched_switch: prev_comm=vi prev_pid=2381 prev_prio=120 prev_state=R ==> next_comm=sshd next_pid=1537 next_prio=120
            sshd-1537    [003] D.h2.  9080.962679: irq_handler_entry: irq=11 name=arch_timer
          <idle>-0       [000] d.h1.  9080.962713: irq_handler_entry: irq=2 name=IPI
            sshd-1537    [003] D.h2.  9080.962714: irq_handler_exit: irq=11 ret=handled
          <idle>-0       [000] d.h1.  9080.962716: irq_handler_exit: irq=2 ret=handled
          <idle>-0       [000] d.H1.  9080.962749: irq_handler_entry: irq=2 name=IPI
          <idle>-0       [000] dNH2.  9080.962755: sched_wakeup: comm=kworker/u9:0 pid=77 prio=100 target_cpu=000
          <idle>-0       [000] dNH1.  9080.962757: irq_handler_exit: irq=2 ret=handled
          <idle>-0       [000] d..2.  9080.962775: sched_switch: prev_comm=swapper/0 prev_pid=0 prev_prio=120 prev_state=R ==> next_comm=kworker/u9:0 next_pid=77 next_prio=100
    kworker/u9:0-77      [000] .....  9080.962787: workqueue_execute_start: work struct 00000000f35ee514: function brcmf_sdio_dataworker [brcmfmac]
