          <idle>-0       [000] d.h1.  9079.962674: irq_handler_exit: irq=11 ret=handled
          <idle>-0       [000] dNs5.  9079.962689: sched_wakeup: comm=brcmf_wdog/mmc1 pid=279 prio=120 target_cpu=000
          <idle>-0       [000] d..2.  9079.962716: sched_switch: prev_comm=swapper/0 prev_pid=0 prev_prio=120 prev_state=R ==> next_comm=brcmf_wdog/mmc1 next_pid=279 next_prio=120
 brcmf_wdog/mmc1-279     [000] d..2.  9079.962732: sched_switch: prev_comm=brcmf_wdog/mmc1 prev_pid=279 prev_prio=120 prev_state=S ==> next_comm=swapper/0 next_pid=0 next_prio=120
          <idle>-0       [000] d.h1.  9079.978666: irq_handler_entry: irq=11 name=arch_timer
          <idle>-0       [000] d.h1.  9079.978673: irq_handler_exit: irq=11 ret=handled
          <idle>-0       [000] dNs5.  9079.978686: sched_wakeup: comm=brcmf_wdog/mmc1 pid=279 prio=120 target_cpu=000
          <idle>-0       [000] d..2.  9079.978712: sched_switch: prev_comm=swapper/0 prev_pid=0 prev_prio=120 prev_state=R ==> next_comm=brcmf_wdog/mmc1 next_pid=279 next_prio=120
 brcmf_wdog/mmc1-279     [000] d.h1.  9079.978745: irq_handler_entry: irq=37 name=mmc1
 brcmf_wdog/mmc1-279     [000] d.h1.  9079.978749: irq_handler_exit: irq=37 ret=handled
 brcmf_wdog/mmc1-279     [000] d.h1.  9079.978751: irq_handler_entry: irq=37 name=mmc0
 brcmf_wdog/mmc1-279     [000] d.h1.  9079.978752: irq_handler_exit: irq=37 ret=unhandled
 brcmf_wdog/mmc1-279     [000] d.s3.  9079.978763: sched_wakeup: comm=brcmf_wdog/mmc1 pid=279 prio=120 target_cpu=000
 brcmf_wdog/mmc1-279     [000] d..2.  9079.978789: sched_switch: prev_comm=brcmf_wdog/mmc1 prev_pid=279 prev_prio=120 prev_state=S ==> next_comm=swapper/0 next_pid=0 next_prio=120
          <idle>-0       [000] d.h1.  9079.990666: irq_handler_entry: irq=11 name=arch_timer
          <idle>-0       [000] d.h1.  9079.990673: irq_handler_exit: irq=11 ret=handled
          <idle>-0       [000] d.h1.  9079.994040: irq_handler_entry: irq=37 name=mmc1
          <idle>-0       [000] dNh6.  9079.994052: sched_wakeup: comm=kworker/0:0 pid=2364 prio=120 target_cpu=000
          <idle>-0       [000] dNh1.  9079.994054: irq_handler_exit: irq=37 ret=handled
          <idle>-0       [000] dNh1.  9079.994055: irq_handler_entry: irq=37 name=mmc0
          <idle>-0       [000] dNh1.  9079.994057: irq_handler_exit: irq=37 ret=unhandled
          <idle>-0       [000] d..2.  9079.994071: sched_switch: prev_comm=swapper/0 prev_pid=0 prev_prio=120 prev_state=R ==> next_comm=kworker/0:0 next_pid=2364 next_prio=120
     kworker/0:0-2364    [000] .....  9079.994078: workqueue_execute_start: work struct 000000003c9ea3d2: function sdio_irq_work
     kworker/0:0-2364    [000] d.h1.  9079.994103: irq_handler_entry: irq=37 name=mmc1
     kworker/0:0-2364    [000] d.h1.  9079.994106: irq_handler_exit: irq=37 ret=handled
     kworker/0:0-2364    [000] d.h1.  9079.994107: irq_handler_entry: irq=37 name=mmc0
     kworker/0:0-2364    [000] d.h1.  9079.994109: irq_handler_exit: irq=37 ret=unhandled
     kworker/0:0-2364    [000] d.s3.  9079.994120: sched_wakeup: comm=kworker/0:0 pid=2364 prio=120 target_cpu=000
     kworker/0:0-2364    [000] d.h1.  9079.994151: irq_handler_entry: irq=37 name=mmc1
     kworker/0:0-2364    [000] d.h1.  9079.994158: irq_handler_exit: irq=37 ret=handled
     kworker/0:0-2364    [000] d.h1.  9079.994159: irq_handler_entry: irq=37 name=mmc0
     kworker/0:0-2364    [000] d.h1.  9079.994160: irq_handler_exit: irq=37 ret=unhandled
     kworker/0:0-2364    [000] d.s3.  9079.994170: sched_wakeup: comm=kworker/0:0 pid=2364 prio=120 target_cpu=000
     kworker/0:0-2364    [000] d.h1.  9079.994199: irq_handler_entry: irq=37 name=mmc1
     kworker/0:0-2364    [000] d.h1.  9079.994204: irq_handler_exit: irq=37 ret=handled
     kworker/0:0-2364    [000] d.h1.  9079.994205: irq_handler_entry: irq=37 name=mmc0
     kworker/0:0-2364    [000] d.h1.  9079.994206: irq_handler_exit: irq=37 ret=unhandled
     kworker/0:0-2364    [000] d.h1.  9079.994209: irq_handler_entry: irq=37 name=mmc1
     kworker/0:0-2364    [000] d.h1.  9079.994212: irq_handler_exit: irq=37 ret=handled
     kworker/0:0-2364    [000] d.h1.  9079.994213: irq_handler_entry: irq=37 name=mmc0
     kworker/0:0-2364    [000] d.h1.  9079.994215: irq_handler_exit: irq=37 ret=unhandled
     kworker/0:0-2364    [000] d.s3.  9079.994224: sched_wakeup: comm=kworker/0:0 pid=2364 prio=120 target_cpu=000
     kworker/0:0-2364    [000] dN.4.  9079.994243: sched_wakeup: comm=kworker/u9:0 pid=77 prio=100 target_cpu=000
     kworker/0:0-2364    [000] d..2.  9079.994256: sched_switch: prev_comm=kworker/0:0 prev_pid=2364 prev_prio=120 prev_state=R+ ==> next_comm=kworker/u9:0 next_pid=77 next_prio=100
    kworker/u9:0-77      [000] .....  9079.994263: workqueue_execute_start: work struct 00000000f35ee514: function brcmf_sdio_dataworker [brcmfmac]
    kworker/u9:0-77      [000] d..2.  9079.994275: sched_switch: prev_comm=kworker/u9:0 prev_pid=77 prev_prio=100 prev_state=D ==> next_comm=kworker/0:0 next_pid=2364 next_prio=120
     kworker/0:0-2364    [000] dN.4.  9079.994286: sched_wakeup: comm=kworker/u9:0 pid=77 prio=100 target_cpu=000
     kworker/0:0-2364    [000] d..2.  9079.994291: sched_switch: prev_comm=kworker/0:0 prev_pid=2364 prev_prio=120 prev_state=R+ ==> next_comm=kworker/u9:0 next_pid=77 next_prio=100
    kworker/u9:0-77      [000] d.h1.  9079.994315: irq_handler_entry: irq=37 name=mmc1
    kworker/u9:0-77      [000] d.h1.  9079.994319: irq_handler_exit: irq=37 ret=handled
    kworker/u9:0-77      [000] d.h1.  9079.994320: irq_handler_entry: irq=37 name=mmc0
    kworker/u9:0-77      [000] d.h1.  9079.994322: irq_handler_exit: irq=37 ret=unhandled
    kworker/u9:0-77      [000] d.s3.  9079.994332: sched_wakeup: comm=kworker/u9:0 pid=77 prio=100 target_cpu=000
    kworker/u9:0-77      [000] d.h1.  9079.994354: irq_handler_entry: irq=37 name=mmc1
    kworker/u9:0-77      [000] d.h1.  9079.994358: irq_handler_exit: irq=37 ret=handled
    kworker/u9:0-77      [000] d.h1.  9079.994359: irq_handler_entry: irq=37 name=mmc0
    kworker/u9:0-77      [000] d.h1.  9079.994360: irq_handler_exit: irq=37 ret=unhandled
    kworker/u9:0-77      [000] d.s3.  9079.994370: sched_wakeup: comm=kworker/u9:0 pid=77 prio=100 target_cpu=000
    kworker/u9:0-77      [000] d.h1.  9079.994421: irq_handler_entry: irq=37 name=mmc1
    kworker/u9:0-77      [000] d.h1.  9079.994430: irq_handler_exit: irq=37 ret=handled
    kworker/u9:0-77      [000] d.h1.  9079.994431: irq_handler_entry: irq=37 name=mmc0
    kworker/u9:0-77      [000] d.h1.  9079.994433: irq_handler_exit: irq=37 ret=unhandled
    kworker/u9:0-77      [000] d.s3.  9079.994443: sched_wakeup: comm=kworker/u9:0 pid=77 prio=100 target_cpu=000
    kworker/u9:0-77      [000] d.h1.  9079.994478: irq_handler_entry: irq=37 name=mmc1
    kworker/u9:0-77      [000] d.h1.  9079.994484: irq_handler_exit: irq=37 ret=handled
    kworker/u9:0-77      [000] d.h1.  9079.994485: irq_handler_entry: irq=37 name=mmc0
    kworker/u9:0-77      [000] d.h1.  9079.994487: irq_handler_exit: irq=37 ret=unhandled
    kworker/u9:0-77      [000] d.s3.  9079.994497: sched_wakeup: comm=kworker/u9:0 pid=77 prio=100 target_cpu=000
    kworker/u9:0-77      [000] d.h1.  9079.994584: irq_handler_entry: irq=37 name=mmc1
    kworker/u9:0-77      [000] d.h1.  9079.994593: irq_handler_exit: irq=37 ret=handled
    kworker/u9:0-77      [000] d.h1.  9079.994595: irq_handler_entry: irq=37 name=mmc0
    kworker/u9:0-77      [000] d.h1.  9079.994596: irq_handler_exit: irq=37 ret=unhandled
    kworker/u9:0-77      [000] d.s3.  9079.994607: sched_wakeup: comm=kworker/u9:0 pid=77 prio=100 target_cpu=000
    kworker/u9:0-77      [000] .....  9079.994627: workqueue_execute_end: work struct 00000000f35ee514: function brcmf_sdio_dataworker [brcmfmac]
    kworker/u9:0-77      [000] d..2.  9079.994637: sched_switch: prev_comm=kworker/u9:0 prev_pid=77 prev_prio=100 prev_state=I ==> next_comm=kworker/0:0 next_pid=2364 next_prio=120
     kworker/0:0-2364    [000] .....  9079.994642: workqueue_execute_end: work struct 000000003c9ea3d2: function sdio_irq_work
     kworker/0:0-2364    [000] d..2.  9079.994656: sched_switch: prev_comm=kworker/0:0 prev_pid=2364 prev_prio=120 prev_state=I ==> next_comm=swapper/0 next_pid=0 next_prio=120
          <idle>-0       [000] d.h1.  9079.994665: irq_handler_entry: irq=11 name=arch_timer
          <idle>-0       [000] d.h1.  9079.994676: irq_handler_exit: irq=11 ret=handled
          <idle>-0       [000] d.h1.  9080.006665: irq_handler_entry: irq=11 name=arch_timer
          <idle>-0       [000] d.h1.  9080.006671: irq_handler_exit: irq=11 ret=handled
          <idle>-0       [000] dNs5.  9080.006684: sched_wakeup: comm=brcmf_wdog/mmc1 pid=279 prio=120 target_cpu=000
          <idle>-0       [000] d..2.  9080.006711: sched_switch: prev_comm=swapper/0 prev_pid=0 prev_prio=120 prev_state=R ==> next_comm=brcmf_wdog/mmc1 next_pid=279 next_prio=120
 brcmf_wdog/mmc1-279     [000] d..2.  9080.006726: sched_switch: prev_comm=brcmf_wdog/mmc1 prev_pid=279 prev_prio=120 prev_state=S ==> next_comm=swapper/0 next_pid=0 next_prio=120
          <idle>-0       [000] d.h1.  9080.022666: irq_handler_entry: irq=11 name=arch_timer
          <idle>-0       [000] d.h1.  9080.022673: irq_handler_exit: irq=11 ret=handled
          <idle>-0       [000] dNs5.  9080.022686: sched_wakeup: comm=brcmf_wdog/mmc1 pid=279 prio=120 target_cpu=000
          <idle>-0       [000] d..2.  9080.022712: sched_switch: prev_comm=swapper/0 prev_pid=0 prev_prio=120 prev_state=R ==> next_comm=brcmf_wdog/mmc1 next_pid=279 next_prio=120
 brcmf_wdog/mmc1-279     [000] d.h1.  9080.022746: irq_handler_entry: irq=37 name=mmc1
 brcmf_wdog/mmc1-279     [000] d.h1.  9080.022750: irq_handler_exit: irq=37 ret=handled
 brcmf_wdog/mmc1-279     [000] d.h1.  9080.022751: irq_handler_entry: irq=37 name=mmc0
 brcmf_wdog/mmc1-279     [000] d.h1.  9080.022752: irq_handler_exit: irq=37 ret=unhandled
 brcmf_wdog/mmc1-279     [000] d.s3.  9080.022763: sched_wakeup: comm=brcmf_wdog/mmc1 pid=279 prio=120 target_cpu=000
 brcmf_wdog/mmc1-279     [000] d..2.  9080.022788: sched_switch: prev_comm=brcmf_wdog/mmc1 prev_pid=279 prev_prio=120 prev_state=S ==> next_comm=swapper/0 next_pid=0 next_prio=120
          <idle>-0       [000] d.h1.  9080.042363: irq_handler_entry: irq=37 name=mmc1
          <idle>-0       [000] dNh6.  9080.042374: sched_wakeup: comm=kworker/0:0 pid=2364 prio=120 target_cpu=000
          <idle>-0       [000] dNh1.  9080.042377: irq_handler_exit: irq=37 ret=handled
          <idle>-0       [000] dNh1.  9080.042378: irq_handler_entry: irq=37 name=mmc0
          <idle>-0       [000] dNh1.  9080.042379: irq_handler_exit: irq=37 ret=unhandled
          <idle>-0       [000] d..2.  9080.042393: sched_switch: prev_comm=swapper/0 prev_pid=0 prev_prio=120 prev_state=R ==> next_comm=kworker/0:0 next_pid=2364 next_prio=120
     kworker/0:0-2364    [000] .....  9080.042400: workqueue_execute_start: work struct 000000003c9ea3d2: function sdio_irq_work
     kworker/0:0-2364    [000] d.h1.  9080.042424: irq_handler_entry: irq=37 name=mmc1
     kworker/0:0-2364    [000] d.h1.  9080.042428: irq_handler_exit: irq=37 ret=handled
     kworker/0:0-2364    [000] d.h1.  9080.042429: irq_handler_entry: irq=37 name=mmc0
     kworker/0:0-2364    [000] d.h1.  9080.042431: irq_handler_exit: irq=37 ret=unhandled
     kworker/0:0-2364    [000] d.s3.  9080.042441: sched_wakeup: comm=kworker/0:0 pid=2364 prio=120 target_cpu=000
     kworker/0:0-2364    [000] d.h1.  9080.042472: irq_handler_entry: irq=37 name=mmc1
     kworker/0:0-2364    [000] d.h1.  9080.042479: irq_handler_exit: irq=37 ret=handled
     kworker/0:0-2364    [000] d.h1.  9080.042480: irq_handler_entry: irq=37 name=mmc0
     kworker/0:0-2364    [000] d.h1.  9080.042481: irq_handler_exit: irq=37 ret=unhandled
     kworker/0:0-2364    [000] d.s3.  9080.042491: sched_wakeup: comm=kworker/0:0 pid=2364 prio=120 target_cpu=000
     kworker/0:0-2364    [000] d.h1.  9080.042520: irq_handler_entry: irq=37 name=mmc1
     kworker/0:0-2364    [000] d.h1.  9080.042524: irq_handler_exit: irq=37 ret=handled
     kworker/0:0-2364    [000] d.h1.  9080.042525: irq_handler_entry: irq=37 name=mmc0
     kworker/0:0-2364    [000] d.h1.  9080.042527: irq_handler_exit: irq=37 ret=unhandled
     kworker/0:0-2364    [000] d.h1.  9080.042529: irq_handler_entry: irq=37 name=mmc1
     kworker/0:0-2364    [000] d.h1.  9080.042532: irq_handler_exit: irq=37 ret=handled
     kworker/0:0-2364    [000] d.h1.  9080.042533: irq_handler_entry: irq=37 name=mmc0
     kworker/0:0-2364    [000] d.h1.  9080.042535: irq_handler_exit: irq=37 ret=unhandled
     kworker/0:0-2364    [000] d.s3.  9080.042545: sched_wakeup: comm=kworker/0:0 pid=2364 prio=120 target_cpu=000
     kworker/0:0-2364    [000] dN.4.  9080.042563: sched_wakeup: comm=kworker/u9:0 pid=77 prio=100 target_cpu=000
     kworker/0:0-2364    [000] d..2.  9080.042578: sched_switch: prev_comm=kworker/0:0 prev_pid=2364 prev_prio=120 prev_state=R+ ==> next_comm=kworker/u9:0 next_pid=77 next_prio=100
    kworker/u9:0-77      [000] .....  9080.042585: workqueue_execute_start: work struct 00000000f35ee514: function brcmf_sdio_dataworker [brcmfmac]
    kworker/u9:0-77      [000] d..2.  9080.042596: sched_switch: prev_comm=kworker/u9:0 prev_pid=77 prev_prio=100 prev_state=D ==> next_comm=kworker/0:0 next_pid=2364 next_prio=120
     kworker/0:0-2364    [000] dN.4.  9080.042607: sched_wakeup: comm=kworker/u9:0 pid=77 prio=100 target_cpu=000
     kworker/0:0-2364    [000] d..2.  9080.042613: sched_switch: prev_comm=kworker/0:0 prev_pid=2364 prev_prio=120 prev_state=R+ ==> next_comm=kworker/u9:0 next_pid=77 next_prio=100
    kworker/u9:0-77      [000] d.h1.  9080.042636: irq_handler_entry: irq=37 name=mmc1
    kworker/u9:0-77      [000] d.h1.  9080.042640: irq_handler_exit: irq=37 ret=handled
    kworker/u9:0-77      [000] d.h1.  9080.042641: irq_handler_entry: irq=37 name=mmc0
    kworker/u9:0-77      [000] d.h1.  9080.042643: irq_handler_exit: irq=37 ret=unhandled
    kworker/u9:0-77      [000] d.s3.  9080.042653: sched_wakeup: comm=kworker/u9:0 pid=77 prio=100 target_cpu=000
    kworker/u9:0-77      [000] d.h1.  9080.042663: irq_handler_entry: irq=11 name=arch_timer
    kworker/u9:0-77      [000] d.h1.  9080.042678: irq_handler_exit: irq=11 ret=handled
          <idle>-0       [001] d.h1.  9080.042678: irq_handler_entry: irq=2 name=IPI
          <idle>-0       [001] d.h1.  9080.042680: irq_handler_exit: irq=2 ret=handled
    kworker/u9:0-77      [000] d.h1.  9080.042703: irq_handler_entry: irq=37 name=mmc1
    kworker/u9:0-77      [000] d.h1.  9080.042707: irq_handler_exit: irq=37 ret=handled
    kworker/u9:0-77      [000] d.h1.  9080.042708: irq_handler_entry: irq=37 name=mmc0
    kworker/u9:0-77      [000] d.h1.  9080.042709: irq_handler_exit: irq=37 ret=unhandled
    kworker/u9:0-77      [000] d.s3.  9080.042719: sched_wakeup: comm=kworker/u9:0 pid=77 prio=100 target_cpu=000
    kworker/u9:0-77      [000] d.h1.  9080.042771: irq_handler_entry: irq=37 name=mmc1
    kworker/u9:0-77      [000] d.h1.  9080.042781: irq_handler_exit: irq=37 ret=handled
    kworker/u9:0-77      [000] d.h1.  9080.042782: irq_handler_entry: irq=37 name=mmc0
    kworker/u9:0-77      [000] d.h1.  9080.042783: irq_handler_exit: irq=37 ret=unhandled
    kworker/u9:0-77      [000] d.s3.  9080.042794: sched_wakeup: comm=kworker/u9:0 pid=77 prio=100 target_cpu=000
    kworker/u9:0-77      [000] d.h1.  9080.042828: irq_handler_entry: irq=37 name=mmc1
    kworker/u9:0-77      [000] d.h1.  9080.042838: irq_handler_exit: irq=37 ret=handled
    kworker/u9:0-77      [000] d.h1.  9080.042839: irq_handler_entry: irq=37 name=mmc0
    kworker/u9:0-77      [000] d.h1.  9080.042840: irq_handler_exit: irq=37 ret=unhandled
    kworker/u9:0-77      [000] d.s3.  9080.042850: sched_wakeup: comm=kworker/u9:0 pid=77 prio=100 target_cpu=000
          <idle>-0       [003] d.h1.  9080.042896: irq_handler_entry: irq=2 name=IPI
          <idle>-0       [003] dNh2.  9080.042905: sched_wakeup: comm=sshd pid=1537 prio=120 target_cpu=003
          <idle>-0       [003] dNh1.  9080.042906: irq_handler_exit: irq=2 ret=handled
          <idle>-0       [003] d..2.  9080.042920: sched_switch: prev_comm=swapper/3 prev_pid=0 prev_prio=120 prev_state=R ==> next_comm=sshd next_pid=1537 next_prio=120
    kworker/u9:0-77      [000] d.h1.  9080.042934: irq_handler_entry: irq=37 name=mmc1
    kworker/u9:0-77      [000] d.h1.  9080.042944: irq_handler_exit: irq=37 ret=handled
    kworker/u9:0-77      [000] d.h1.  9080.042945: irq_handler_entry: irq=37 name=mmc0
    kworker/u9:0-77      [000] d.h1.  9080.042947: irq_handler_exit: irq=37 ret=unhandled
    kworker/u9:0-77      [000] d.s3.  9080.042957: sched_wakeup: comm=kworker/u9:0 pid=77 prio=100 target_cpu=000
    kworker/u9:0-77      [000] .....  9080.042978: workqueue_execute_end: work struct 00000000f35ee514: function brcmf_sdio_dataworker [brcmfmac]
    kworker/u9:0-77      [000] d..2.  9080.042989: sched_switch: prev_comm=kworker/u9:0 prev_pid=77 prev_prio=100 prev_state=I ==> next_comm=kworker/0:0 next_pid=2364 next_prio=120
     kworker/0:0-2364    [000] .....  9080.042993: workqueue_execute_end: work struct 000000003c9ea3d2: function sdio_irq_work
     kworker/0:0-2364    [000] d..2.  9080.043008: sched_switch: prev_comm=kworker/0:0 prev_pid=2364 prev_prio=120 prev_state=I ==> next_comm=swapper/0 next_pid=0 next_prio=120
          <idle>-0       [001] d.h1.  9080.043076: irq_handler_entry: irq=2 name=IPI
          <idle>-0       [001] dNh2.  9080.043082: sched_wakeup: comm=kworker/u8:1 pid=2300 prio=120 target_cpu=001
          <idle>-0       [001] dNh1.  9080.043084: irq_handler_exit: irq=2 ret=handled
          <idle>-0       [001] d..2.  9080.043097: sched_switch: prev_comm=swapper/1 prev_pid=0 prev_prio=120 prev_state=R ==> next_comm=kworker/u8:1 next_pid=2300 next_prio=120
    kworker/u8:1-2300    [001] .....  9080.043104: workqueue_execute_start: work struct 000000008da6e690: function flush_to_ldisc
    kworker/u8:1-2300    [001] .....  9080.043114: workqueue_execute_end: work struct 000000008da6e690: function flush_to_ldisc
          <idle>-0       [002] d.h1.  9080.043116: irq_handler_entry: irq=2 name=IPI
            sshd-1537    [003] d..2.  9080.043122: sched_switch: prev_comm=sshd prev_pid=1537 prev_prio=120 prev_state=S ==> next_comm=swapper/3 next_pid=0 next_prio=120
    kworker/u8:1-2300    [001] d..2.  9080.043124: sched_switch: prev_comm=kworker/u8:1 prev_pid=2300 prev_prio=120 prev_state=I ==> next_comm=swapper/1 next_pid=0 next_prio=120
          <idle>-0       [002] dNh2.  9080.043124: sched_wakeup: comm=bash pid=1551 prio=120 target_cpu=002
          <idle>-0       [002] dNh1.  9080.043126: irq_handler_exit: irq=2 ret=handled
          <idle>-0       [002] d..2.  9080.043139: sched_switch: prev_comm=swapper/2 prev_pid=0 prev_prio=120 prev_state=R ==> next_comm=bash next_pid=1551 next_prio=120
          <idle>-0       [001] d.h1.  9080.043219: irq_handler_entry: irq=2 name=IPI
          <idle>-0       [001] dNh2.  9080.043224: sched_wakeup: comm=kworker/u8:1 pid=2300 prio=120 target_cpu=001
          <idle>-0       [001] dNh1.  9080.043225: irq_handler_exit: irq=2 ret=handled
          <idle>-0       [001] d..2.  9080.043238: sched_switch: prev_comm=swapper/1 prev_pid=0 prev_prio=120 prev_state=R ==> next_comm=kworker/u8:1 next_pid=2300 next_prio=120
    kworker/u8:1-2300    [001] .....  9080.043245: workqueue_execute_start: work struct 000000009d5238c5: function flush_to_ldisc
            bash-1551    [002] d..2.  9080.043248: sched_switch: prev_comm=bash prev_pid=1551 prev_prio=120 prev_state=S ==> next_comm=swapper/2 next_pid=0 next_prio=120
    kworker/u8:1-2300    [001] .....  9080.043254: workqueue_execute_end: work struct 000000009d5238c5: function flush_to_ldisc
          <idle>-0       [003] d.h1.  9080.043256: irq_handler_entry: irq=2 name=IPI
    kworker/u8:1-2300    [001] d..2.  9080.043262: sched_switch: prev_comm=kworker/u8:1 prev_pid=2300 prev_prio=120 prev_state=I ==> next_comm=swapper/1 next_pid=0 next_prio=120
          <idle>-0       [003] dNh2.  9080.043265: sched_wakeup: comm=sshd pid=1537 prio=120 target_cpu=003
          <idle>-0       [003] dNh1.  9080.043267: irq_handler_exit: irq=2 ret=handled
          <idle>-0       [003] d..2.  9080.043280: sched_switch: prev_comm=swapper/3 prev_pid=0 prev_prio=120 prev_state=R ==> next_comm=sshd next_pid=1537 next_prio=120
          <idle>-0       [000] d.h1.  9080.043441: irq_handler_entry: irq=2 name=IPI
          <idle>-0       [000] dNh2.  9080.043448: sched_wakeup: comm=kworker/u9:0 pid=77 prio=100 target_cpu=000
          <idle>-0       [000] dNh1.  9080.043450: irq_handler_exit: irq=2 ret=handled
          <idle>-0       [000] d..2.  9080.043463: sched_switch: prev_comm=swapper/0 prev_pid=0 prev_prio=120 prev_state=R ==> next_comm=kworker/u9:0 next_pid=77 next_prio=100
    kworker/u9:0-77      [000] .....  9080.043470: workqueue_execute_start: work struct 00000000f35ee514: function brcmf_sdio_dataworker [brcmfmac]
            sshd-1537    [003] d..2.  9080.043489: sched_switch: prev_comm=sshd prev_pid=1537 prev_prio=120 prev_state=S ==> next_comm=swapper/3 next_pid=0 next_prio=120
    kworker/u9:0-77      [000] d.h1.  9080.043525: irq_handler_entry: irq=37 name=mmc1
    kworker/u9:0-77      [000] d.h1.  9080.043536: irq_handler_exit: irq=37 ret=handled
    kworker/u9:0-77      [000] d.h1.  9080.043537: irq_handler_entry: irq=37 name=mmc0
    kworker/u9:0-77      [000] d.h1.  9080.043539: irq_handler_exit: irq=37 ret=unhandled
    kworker/u9:0-77      [000] d..2.  9080.043549: sched_switch: prev_comm=kworker/u9:0 prev_pid=77 prev_prio=100 prev_state=D ==> next_comm=swapper/0 next_pid=0 next_prio=120
          <idle>-0       [000] d.h1.  9080.043555: irq_handler_entry: irq=37 name=mmc1
          <idle>-0       [000] d.h1.  9080.043559: irq_handler_exit: irq=37 ret=handled
          <idle>-0       [000] d.h1.  9080.043560: irq_handler_entry: irq=37 name=mmc0
          <idle>-0       [000] d.h1.  9080.043561: irq_handler_exit: irq=37 ret=unhandled
          <idle>-0       [000] dNs5.  9080.043575: sched_wakeup: comm=kworker/u9:0 pid=77 prio=100 target_cpu=000
          <idle>-0       [000] d..2.  9080.043585: sched_switch: prev_comm=swapper/0 prev_pid=0 prev_prio=120 prev_state=R ==> next_comm=kworker/u9:0 next_pid=77 next_prio=100
    kworker/u9:0-77      [000] .....  9080.043604: workqueue_execute_end: work struct 00000000f35ee514: function brcmf_sdio_dataworker [brcmfmac]
    kworker/u9:0-77      [000] d..2.  9080.043613: sched_switch: prev_comm=kworker/u9:0 prev_pid=77 prev_prio=100 prev_state=I ==> next_comm=swapper/0 next_pid=0 next_prio=120
          <idle>-0       [000] d.h1.  9080.058667: irq_handler_entry: irq=11 name=arch_timer
          <idle>-0       [000] d.h1.  9080.058676: irq_handler_exit: irq=11 ret=handled
          <idle>-0       [000] dNs5.  9080.058691: sched_wakeup: comm=brcmf_wdog/mmc1 pid=279 prio=120 target_cpu=000
          <idle>-0       [000] dNH2.  9080.058696: irq_handler_entry: irq=6 name=IPI
          <idle>-0       [000] dNH6.  9080.058702: sched_wakeup: comm=kworker/0:0 pid=2364 prio=120 target_cpu=000
          <idle>-0       [000] dNH2.  9080.058704: irq_handler_exit: irq=6 ret=handled
          <idle>-0       [000] d..2.  9080.058733: sched_switch: prev_comm=swapper/0 prev_pid=0 prev_prio=120 prev_state=R ==> next_comm=brcmf_wdog/mmc1 next_pid=279 next_prio=120
 brcmf_wdog/mmc1-279     [000] d..2.  9080.058748: sched_switch: prev_comm=brcmf_wdog/mmc1 prev_pid=279 prev_prio=120 prev_state=S ==> next_comm=kworker/0:0 next_pid=2364 next_prio=120
     kworker/0:0-2364    [000] .....  9080.058755: workqueue_execute_start: work struct 0000000035bda312: function dbs_work_handler
     kworker/0:0-2364    [000] .....  9080.058761: workqueue_execute_end: work struct 0000000035bda312: function dbs_work_handler
     kworker/0:0-2364    [000] d..2.  9080.058774: sched_switch: prev_comm=kworker/0:0 prev_pid=2364 prev_prio=120 prev_state=I ==> next_comm=swapper/0 next_pid=0 next_prio=120
          <idle>-0       [000] d.h1.  9080.074667: irq_handler_entry: irq=11 name=arch_timer
          <idle>-0       [000] d.h1.  9080.074675: irq_handler_exit: irq=11 ret=handled
          <idle>-0       [000] dNs5.  9080.074687: sched_wakeup: comm=brcmf_wdog/mmc1 pid=279 prio=120 target_cpu=000
          <idle>-0       [000] d..2.  9080.074713: sched_switch: prev_comm=swapper/0 prev_pid=0 prev_prio=120 prev_state=R ==> next_comm=brcmf_wdog/mmc1 next_pid=279 next_prio=120
 brcmf_wdog/mmc1-279     [000] d.h1.  9080.074747: irq_handler_entry: irq=37 name=mmc1
 brcmf_wdog/mmc1-279     [000] d.h1.  9080.074752: irq_handler_exit: irq=37 ret=handled
 brcmf_wdog/mmc1-279     [000] d.h1.  9080.074753: irq_handler_entry: irq=37 name=mmc0
 brcmf_wdog/mmc1-279     [000] d.h1.  9080.074754: irq_handler_exit: irq=37 ret=unhandled
 brcmf_wdog/mmc1-279     [000] d.s3.  9080.074765: sched_wakeup: comm=brcmf_wdog/mmc1 pid=279 prio=120 target_cpu=000
 brcmf_wdog/mmc1-279     [000] d..2.  9080.074791: sched_switch: prev_comm=brcmf_wdog/mmc1 prev_pid=279 prev_prio=120 prev_state=S ==> next_comm=swapper/0 next_pid=0 next_prio=120
          <idle>-0       [000] d.h1.  9080.086667: irq_handler_entry: irq=11 name=arch_timer
          <idle>-0       [000] d.h1.  9080.086675: irq_handler_exit: irq=11 ret=handled
          <idle>-0       [000] d.h1.  9080.088475: irq_handler_entry: irq=37 name=mmc1
          <idle>-0       [000] dNh6.  9080.088487: sched_wakeup: comm=kworker/0:0 pid=2364 prio=120 target_cpu=000
          <idle>-0       [000] dNh1.  9080.088489: irq_handler_exit: irq=37 ret=handled
          <idle>-0       [000] dNh1.  9080.088490: irq_handler_entry: irq=37 name=mmc0
          <idle>-0       [000] dNh1.  9080.088492: irq_handler_exit: irq=37 ret=unhandled
          <idle>-0       [000] d..2.  9080.088505: sched_switch: prev_comm=swapper/0 prev_pid=0 prev_prio=120 prev_state=R ==> next_comm=kworker/0:0 next_pid=2364 next_prio=120
     kworker/0:0-2364    [000] .....  9080.088513: workqueue_execute_start: work struct 000000003c9ea3d2: function sdio_irq_work
     kworker/0:0-2364    [000] d.h1.  9080.088537: irq_handler_entry: irq=37 name=mmc1
     kworker/0:0-2364    [000] d.h1.  9080.088541: irq_handler_exit: irq=37 ret=handled
     kworker/0:0-2364    [000] d.h1.  9080.088542: irq_handler_entry: irq=37 name=mmc0
     kworker/0:0-2364    [000] d.h1.  9080.088543: irq_handler_exit: irq=37 ret=unhandled
     kworker/0:0-2364    [000] d.s3.  9080.088553: sched_wakeup: comm=kworker/0:0 pid=2364 prio=120 target_cpu=000
     kworker/0:0-2364    [000] d.h1.  9080.088584: irq_handler_entry: irq=37 name=mmc1
     kworker/0:0-2364    [000] d.h1.  9080.088591: irq_handler_exit: irq=37 ret=handled
     kworker/0:0-2364    [000] d.h1.  9080.088592: irq_handler_entry: irq=37 name=mmc0
     kworker/0:0-2364    [000] d.h1.  9080.088593: irq_handler_exit: irq=37 ret=unhandled
     kworker/0:0-2364    [000] d.s3.  9080.088603: sched_wakeup: comm=kworker/0:0 pid=2364 prio=120 target_cpu=000
     kworker/0:0-2364    [000] d.h1.  9080.088632: irq_handler_entry: irq=37 name=mmc1
     kworker/0:0-2364    [000] d.h1.  9080.088636: irq_handler_exit: irq=37 ret=handled
     kworker/0:0-2364    [000] d.h1.  9080.088637: irq_handler_entry: irq=37 name=mmc0
     kworker/0:0-2364    [000] d.h1.  9080.088639: irq_handler_exit: irq=37 ret=unhandled
     kworker/0:0-2364    [000] d.h1.  9080.088641: irq_handler_entry: irq=37 name=mmc1
     kworker/0:0-2364    [000] d.h1.  9080.088644: irq_handler_exit: irq=37 ret=handled
     kworker/0:0-2364    [000] d.h1.  9080.088645: irq_handler_entry: irq=37 name=mmc0
     kworker/0:0-2364    [000] d.h1.  9080.088647: irq_handler_exit: irq=37 ret=unhandled
     kworker/0:0-2364    [000] d.s3.  9080.088656: sched_wakeup: comm=kworker/0:0 pid=2364 prio=120 target_cpu=000
     kworker/0:0-2364    [000] dN.4.  9080.088675: sched_wakeup: comm=kworker/u9:0 pid=77 prio=100 target_cpu=000
     kworker/0:0-2364    [000] d..2.  9080.088688: sched_switch: prev_comm=kworker/0:0 prev_pid=2364 prev_prio=120 prev_state=R+ ==> next_comm=kworker/u9:0 next_pid=77 next_prio=100
    kworker/u9:0-77      [000] .....  9080.088695: workqueue_execute_start: work struct 00000000f35ee514: function brcmf_sdio_dataworker [brcmfmac]
    kworker/u9:0-77      [000] d..2.  9080.088706: sched_switch: prev_comm=kworker/u9:0 prev_pid=77 prev_prio=100 prev_state=D ==> next_comm=kworker/0:0 next_pid=2364 next_prio=120
     kworker/0:0-2364    [000] dN.4.  9080.088717: sched_wakeup: comm=kworker/u9:0 pid=77 prio=100 target_cpu=000
     kworker/0:0-2364    [000] d..2.  9080.088723: sched_switch: prev_comm=kworker/0:0 prev_pid=2364 prev_prio=120 prev_state=R+ ==> next_comm=kworker/u9:0 next_pid=77 next_prio=100
    kworker/u9:0-77      [000] d.h1.  9080.088746: irq_handler_entry: irq=37 name=mmc1
    kworker/u9:0-77      [000] d.h1.  9080.088750: irq_handler_exit: irq=37 ret=handled
    kworker/u9:0-77      [000] d.h1.  9080.088751: irq_handler_entry: irq=37 name=mmc0
    kworker/u9:0-77      [000] d.h1.  9080.088753: irq_handler_exit: irq=37 ret=unhandled
    kworker/u9:0-77      [000] d.s3.  9080.088763: sched_wakeup: comm=kworker/u9:0 pid=77 prio=100 target_cpu=000
    kworker/u9:0-77      [000] d.h1.  9080.088785: irq_handler_entry: irq=37 name=mmc1
    kworker/u9:0-77      [000] d.h1.  9080.088788: irq_handler_exit: irq=37 ret=handled
    kworker/u9:0-77      [000] d.h1.  9080.088790: irq_handler_entry: irq=37 name=mmc0
    kworker/u9:0-77      [000] d.h1.  9080.088791: irq_handler_exit: irq=37 ret=unhandled
    kworker/u9:0-77      [000] d.s3.  9080.088801: sched_wakeup: comm=kworker/u9:0 pid=77 prio=100 target_cpu=000
    kworker/u9:0-77      [000] d.h1.  9080.088852: irq_handler_entry: irq=37 name=mmc1
    kworker/u9:0-77      [000] d.h1.  9080.088861: irq_handler_exit: irq=37 ret=handled
    kworker/u9:0-77      [000] d.h1.  9080.088864: irq_handler_entry: irq=37 name=mmc0
    kworker/u9:0-77      [000] d.h1.  9080.088866: irq_handler_exit: irq=37 ret=unhandled
    kworker/u9:0-77      [000] d.s3.  9080.088876: sched_wakeup: comm=kworker/u9:0 pid=77 prio=100 target_cpu=000
    kworker/u9:0-77      [000] d.h1.  9080.088911: irq_handler_entry: irq=37 name=mmc1
    kworker/u9:0-77      [000] d.h1.  9080.088917: irq_handler_exit: irq=37 ret=handled
    kworker/u9:0-77      [000] d.h1.  9080.088919: irq_handler_entry: irq=37 name=mmc0
    kworker/u9:0-77      [000] d.h1.  9080.088920: irq_handler_exit: irq=37 ret=unhandled
    kworker/u9:0-77      [000] d.s3.  9080.088930: sched_wakeup: comm=kworker/u9:0 pid=77 prio=100 target_cpu=000
    kworker/u9:0-77      [000] d.h1.  9080.089014: irq_handler_entry: irq=37 name=mmc1
    kworker/u9:0-77      [000] d.h1.  9080.089024: irq_handler_exit: irq=37 ret=handled
    kworker/u9:0-77      [000] d.h1.  9080.089025: irq_handler_entry: irq=37 name=mmc0
    kworker/u9:0-77      [000] d.h1.  9080.089027: irq_handler_exit: irq=37 ret=unhandled
    kworker/u9:0-77      [000] d.s3.  9080.089037: sched_wakeup: comm=kworker/u9:0 pid=77 prio=100 target_cpu=000
    kworker/u9:0-77      [000] .....  9080.089057: workqueue_execute_end: work struct 00000000f35ee514: function brcmf_sdio_dataworker [brcmfmac]
    kworker/u9:0-77      [000] d..2.  9080.089067: sched_switch: prev_comm=kworker/u9:0 prev_pid=77 prev_prio=100 prev_state=I ==> next_comm=kworker/0:0 next_pid=2364 next_prio=120
     kworker/0:0-2364    [000] .....  9080.089072: workqueue_execute_end: work struct 000000003c9ea3d2: function sdio_irq_work
     kworker/0:0-2364    [000] d..2.  9080.089086: sched_switch: prev_comm=kworker/0:0 prev_pid=2364 prev_prio=120 prev_state=I ==> next_comm=swapper/0 next_pid=0 next_prio=120
          <idle>-0       [000] d.h1.  9080.102668: irq_handler_entry: irq=11 name=arch_timer
          <idle>-0       [000] d.h1.  9080.102676: irq_handler_exit: irq=11 ret=handled
          <idle>-0       [000] dNs5.  9080.102689: sched_wakeup: comm=brcmf_wdog/mmc1 pid=279 prio=120 target_cpu=000
          <idle>-0       [000] d..2.  9080.102716: sched_switch: prev_comm=swapper/0 prev_pid=0 prev_prio=120 prev_state=R ==> next_comm=brcmf_wdog/mmc1 next_pid=279 next_prio=120
 brcmf_wdog/mmc1-279     [000] d..2.  9080.102731: sched_switch: prev_comm=brcmf_wdog/mmc1 prev_pid=279 prev_prio=120 prev_state=S ==> next_comm=swapper/0 next_pid=0 next_prio=120
          <idle>-0       [000] d.h1.  9080.118668: irq_handler_entry: irq=11 name=arch_timer
          <idle>-0       [000] d.h1.  9080.118675: irq_handler_exit: irq=11 ret=handled
          <idle>-0       [000] dNs5.  9080.118687: sched_wakeup: comm=brcmf_wdog/mmc1 pid=279 prio=120 target_cpu=000
          <idle>-0       [000] d..2.  9080.118713: sched_switch: prev_comm=swapper/0 prev_pid=0 prev_prio=120 prev_state=R ==> next_comm=brcmf_wdog/mmc1 next_pid=279 next_prio=120
 brcmf_wdog/mmc1-279     [000] d.h1.  9080.118747: irq_handler_entry: irq=37 name=mmc1
 brcmf_wdog/mmc1-279     [000] d.h1.  9080.118751: irq_handler_exit: irq=37 ret=handled
 brcmf_wdog/mmc1-279     [000] d.h1.  9080.118752: irq_handler_entry: irq=37 name=mmc0
 brcmf_wdog/mmc1-279     [000] d.h1.  9080.118753: irq_handler_exit: irq=37 ret=unhandled
 brcmf_wdog/mmc1-279     [000] d.s3.  9080.118764: sched_wakeup: comm=brcmf_wdog/mmc1 pid=279 prio=120 target_cpu=000
 brcmf_wdog/mmc1-279     [000] d..2.  9080.118789: sched_switch: prev_comm=brcmf_wdog/mmc1 prev_pid=279 prev_prio=120 prev_state=S ==> next_comm=swapper/0 next_pid=0 next_prio=120
          <idle>-0       [003] d.h1.  9080.194669: irq_handler_entry: irq=11 name=arch_timer
          <idle>-0       [003] d.h1.  9080.194678: irq_handler_exit: irq=11 ret=handled
          <idle>-0       [003] dNs4.  9080.194693: sched_wakeup: comm=kcompactd0 pid=42 prio=120 target_cpu=003
          <idle>-0       [003] dNH3.  9080.194699: irq_handler_entry: irq=6 name=IPI
          <idle>-0       [003] dNH7.  9080.194706: sched_wakeup: comm=kworker/3:1 pid=1570 prio=120 target_cpu=003
          <idle>-0       [003] dNH3.  9080.194708: irq_handler_exit: irq=6 ret=handled
          <idle>-0       [003] d..2.  9080.194742: sched_switch: prev_comm=swapper/3 prev_pid=0 prev_prio=120 prev_state=R ==> next_comm=kcompactd0 next_pid=42 next_prio=120
      kcompactd0-42      [003] d..2.  9080.194771: sched_switch: prev_comm=kcompactd0 prev_pid=42 prev_prio=120 prev_state=S ==> next_comm=kworker/3:1 next_pid=1570 next_prio=120
     kworker/3:1-1570    [003] .....  9080.194778: workqueue_execute_start: work struct 0000000035bda312: function dbs_work_handler
     kworker/3:1-1570    [003] .....  9080.194784: workqueue_execute_end: work struct 0000000035bda312: function dbs_work_handler
     kworker/3:1-1570    [003] d..2.  9080.194797: sched_switch: prev_comm=kworker/3:1 prev_pid=1570 prev_prio=120 prev_state=I ==> next_comm=swapper/3 next_pid=0 next_prio=120
          <idle>-0       [000] d.h1.  9080.282926: irq_handler_entry: irq=37 name=mmc1
          <idle>-0       [000] dNh6.  9080.282938: sched_wakeup: comm=kworker/0:0 pid=2364 prio=120 target_cpu=000
          <idle>-0       [000] dNh1.  9080.282940: irq_handler_exit: irq=37 ret=handled
          <idle>-0       [000] dNh1.  9080.282941: irq_handler_entry: irq=37 name=mmc0
          <idle>-0       [000] dNh1.  9080.282943: irq_handler_exit: irq=37 ret=unhandled
          <idle>-0       [000] d..2.  9080.282956: sched_switch: prev_comm=swapper/0 prev_pid=0 prev_prio=120 prev_state=R ==> next_comm=kworker/0:0 next_pid=2364 next_prio=120
     kworker/0:0-2364    [000] .....  9080.282964: workqueue_execute_start: work struct 000000003c9ea3d2: function sdio_irq_work
     kworker/0:0-2364    [000] d.h1.  9080.282988: irq_handler_entry: irq=37 name=mmc1
     kworker/0:0-2364    [000] d.h1.  9080.282991: irq_handler_exit: irq=37 ret=handled
     kworker/0:0-2364    [000] d.h1.  9080.282992: irq_handler_entry: irq=37 name=mmc0
     kworker/0:0-2364    [000] d.h1.  9080.282994: irq_handler_exit: irq=37 ret=unhandled
     kworker/0:0-2364    [000] d.s3.  9080.283004: sched_wakeup: comm=kworker/0:0 pid=2364 prio=120 target_cpu=000
     kworker/0:0-2364    [000] d.h1.  9080.283035: irq_handler_entry: irq=37 name=mmc1
     kworker/0:0-2364    [000] d.h1.  9080.283041: irq_handler_exit: irq=37 ret=handled
     kworker/0:0-2364    [000] d.h1.  9080.283042: irq_handler_entry: irq=37 name=mmc0
     kworker/0:0-2364    [000] d.h1.  9080.283044: irq_handler_exit: irq=37 ret=unhandled
     kworker/0:0-2364    [000] d.s3.  9080.283053: sched_wakeup: comm=kworker/0:0 pid=2364 prio=120 target_cpu=000
     kworker/0:0-2364    [000] d.h1.  9080.283082: irq_handler_entry: irq=37 name=mmc1
     kworker/0:0-2364    [000] d.h1.  9080.283086: irq_handler_exit: irq=37 ret=handled
     kworker/0:0-2364    [000] d.h1.  9080.283087: irq_handler_entry: irq=37 name=mmc0
     kworker/0:0-2364    [000] d.h1.  9080.283089: irq_handler_exit: irq=37 ret=unhandled
     kworker/0:0-2364    [000] d.h1.  9080.283091: irq_handler_entry: irq=37 name=mmc1
     kworker/0:0-2364    [000] d.h1.  9080.283094: irq_handler_exit: irq=37 ret=handled
     kworker/0:0-2364    [000] d.h1.  9080.283096: irq_handler_entry: irq=37 name=mmc0
     kworker/0:0-2364    [000] d.h1.  9080.283097: irq_handler_exit: irq=37 ret=unhandled
     kworker/0:0-2364    [000] d.s3.  9080.283106: sched_wakeup: comm=kworker/0:0 pid=2364 prio=120 target_cpu=000
     kworker/0:0-2364    [000] dN.4.  9080.283125: sched_wakeup: comm=kworker/u9:0 pid=77 prio=100 target_cpu=000
     kworker/0:0-2364    [000] d..2.  9080.283138: sched_switch: prev_comm=kworker/0:0 prev_pid=2364 prev_prio=120 prev_state=R+ ==> next_comm=kworker/u9:0 next_pid=77 next_prio=100
    kworker/u9:0-77      [000] .....  9080.283145: workqueue_execute_start: work struct 00000000f35ee514: function brcmf_sdio_dataworker [brcmfmac]
    kworker/u9:0-77      [000] d..2.  9080.283156: sched_switch: prev_comm=kworker/u9:0 prev_pid=77 prev_prio=100 prev_state=D ==> next_comm=kworker/0:0 next_pid=2364 next_prio=120
     kworker/0:0-2364    [000] dN.4.  9080.283167: sched_wakeup: comm=kworker/u9:0 pid=77 prio=100 target_cpu=000
     kworker/0:0-2364    [000] d..2.  9080.283173: sched_switch: prev_comm=kworker/0:0 prev_pid=2364 prev_prio=120 prev_state=R+ ==> next_comm=kworker/u9:0 next_pid=77 next_prio=100
    kworker/u9:0-77      [000] d.h1.  9080.283196: irq_handler_entry: irq=37 name=mmc1
    kworker/u9:0-77      [000] d.h1.  9080.283200: irq_handler_exit: irq=37 ret=handled
    kworker/u9:0-77      [000] d.h1.  9080.283201: irq_handler_entry: irq=37 name=mmc0
    kworker/u9:0-77      [000] d.h1.  9080.283203: irq_handler_exit: irq=37 ret=unhandled
    kworker/u9:0-77      [000] d.s3.  9080.283213: sched_wakeup: comm=kworker/u9:0 pid=77 prio=100 target_cpu=000
    kworker/u9:0-77      [000] d.h1.  9080.283235: irq_handler_entry: irq=37 name=mmc1
    kworker/u9:0-77      [000] d.h1.  9080.283239: irq_handler_exit: irq=37 ret=handled
    kworker/u9:0-77      [000] d.h1.  9080.283240: irq_handler_entry: irq=37 name=mmc0
    kworker/u9:0-77      [000] d.h1.  9080.283242: irq_handler_exit: irq=37 ret=unhandled
    kworker/u9:0-77      [000] d.s3.  9080.283251: sched_wakeup: comm=kworker/u9:0 pid=77 prio=100 target_cpu=000
    kworker/u9:0-77      [000] d.h1.  9080.283302: irq_handler_entry: irq=37 name=mmc1
    kworker/u9:0-77      [000] d.h1.  9080.283311: irq_handler_exit: irq=37 ret=handled
    kworker/u9:0-77      [000] d.h1.  9080.283312: irq_handler_entry: irq=37 name=mmc0
    kworker/u9:0-77      [000] d.h1.  9080.283314: irq_handler_exit: irq=37 ret=unhandled
    kworker/u9:0-77      [000] d.s3.  9080.283324: sched_wakeup: comm=kworker/u9:0 pid=77 prio=100 target_cpu=000
    kworker/u9:0-77      [000] d.h1.  9080.283358: irq_handler_entry: irq=37 name=mmc1
    kworker/u9:0-77      [000] d.h1.  9080.283368: irq_handler_exit: irq=37 ret=handled
    kworker/u9:0-77      [000] d.h1.  9080.283369: irq_handler_entry: irq=37 name=mmc0
    kworker/u9:0-77      [000] d.h1.  9080.283370: irq_handler_exit: irq=37 ret=unhandled
    kworker/u9:0-77      [000] d.s3.  9080.283380: sched_wakeup: comm=kworker/u9:0 pid=77 prio=100 target_cpu=000
          <idle>-0       [003] d.h1.  9080.283426: irq_handler_entry: irq=2 name=IPI
          <idle>-0       [003] dNh2.  9080.283433: sched_wakeup: comm=sshd pid=1537 prio=120 target_cpu=003
          <idle>-0       [003] dNh1.  9080.283434: irq_handler_exit: irq=2 ret=handled
          <idle>-0       [003] d..2.  9080.283448: sched_switch: prev_comm=swapper/3 prev_pid=0 prev_prio=120 prev_state=R ==> next_comm=sshd next_pid=1537 next_prio=120
    kworker/u9:0-77      [000] d.h1.  9080.283463: irq_handler_entry: irq=37 name=mmc1
    kworker/u9:0-77      [000] d.h1.  9080.283473: irq_handler_exit: irq=37 ret=handled
    kworker/u9:0-77      [000] d.h1.  9080.283474: irq_handler_entry: irq=37 name=mmc0
    kworker/u9:0-77      [000] d.h1.  9080.283476: irq_handler_exit: irq=37 ret=unhandled
    kworker/u9:0-77      [000] d.s3.  9080.283486: sched_wakeup: comm=kworker/u9:0 pid=77 prio=100 target_cpu=000
    kworker/u9:0-77      [000] .....  9080.283507: workqueue_execute_end: work struct 00000000f35ee514: function brcmf_sdio_dataworker [brcmfmac]
    kworker/u9:0-77      [000] d..2.  9080.283517: sched_switch: prev_comm=kworker/u9:0 prev_pid=77 prev_prio=100 prev_state=I ==> next_comm=kworker/0:0 next_pid=2364 next_prio=120
     kworker/0:0-2364    [000] .....  9080.283522: workqueue_execute_end: work struct 000000003c9ea3d2: function sdio_irq_work
     kworker/0:0-2364    [000] d..2.  9080.283537: sched_switch: prev_comm=kworker/0:0 prev_pid=2364 prev_prio=120 prev_state=I ==> next_comm=swapper/0 next_pid=0 next_prio=120
          <idle>-0       [001] d.h1.  9080.283605: irq_handler_entry: irq=2 name=IPI
          <idle>-0       [001] dNh2.  9080.283611: sched_wakeup: comm=kworker/u8:1 pid=2300 prio=120 target_cpu=001
          <idle>-0       [001] dNh1.  9080.283612: irq_handler_exit: irq=2 ret=handled
          <idle>-0       [001] d..2.  9080.283625: sched_switch: prev_comm=swapper/1 prev_pid=0 prev_prio=120 prev_state=R ==> next_comm=kworker/u8:1 next_pid=2300 next_prio=120
    kworker/u8:1-2300    [001] .....  9080.283632: workqueue_execute_start: work struct 000000008da6e690: function flush_to_ldisc
    kworker/u8:1-2300    [001] .....  9080.283641: workqueue_execute_end: work struct 000000008da6e690: function flush_to_ldisc
          <idle>-0       [002] d.h1.  9080.283643: irq_handler_entry: irq=2 name=IPI
    kworker/u8:1-2300    [001] d..2.  9080.283649: sched_switch: prev_comm=kworker/u8:1 prev_pid=2300 prev_prio=120 prev_state=I ==> next_comm=swapper/1 next_pid=0 next_prio=120
            sshd-1537    [003] d..2.  9080.283650: sched_switch: prev_comm=sshd prev_pid=1537 prev_prio=120 prev_state=S ==> next_comm=swapper/3 next_pid=0 next_prio=120
          <idle>-0       [002] dNh2.  9080.283650: sched_wakeup: comm=bash pid=1551 prio=120 target_cpu=002
          <idle>-0       [002] dNh1.  9080.283652: irq_handler_exit: irq=2 ret=handled
          <idle>-0       [002] d..2.  9080.283666: sched_switch: prev_comm=swapper/2 prev_pid=0 prev_prio=120 prev_state=R ==> next_comm=bash next_pid=1551 next_prio=120
          <idle>-0       [001] d.h1.  9080.284042: irq_handler_entry: irq=2 name=IPI
          <idle>-0       [001] dNh2.  9080.284048: sched_wakeup: comm=kworker/u8:1 pid=2300 prio=120 target_cpu=001
          <idle>-0       [001] dNh1.  9080.284049: irq_handler_exit: irq=2 ret=handled
          <idle>-0       [001] d..2.  9080.284062: sched_switch: prev_comm=swapper/1 prev_pid=0 prev_prio=120 prev_state=R ==> next_comm=kworker/u8:1 next_pid=2300 next_prio=120
    kworker/u8:1-2300    [001] .....  9080.284069: workqueue_execute_start: work struct 000000009d5238c5: function flush_to_ldisc
    kworker/u8:1-2300    [001] .....  9080.284077: workqueue_execute_end: work struct 000000009d5238c5: function flush_to_ldisc
            bash-1551    [002] d..2.  9080.284077: sched_switch: prev_comm=bash prev_pid=1551 prev_prio=120 prev_state=S ==> next_comm=swapper/2 next_pid=0 next_prio=120
          <idle>-0       [003] d.h1.  9080.284080: irq_handler_entry: irq=2 name=IPI
    kworker/u8:1-2300    [001] d..2.  9080.284086: sched_switch: prev_comm=kworker/u8:1 prev_pid=2300 prev_prio=120 prev_state=I ==> next_comm=swapper/1 next_pid=0 next_prio=120
          <idle>-0       [003] dNh2.  9080.284086: sched_wakeup: comm=sshd pid=1537 prio=120 target_cpu=003
          <idle>-0       [003] dNh1.  9080.284088: irq_handler_exit: irq=2 ret=handled
          <idle>-0       [003] d..2.  9080.284101: sched_switch: prev_comm=swapper/3 prev_pid=0 prev_prio=120 prev_state=R ==> next_comm=sshd next_pid=1537 next_prio=120
          <idle>-0       [000] d.h1.  9080.284271: irq_handler_entry: irq=2 name=IPI
          <idle>-0       [000] dNh2.  9080.284277: sched_wakeup: comm=kworker/u9:0 pid=77 prio=100 target_cpu=000
          <idle>-0       [000] dNh1.  9080.284279: irq_handler_exit: irq=2 ret=handled
          <idle>-0       [000] d..2.  9080.284292: sched_switch: prev_comm=swapper/0 prev_pid=0 prev_prio=120 prev_state=R ==> next_comm=kworker/u9:0 next_pid=77 next_prio=100
    kworker/u9:0-77      [000] .....  9080.284299: workqueue_execute_start: work struct 00000000f35ee514: function brcmf_sdio_dataworker [brcmfmac]
            sshd-1537    [003] d..2.  9080.284320: sched_switch: prev_comm=sshd prev_pid=1537 prev_prio=120 prev_state=S ==> next_comm=swapper/3 next_pid=0 next_prio=120
    kworker/u9:0-77      [000] d.h1.  9080.284355: irq_handler_entry: irq=37 name=mmc1
    kworker/u9:0-77      [000] d.h1.  9080.284367: irq_handler_exit: irq=37 ret=handled
    kworker/u9:0-77      [000] d.h1.  9080.284368: irq_handler_entry: irq=37 name=mmc0
    kworker/u9:0-77      [000] d.h1.  9080.284369: irq_handler_exit: irq=37 ret=unhandled
    kworker/u9:0-77      [000] d..2.  9080.284379: sched_switch: prev_comm=kworker/u9:0 prev_pid=77 prev_prio=100 prev_state=D ==> next_comm=swapper/0 next_pid=0 next_prio=120
          <idle>-0       [000] d.h1.  9080.284385: irq_handler_entry: irq=37 name=mmc1
          <idle>-0       [000] d.h1.  9080.284389: irq_handler_exit: irq=37 ret=handled
          <idle>-0       [000] d.h1.  9080.284390: irq_handler_entry: irq=37 name=mmc0
          <idle>-0       [000] d.h1.  9080.284392: irq_handler_exit: irq=37 ret=unhandled
          <idle>-0       [000] dNs5.  9080.284406: sched_wakeup: comm=kworker/u9:0 pid=77 prio=100 target_cpu=000
          <idle>-0       [000] d..2.  9080.284416: sched_switch: prev_comm=swapper/0 prev_pid=0 prev_prio=120 prev_state=R ==> next_comm=kworker/u9:0 next_pid=77 next_prio=100
    kworker/u9:0-77      [000] .....  9080.284435: workqueue_execute_end: work struct 00000000f35ee514: function brcmf_sdio_dataworker [brcmfmac]
    kworker/u9:0-77      [000] d..2.  9080.284444: sched_switch: prev_comm=kworker/u9:0 prev_pid=77 prev_prio=100 prev_state=I ==> next_comm=swapper/0 next_pid=0 next_prio=120
          <idle>-0       [002] d.h1.  9080.286669: irq_handler_entry: irq=11 name=arch_timer
          <idle>-0       [002] d.h1.  9080.286685: irq_handler_exit: irq=11 ret=handled
          <idle>-0       [001] d.h1.  9080.286711: irq_handler_entry: irq=2 name=IPI
          <idle>-0       [001] dNh2.  9080.286717: sched_wakeup: comm=rcu_preempt pid=15 prio=120 target_cpu=001
          <idle>-0       [001] dNh1.  9080.286719: irq_handler_exit: irq=2 ret=handled
          <idle>-0       [001] d..2.  9080.286731: sched_switch: prev_comm=swapper/1 prev_pid=0 prev_prio=120 prev_state=R ==> next_comm=rcu_preempt next_pid=15 next_prio=120
     rcu_preempt-15      [001] d..2.  9080.286761: sched_switch: prev_comm=rcu_preempt prev_pid=15 prev_prio=120 prev_state=I ==> next_comm=swapper/1 next_pid=0 next_prio=120
          <idle>-0       [002] d.h1.  9080.290668: irq_handler_entry: irq=11 name=arch_timer
          <idle>-0       [002] d.h1.  9080.290678: irq_handler_exit: irq=11 ret=handled
          <idle>-0       [002] d.h1.  9080.294667: irq_handler_entry: irq=11 name=arch_timer
          <idle>-0       [001] d.h1.  9080.294671: irq_handler_entry: irq=11 name=arch_timer
          <idle>-0       [002] d.h1.  9080.294674: irq_handler_exit: irq=11 ret=handled
          <idle>-0       [001] d.h1.  9080.294683: irq_handler_exit: irq=11 ret=handled
          <idle>-0       [001] dNs4.  9080.294698: sched_wakeup: comm=rcu_preempt pid=15 prio=120 target_cpu=001
          <idle>-0       [001] dNH3.  9080.294704: irq_handler_entry: irq=6 name=IPI
          <idle>-0       [001] dNH7.  9080.294711: sched_wakeup: comm=kworker/1:1 pid=2375 prio=120 target_cpu=001
          <idle>-0       [001] dNH3.  9080.294713: irq_handler_exit: irq=6 ret=handled
          <idle>-0       [001] d..2.  9080.294744: sched_switch: prev_comm=swapper/1 prev_pid=0 prev_prio=120 prev_state=R ==> next_comm=rcu_preempt next_pid=15 next_prio=120
     rcu_preempt-15      [001] d..2.  9080.294778: sched_switch: prev_comm=rcu_preempt prev_pid=15 prev_prio=120 prev_state=I ==> next_comm=kworker/1:1 next_pid=2375 next_prio=120
     kworker/1:1-2375    [001] .....  9080.294785: workqueue_execute_start: work struct 0000000035bda312: function dbs_work_handler
     kworker/1:1-2375    [001] .....  9080.294791: workqueue_execute_end: work struct 0000000035bda312: function dbs_work_handler
     kworker/1:1-2375    [001] d..2.  9080.294803: sched_switch: prev_comm=kworker/1:1 prev_pid=2375 prev_prio=120 prev_state=I ==> next_comm=swapper/1 next_pid=0 next_prio=120
          <idle>-0       [002] d.h1.  9080.298668: irq_handler_entry: irq=11 name=arch_timer
          <idle>-0       [000] d.h1.  9080.298671: irq_handler_entry: irq=11 name=arch_timer
